Component: ARM Compiler 5.06 update 2 (build 183) Tool: armlink [4d35b7]

==============================================================================

Section Cross References

    startup_stm32f10x_md.o(STACK) refers (Special) to heapauxi.o(.text) for __use_two_region_memory
    startup_stm32f10x_md.o(HEAP) refers (Special) to heapauxi.o(.text) for __use_two_region_memory
    startup_stm32f10x_md.o(RESET) refers (Special) to heapauxi.o(.text) for __use_two_region_memory
    startup_stm32f10x_md.o(RESET) refers to startup_stm32f10x_md.o(STACK) for __initial_sp
    startup_stm32f10x_md.o(RESET) refers to startup_stm32f10x_md.o(.text) for Reset_Handler
    startup_stm32f10x_md.o(RESET) refers to stm32f10x_it.o(i.NMI_Handler) for NMI_Handler
    startup_stm32f10x_md.o(RESET) refers to stm32f10x_it.o(i.HardFault_Handler) for HardFault_Handler
    startup_stm32f10x_md.o(RESET) refers to stm32f10x_it.o(i.MemManage_Handler) for MemManage_Handler
    startup_stm32f10x_md.o(RESET) refers to stm32f10x_it.o(i.BusFault_Handler) for BusFault_Handler
    startup_stm32f10x_md.o(RESET) refers to stm32f10x_it.o(i.UsageFault_Handler) for UsageFault_Handler
    startup_stm32f10x_md.o(RESET) refers to stm32f10x_it.o(i.SVC_Handler) for SVC_Handler
    startup_stm32f10x_md.o(RESET) refers to stm32f10x_it.o(i.DebugMon_Handler) for DebugMon_Handler
    startup_stm32f10x_md.o(RESET) refers to stm32f10x_it.o(i.PendSV_Handler) for PendSV_Handler
    startup_stm32f10x_md.o(RESET) refers to stm32f10x_it.o(i.SysTick_Handler) for SysTick_Handler
    startup_stm32f10x_md.o(RESET) refers to rtc.o(i.RTC_IRQHandler) for RTC_IRQHandler
    startup_stm32f10x_md.o(RESET) refers to eint.o(i.EXTI9_5_IRQHandler) for EXTI9_5_IRQHandler
    startup_stm32f10x_md.o(RESET) refers to usart1.o(i.USART1_IRQHandler) for USART1_IRQHandler
    startup_stm32f10x_md.o(.text) refers (Special) to heapauxi.o(.text) for __use_two_region_memory
    startup_stm32f10x_md.o(.text) refers to system_stm32f10x.o(i.SystemInit) for SystemInit
    startup_stm32f10x_md.o(.text) refers to __main.o(!!!main) for __main
    startup_stm32f10x_md.o(.text) refers to startup_stm32f10x_md.o(HEAP) for Heap_Mem
    startup_stm32f10x_md.o(.text) refers to startup_stm32f10x_md.o(STACK) for Stack_Mem
    stm32f10x_gpio.o(i.GPIO_AFIODeInit) refers to stm32f10x_rcc.o(i.RCC_APB2PeriphResetCmd) for RCC_APB2PeriphResetCmd
    stm32f10x_gpio.o(i.GPIO_DeInit) refers to stm32f10x_rcc.o(i.RCC_APB2PeriphResetCmd) for RCC_APB2PeriphResetCmd
    stm32f10x_rcc.o(i.RCC_GetClocksFreq) refers to stm32f10x_rcc.o(.data) for APBAHBPrescTable
    stm32f10x_rcc.o(i.RCC_WaitForHSEStartUp) refers to stm32f10x_rcc.o(i.RCC_GetFlagStatus) for RCC_GetFlagStatus
    stm32f10x_usart.o(i.USART_DeInit) refers to stm32f10x_rcc.o(i.RCC_APB2PeriphResetCmd) for RCC_APB2PeriphResetCmd
    stm32f10x_usart.o(i.USART_DeInit) refers to stm32f10x_rcc.o(i.RCC_APB1PeriphResetCmd) for RCC_APB1PeriphResetCmd
    stm32f10x_usart.o(i.USART_Init) refers to stm32f10x_rcc.o(i.RCC_GetClocksFreq) for RCC_GetClocksFreq
    stm32f10x_adc.o(i.ADC_DeInit) refers to stm32f10x_rcc.o(i.RCC_APB2PeriphResetCmd) for RCC_APB2PeriphResetCmd
    stm32f10x_rtc.o(i.RTC_SetAlarm) refers to stm32f10x_rtc.o(i.RTC_EnterConfigMode) for RTC_EnterConfigMode
    stm32f10x_rtc.o(i.RTC_SetAlarm) refers to stm32f10x_rtc.o(i.RTC_ExitConfigMode) for RTC_ExitConfigMode
    stm32f10x_rtc.o(i.RTC_SetCounter) refers to stm32f10x_rtc.o(i.RTC_EnterConfigMode) for RTC_EnterConfigMode
    stm32f10x_rtc.o(i.RTC_SetCounter) refers to stm32f10x_rtc.o(i.RTC_ExitConfigMode) for RTC_ExitConfigMode
    stm32f10x_rtc.o(i.RTC_SetPrescaler) refers to stm32f10x_rtc.o(i.RTC_EnterConfigMode) for RTC_EnterConfigMode
    stm32f10x_rtc.o(i.RTC_SetPrescaler) refers to stm32f10x_rtc.o(i.RTC_ExitConfigMode) for RTC_ExitConfigMode
    stm32f10x_pwr.o(i.PWR_DeInit) refers to stm32f10x_rcc.o(i.RCC_APB1PeriphResetCmd) for RCC_APB1PeriphResetCmd
    stm32f10x_bkp.o(i.BKP_DeInit) refers to stm32f10x_rcc.o(i.RCC_BackupResetCmd) for RCC_BackupResetCmd
    buzzer.o(i.buzzer_init) refers to stm32f10x_rcc.o(i.RCC_APB2PeriphClockCmd) for RCC_APB2PeriphClockCmd
    buzzer.o(i.buzzer_init) refers to stm32f10x_gpio.o(i.GPIO_Init) for GPIO_Init
    led.o(i.led_init) refers to stm32f10x_rcc.o(i.RCC_APB2PeriphClockCmd) for RCC_APB2PeriphClockCmd
    led.o(i.led_init) refers to stm32f10x_gpio.o(i.GPIO_Init) for GPIO_Init
    button.o(i.button_init) refers to stm32f10x_rcc.o(i.RCC_APB2PeriphClockCmd) for RCC_APB2PeriphClockCmd
    button.o(i.button_init) refers to stm32f10x_gpio.o(i.GPIO_Init) for GPIO_Init
    delay.o(i.delay_init) refers to misc.o(i.SysTick_CLKSourceConfig) for SysTick_CLKSourceConfig
    delay.o(i.delay_init) refers to delay.o(.data) for fac_us
    delay.o(i.delay_ms) refers to delay.o(i.delay_xms) for delay_xms
    delay.o(i.delay_us) refers to delay.o(.data) for fac_us
    delay.o(i.delay_xms) refers to delay.o(.data) for fac_ms
[...]
    !!handler_zi                             0x08000144   Section       28  __scatter_zi.o(!!handler_zi)
    .ARM.Collect$$_printf_percent$$00000000  0x08000160   Section        0  _printf_percent.o(.ARM.Collect$$_printf_percent$$00000000)
    .ARM.Collect$$_printf_percent$$00000003  0x08000160   Section        6  _printf_f.o(.ARM.Collect$$_printf_percent$$00000003)
    .ARM.Collect$$_printf_percent$$00000009  0x08000166   Section        6  _printf_d.o(.ARM.Collect$$_printf_percent$$00000009)
    .ARM.Collect$$_printf_percent$$00000017  0x0800016c   Section        4  _printf_percent_end.o(.ARM.Collect$$_printf_percent$$00000017)
    .ARM.Collect$$libinit$$00000000          0x08000170   Section        2  libinit.o(.ARM.Collect$$libinit$$00000000)
    .ARM.Collect$$libinit$$00000002          0x08000172   Section        0  libinit2.o(.ARM.Collect$$libinit$$00000002)
    .ARM.Collect$$libinit$$00000004          0x08000172   Section        0  libinit2.o(.ARM.Collect$$libinit$$00000004)
    .ARM.Collect$$libinit$$0000000A          0x08000172   Section        0  libinit2.o(.ARM.Collect$$libinit$$0000000A)
    .ARM.Collect$$libinit$$0000000C          0x08000172   Section        0  libinit2.o(.ARM.Collect$$libinit$$0000000C)
    .ARM.Collect$$libinit$$0000000E          0x08000172   Section        0  libinit2.o(.ARM.Collect$$libinit$$0000000E)
    .ARM.Collect$$libinit$$0000000F          0x08000172   Section        6  libinit2.o(.ARM.Collect$$libinit$$0000000F)
    .ARM.Collect$$libinit$$00000011          0x08000178   Section        0  libinit2.o(.ARM.Collect$$libinit$$00000011)
    .ARM.Collect$$libinit$$00000013          0x08000178   Section        0  libinit2.o(.ARM.Collect$$libinit$$00000013)
    .ARM.Collect$$libinit$$00000015          0x08000178   Section        0  libinit2.o(.ARM.Collect$$libinit$$00000015)
    .ARM.Collect$$libinit$$00000016          0x08000178   Section       10  libinit2.o(.ARM.Collect$$libinit$$00000016)
    .ARM.Collect$$libinit$$00000017          0x08000182   Section        0  libinit2.o(.ARM.Collect$$libinit$$00000017)
    .ARM.Collect$$libinit$$00000019          0x08000182   Section        0  libinit2.o(.ARM.Collect$$libinit$$00000019)
    .ARM.Collect$$libinit$$0000001B          0x08000182   Section        0  libinit2.o(.ARM.Collect$$libinit$$0000001B)
    .ARM.Collect$$libinit$$0000001D          0x08000182   Section        0  libinit2.o(.ARM.Collect$$libinit$$0000001D)
    .ARM.Collect$$libinit$$0000001F          0x08000182   Section        0  libinit2.o(.ARM.Collect$$libinit$$0000001F)
    .ARM.Collect$$libinit$$00000021          0x08000182   Section        0  libinit2.o(.ARM.Collect$$libinit$$00000021)
    .ARM.Collect$$libinit$$00000023          0x08000182   Section        0  libinit2.o(.ARM.Collect$$libinit$$00000023)
    .ARM.Collect$$libinit$$00000025          0x08000182   Section        0  libinit2.o(.ARM.Collect$$libinit$$00000025)
    .ARM.Collect$$libinit$$0000002C          0x08000182   Section        0  libinit2.o(.ARM.Collect$$libinit$$0000002C)
    .ARM.Collect$$libinit$$0000002E          0x08000182   Section        0  libinit2.o(.ARM.Collect$$libinit$$0000002E)
    .ARM.Collect$$libinit$$00000030          0x08000182   Section        0  libinit2.o(.ARM.Collect$$libinit$$00000030)
    .ARM.Collect$$libinit$$00000032          0x08000182   Section        0  libinit2.o(.ARM.Collect$$libinit$$00000032)
    .ARM.Collect$$libinit$$00000033          0x08000182   Section        2  libinit2.o(.ARM.Collect$$libinit$$00000033)
    .ARM.Collect$$libshutdown$$00000000      0x08000184   Section        2  libshutdown.o(.ARM.Collect$$libshutdown$$00000000)
    .ARM.Collect$$libshutdown$$00000002      0x08000186   Section        0  libshutdown2.o(.ARM.Collect$$libshutdown$$00000002)
    .ARM.Collect$$libshutdown$$00000004      0x08000186   Section        0  libshutdown2.o(.ARM.Collect$$libshutdown$$00000004)
    .ARM.Collect$$libshutdown$$00000007      0x08000186   Section        0  libshutdown2.o(.ARM.Collect$$libshutdown$$00000007)
    .ARM.Collect$$libshutdown$$0000000A      0x08000186   Section        0  libshutdown2.o(.ARM.Collect$$libshutdown$$0000000A)
    .ARM.Collect$$libshutdown$$0000000C      0x08000186   Section        0  libshutdown2.o(.ARM.Collect$$libshutdown$$0000000C)
    .ARM.Collect$$libshutdown$$0000000F      0x08000186   Section        0  libshutdown2.o(.ARM.Collect$$libshutdown$$0000000F)
    .ARM.Collect$$libshutdown$$00000010      0x08000186   Section        2  libshutdown2.o(.ARM.Collect$$libshutdown$$00000010)
    .ARM.Collect$$rtentry$$00000000          0x08000188   Section        0  __rtentry.o(.ARM.Collect$$rtentry$$00000000)
    .ARM.Collect$$rtentry$$00000002          0x08000188   Section        0  __rtentry2.o(.ARM.Collect$$rtentry$$00000002)
    .ARM.Collect$$rtentry$$00000004          0x08000188   Section        6  __rtentry4.o(.ARM.Collect$$rtentry$$00000004)
    .ARM.Collect$$rtentry$$00000009          0x0800018e   Section        0  __rtentry2.o(.ARM.Collect$$rtentry$$00000009)
    .ARM.Collect$$rtentry$$0000000A          0x0800018e   Section        4  __rtentry2.o(.ARM.Collect$$rtentry$$0000000A)
    .ARM.Collect$$rtentry$$0000000C          0x08000192   Section        0  __rtentry2.o(.ARM.Collect$$rtentry$$0000000C)
    .ARM.Collect$$rtentry$$0000000D          0x08000192   Section        8  __rtentry2.o(.ARM.Collect$$rtentry$$0000000D)
    .ARM.Collect$$rtexit$$00000000           0x0800019a   Section        2  rtexit.o(.ARM.Collect$$rtexit$$00000000)
    .ARM.Collect$$rtexit$$00000002           0x0800019c   Section        0  rtexit2.o(.ARM.Collect$$rtexit$$00000002)
    .ARM.Collect$$rtexit$$00000003           0x0800019c   Section        4  rtexit2.o(.ARM.Collect$$rtexit$$00000003)
    .ARM.Collect$$rtexit$$00000004           0x080001a0   Section        6  rtexit2.o(.ARM.Collect$$rtexit$$00000004)
    .text                                    0x080001a8   Section       64  startup_stm32f10x_md.o(.text)
    .text                                    0x080001e8   Section        0  noretval__2sprintf.o(.text)
    .text                                    0x08000210   Section        0  _printf_dec.o(.text)
    .text                                    0x08000288   Section        0  __printf_wp.o(.text)
    .text                                    0x08000396   Section      100  rt_memcpy_w.o(.text)
    .text                                    0x080003fa   Section        0  heapauxi.o(.text)
    .text                                    0x08000400   Section        0  _printf_intcommon.o(.text)
    .text                                    0x080004b2   Section        0  _printf_fp_dec.o(.text)
    _fp_digits                               0x080004b5   Thumb Code   428  _printf_fp_dec.o(.text)
    .text                                    0x080008cc   Section        0  _printf_char_common.o(.text)
    _printf_input_char                       0x080008cd   Thumb Code    10  _printf_char_common.o(.text)
    .text                                    0x080008fc   Section        0  _sputc.o(.text)
    .text                                    0x08000908   Section        8  rt_locale_intlibspace.o(.text)
    .text                                    0x08000910   Section      138  lludiv10.o(.text)
    .text                                    0x0800099c   Section        0  _printf_fp_infnan.o(.text)
    .text                                    0x08000a1c   Section        0  bigflt0.o(.text)
    .text                                    0x08000af8   Section        8  libspace.o(.text)
    .text                                    0x08000b00   Section       74  sys_stackheap_outer.o(.text)
    .text                                    0x08000b4a   Section        0  exit.o(.text)
    .text                                    0x08000b5c   Section      128  strcmpv7m.o(.text)
    .text                                    0x08000bdc   Section        0  sys_exit.o(.text)
    .text                                    0x08000be8   Section        2  use_no_semi.o(.text)
    .text                                    0x08000bea   Section        0  indicate_semi.o(.text)
    CL$$btod_d2e                             0x08000bea   Section       62  btod.o(CL$$btod_d2e)
    CL$$btod_d2e_denorm_low                  0x08000c28   Section       70  btod.o(CL$$btod_d2e_denorm_low)
    CL$$btod_d2e_norm_op1                    0x08000c6e   Section       96  btod.o(CL$$btod_d2e_norm_op1)
    CL$$btod_div_common                      0x08000cce   Section      824  btod.o(CL$$btod_div_common)
    CL$$btod_e2e                             0x08001006   Section      198  btod.o(CL$$btod_e2e)
    CL$$btod_ediv                            0x080010cc   Section       40  btod.o(CL$$btod_ediv)
    CL$$btod_emul                            0x080010f4   Section       40  btod.o(CL$$btod_emul)
    CL$$btod_mult_common                     0x0800111c   Section      580  btod.o(CL$$btod_mult_common)
    i.ADC_Cmd                                0x08001360   Section        0  stm32f10x_adc.o(i.ADC_Cmd)
    i.ADC_GetConversionValue                 0x08001376   Section        0  stm32f10x_adc.o(i.ADC_GetConversionValue)
    i.ADC_GetFlagStatus                      0x0800137e   Section        0  stm32f10x_adc.o(i.ADC_GetFlagStatus)
    i.ADC_Init                               0x08001390   Section        0  stm32f10x_adc.o(i.ADC_Init)
    i.ADC_RegularChannelConfig               0x080013e0   Section        0  stm32f10x_adc.o(i.ADC_RegularChannelConfig)
    i.ADC_SoftwareStartConvCmd               0x08001498   Section        0  stm32f10x_adc.o(i.ADC_SoftwareStartConvCmd)
    i.BKP_DeInit                             0x080014ae   Section        0  stm32f10x_bkp.o(i.BKP_DeInit)
    i.BKP_ReadBackupRegister                 0x080014c0   Section        0  stm32f10x_bkp.o(i.BKP_ReadBackupRegister)
    i.BKP_WriteBackupRegister                0x080014dc   Section        0  stm32f10x_bkp.o(i.BKP_WriteBackupRegister)
    i.BusFault_Handler                       0x080014f8   Section        0  stm32f10x_it.o(i.BusFault_Handler)
    i.DebugMon_Handler                       0x080014fc   Section        0  stm32f10x_it.o(i.DebugMon_Handler)
    i.Delay                                  0x080014fe   Section        0  nrf24l01.o(i.Delay)
    i.EXTI9_5_IRQHandler                     0x08001510   Section        0  eint.o(i.EXTI9_5_IRQHandler)
    i.EXTI_ClearITPendingBit                 0x08001550   Section        0  stm32f10x_exti.o(i.EXTI_ClearITPendingBit)
    i.EXTI_GetITStatus                       0x0800155c   Section        0  stm32f10x_exti.o(i.EXTI_GetITStatus)
    i.EXTI_Init                              0x08001584   Section        0  stm32f10x_exti.o(i.EXTI_Init)
    i.GPIO_EXTILineConfig                    0x08001618   Section        0  stm32f10x_gpio.o(i.GPIO_EXTILineConfig)
    i.GPIO_Init                              0x08001658   Section        0  stm32f10x_gpio.o(i.GPIO_Init)
    i.GPIO_PinRemapConfig                    0x08001770   Section        0  stm32f10x_gpio.o(i.GPIO_PinRemapConfig)
    i.GPIO_ReadInputDataBit                  0x08001800   Section        0  stm32f10x_gpio.o(i.GPIO_ReadInputDataBit)
    i.GPIO_ResetBits                         0x08001812   Section        0  stm32f10x_gpio.o(i.GPIO_ResetBits)
    i.GPIO_SetBits                           0x08001816   Section        0  stm32f10x_gpio.o(i.GPIO_SetBits)
    i.HardFault_Handler                      0x0800181a   Section        0  stm32f10x_it.o(i.HardFault_Handler)
    i.IIC_Ack                                0x08001820   Section        0  gpio_iic.o(i.IIC_Ack)
    i.IIC_Init                               0x08001858   Section        0  gpio_iic.o(i.IIC_Init)
    i.IIC_NAck                               0x080018c4   Section        0  gpio_iic.o(i.IIC_NAck)
    i.IIC_Recv_Byte                          0x080018fc   Section        0  gpio_iic.o(i.IIC_Recv_Byte)
    i.IIC_Sda_In                             0x0800195c   Section        0  gpio_iic.o(i.IIC_Sda_In)
    i.IIC_Sda_Out                            0x08001970   Section        0  gpio_iic.o(i.IIC_Sda_Out)
    i.IIC_Send_Byte                          0x08001984   Section        0  gpio_iic.o(i.IIC_Send_Byte)
    i.IIC_Start                              0x080019d4   Section        0  gpio_iic.o(i.IIC_Start)
    i.IIC_Stop                               0x08001a0c   Section        0  gpio_iic.o(i.IIC_Stop)
    i.IIC_Wait_Ack                           0x08001a48   Section        0  gpio_iic.o(i.IIC_Wait_Ack)
    i.MemManage_Handler                      0x08001a94   Section        0  stm32f10x_it.o(i.MemManage_Handler)
    i.NMI_Handler                            0x08001a98   Section        0  stm32f10x_it.o(i.NMI_Handler)
    i.NRF_Check                              0x08001a9c   Section        0  nrf24l01.o(i.NRF_Check)
    i.NRF_TX_Mode                            0x08001ae8   Section        0  nrf24l01.o(i.NRF_TX_Mode)
    i.NRF_Tx_Dat                             0x08001b58   Section        0  nrf24l01.o(i.NRF_Tx_Dat)
    i.NVIC_Configuration                     0x08001bc0   Section        0  rtc.o(i.NVIC_Configuration)
    i.NVIC_Init                              0x08001be8   Section        0  misc.o(i.NVIC_Init)
    i.NVIC_PriorityGroupConfig               0x08001c58   Section        0  misc.o(i.NVIC_PriorityGroupConfig)
    i.OLED_Clear                             0x08001c6c   Section        0  oled.o(i.OLED_Clear)
    i.OLED_Init                              0x08001cac   Section        0  oled.o(i.OLED_Init)
    i.OLED_Set_Pos                           0x08001d94   Section        0  oled.o(i.OLED_Set_Pos)
    i.OLED_ShowChar                          0x08001dc0   Section        0  oled.o(i.OLED_ShowChar)
    i.OLED_ShowNum                           0x08001e64   Section        0  oled.o(i.OLED_ShowNum)
    i.OLED_ShowString                        0x08001eec   Section        0  oled.o(i.OLED_ShowString)
    i.OLED_WR_Byte                           0x08001f26   Section        0  oled.o(i.OLED_WR_Byte)
    i.PWR_BackupAccessCmd                    0x08001f40   Section        0  stm32f10x_pwr.o(i.PWR_BackupAccessCmd)
    i.PendSV_Handler                         0x08001f4c   Section        0  stm32f10x_it.o(i.PendSV_Handler)
    i.RCC_APB1PeriphClockCmd                 0x08001f50   Section        0  stm32f10x_rcc.o(i.RCC_APB1PeriphClockCmd)
    i.RCC_APB2PeriphClockCmd                 0x08001f70   Section        0  stm32f10x_rcc.o(i.RCC_APB2PeriphClockCmd)
    i.RCC_BackupResetCmd                     0x08001f90   Section        0  stm32f10x_rcc.o(i.RCC_BackupResetCmd)
    i.RCC_GetClocksFreq                      0x08001f9c   Section        0  stm32f10x_rcc.o(i.RCC_GetClocksFreq)
    i.RCC_GetFlagStatus                      0x08002070   Section        0  stm32f10x_rcc.o(i.RCC_GetFlagStatus)
    i.RCC_LSEConfig                          0x080020ac   Section        0  stm32f10x_rcc.o(i.RCC_LSEConfig)
    i.RCC_RTCCLKCmd                          0x080020e0   Section        0  stm32f10x_rcc.o(i.RCC_RTCCLKCmd)
    i.RCC_RTCCLKConfig                       0x080020ec   Section        0  stm32f10x_rcc.o(i.RCC_RTCCLKConfig)
    i.RTC_ClearITPendingBit                  0x080020fc   Section        0  stm32f10x_rtc.o(i.RTC_ClearITPendingBit)
    i.RTC_Configuration                      0x0800210c   Section        0  rtc.o(i.RTC_Configuration)
    i.RTC_EnterConfigMode                    0x0800216c   Section        0  stm32f10x_rtc.o(i.RTC_EnterConfigMode)
    i.RTC_ExitConfigMode                     0x08002180   Section        0  stm32f10x_rtc.o(i.RTC_ExitConfigMode)
    i.RTC_GetCounter                         0x08002194   Section        0  stm32f10x_rtc.o(i.RTC_GetCounter)
    i.RTC_GetITStatus                        0x080021a8   Section        0  stm32f10x_rtc.o(i.RTC_GetITStatus)
    i.RTC_IRQHandler                         0x080021cc   Section        0  rtc.o(i.RTC_IRQHandler)
    i.RTC_ITConfig                           0x080021ec   Section        0  stm32f10x_rtc.o(i.RTC_ITConfig)
    i.RTC_SetCounter                         0x0800220c   Section        0  stm32f10x_rtc.o(i.RTC_SetCounter)
    i.RTC_SetPrescaler                       0x08002228   Section        0  stm32f10x_rtc.o(i.RTC_SetPrescaler)
    i.RTC_WaitForLastTask                    0x08002248   Section        0  stm32f10x_rtc.o(i.RTC_WaitForLastTask)
    i.RTC_WaitForSynchro                     0x0800225c   Section        0  stm32f10x_rtc.o(i.RTC_WaitForSynchro)
    i.SPI2_For_Nrf24l01                      0x08002280   Section        0  nrf24l01.o(i.SPI2_For_Nrf24l01)
    i.SPI_NRF_Init                           0x08002334   Section        0  nrf24l01.o(i.SPI_NRF_Init)
    i.SPI_NRF_RW                             0x08002348   Section        0  nrf24l01.o(i.SPI_NRF_RW)
    i.SPI_NRF_ReadBuf                        0x080023a0   Section        0  nrf24l01.o(i.SPI_NRF_ReadBuf)
    i.SPI_NRF_ReadReg                        0x080023e8   Section        0  nrf24l01.o(i.SPI_NRF_ReadReg)
    i.SPI_NRF_WriteBuf                       0x0800241c   Section        0  nrf24l01.o(i.SPI_NRF_WriteBuf)
    i.SPI_NRF_WriteReg                       0x08002464   Section        0  nrf24l01.o(i.SPI_NRF_WriteReg)
    i.SVC_Handler                            0x08002498   Section        0  stm32f10x_it.o(i.SVC_Handler)
    i.SetSysClock                            0x0800249a   Section        0  system_stm32f10x.o(i.SetSysClock)
    SetSysClock                              0x0800249b   Thumb Code     8  system_stm32f10x.o(i.SetSysClock)
    i.SetSysClockTo72                        0x080024a4   Section        0  system_stm32f10x.o(i.SetSysClockTo72)
    SetSysClockTo72                          0x080024a5   Thumb Code   214  system_stm32f10x.o(i.SetSysClockTo72)
    i.SysTick_CLKSourceConfig                0x08002584   Section        0  misc.o(i.SysTick_CLKSourceConfig)
    i.SysTick_Handler                        0x080025ac   Section        0  stm32f10x_it.o(i.SysTick_Handler)
    i.SystemInit                             0x080025b0   Section        0  system_stm32f10x.o(i.SystemInit)
    i.USART1_IRQHandler                      0x08002610   Section        0  usart1.o(i.USART1_IRQHandler)
    i.USART_ClearITPendingBit                0x08002644   Section        0  stm32f10x_usart.o(i.USART_ClearITPendingBit)
    i.USART_Cmd                              0x08002662   Section        0  stm32f10x_usart.o(i.USART_Cmd)
    i.USART_GetITStatus                      0x0800267a   Section        0  stm32f10x_usart.o(i.USART_GetITStatus)
    i.USART_ITConfig                         0x080026ce   Section        0  stm32f10x_usart.o(i.USART_ITConfig)
    i.USART_Init                             0x08002718   Section        0  stm32f10x_usart.o(i.USART_Init)
    i.USART_ReceiveData                      0x080027f0   Section        0  stm32f10x_usart.o(i.USART_ReceiveData)
    i.UsageFault_Handler                     0x080027fa   Section        0  stm32f10x_it.o(i.UsageFault_Handler)
    i.Write_IIC_Command                      0x080027fe   Section        0  oled.o(i.Write_IIC_Command)
    i.Write_IIC_Data                         0x0800282a   Section        0  oled.o(i.Write_IIC_Data)
    i.__ARM_fpclassify                       0x08002856   Section        0  fpclassify.o(i.__ARM_fpclassify)
    i._is_digit                              0x0800287e   Section        0  __printf_wp.o(i._is_digit)
    i.adc_init                               0x0800288c   Section        0  adj_res.o(i.adc_init)
    i.adc_start                              0x080028fc   Section        0  adj_res.o(i.adc_start)
    i.adc_wait                               0x0800290c   Section        0  adj_res.o(i.adc_wait)
    i.adj_res_init                           0x08002924   Section        0  adj_res.o(i.adj_res_init)
    i.button_init                            0x0800292c   Section        0  button.o(i.button_init)
    i.buzzer_init                            0x08002958   Section        0  buzzer.o(i.buzzer_init)
    i.conv_time                              0x0800298c   Section        0  rtc.o(i.conv_time)
    i.delay_init                             0x08002a74   Section        0  delay.o(i.delay_init)
    i.delay_ms                               0x08002aa8   Section        0  delay.o(i.delay_ms)
    i.delay_us                               0x08002ae0   Section        0  delay.o(i.delay_us)
    i.delay_xms                              0x08002b2c   Section        0  delay.o(i.delay_xms)
    i.dht_init                               0x08002b78   Section        0  dht.o(i.dht_init)
    i.dht_input_state                        0x08002b84   Section        0  dht.o(i.dht_input_state)
    i.dht_output_state                       0x08002b94   Section        0  dht.o(i.dht_output_state)
    i.eeprom_init                            0x08002bb4   Section        0  eeprom.o(i.eeprom_init)
    i.eint_init                              0x08002bbc   Section        0  eint.o(i.eint_init)
    i.get_adc_value                          0x08002c3c   Section        0  adj_res.o(i.get_adc_value)
    i.get_adj_res_value                      0x08002c4c   Section        0  adj_res.o(i.get_adj_res_value)
    i.get_dht_value                          0x08002c5c   Section        0  dht.o(i.get_dht_value)
    i.isLeapYear                             0x08002d10   Section        0  rtc.o(i.isLeapYear)
    isLeapYear                               0x08002d11   Thumb Code    52  rtc.o(i.isLeapYear)
    i.ldt_init                               0x08002d44   Section        0  ldt.o(i.ldt_init)
    i.led_init                               0x08002dd4   Section        0  led.o(i.led_init)
    i.led_off                                0x08002e18   Section        0  led.o(i.led_off)
    i.led_on                                 0x08002e48   Section        0  led.o(i.led_on)
    i.main                                   0x08002e78   Section        0  main.o(i.main)
    i.oled_pow                               0x080030a8   Section        0  oled.o(i.oled_pow)
    i.rtc_init                               0x080030be   Section        0  rtc.o(i.rtc_init)
    i.set_dht_gpio_input                     0x08003110   Section        0  dht.o(i.set_dht_gpio_input)
    i.set_dht_gpio_output                    0x0800312c   Section        0  dht.o(i.set_dht_gpio_output)
    i.set_time                               0x08003150   Section        0  rtc.o(i.set_time)
    i.sht_init                               0x08003218   Section        0  sht.o(i.sht_init)
    i.sht_read_data                          0x08003264   Section        0  sht.o(i.sht_read_data)
    i.sht_write_mode                         0x08003354   Section        0  sht.o(i.sht_write_mode)
    i.sht_write_read_cmd                     0x08003396   Section        0  sht.o(i.sht_write_read_cmd)
    i.usart_1_init                           0x080033cc   Section        0  usart1.o(i.usart_1_init)
    locale$$code                             0x08003478   Section       44  lc_numeric_c.o(locale$$code)
    x$fpl$d2f                                0x080034a4   Section       98  d2f.o(x$fpl$d2f)
    x$fpl$dadd                               0x08003508   Section      336  daddsub_clz.o(x$fpl$dadd)
    _dadd1                                   0x08003519   Thumb Code     0  daddsub_clz.o(x$fpl$dadd)
    x$fpl$ddiv                               0x08003658   Section      688  ddiv.o(x$fpl$ddiv)
    ddiv_entry                               0x0800365f   Thumb Code     0  ddiv.o(x$fpl$ddiv)
    x$fpl$dfltu                              0x08003908   Section       38  dflt_clz.o(x$fpl$dfltu)
    x$fpl$dmul                               0x08003930   Section      340  dmul.o(x$fpl$dmul)
    x$fpl$dnaninf                            0x08003a84   Section      156  dnaninf.o(x$fpl$dnaninf)
    x$fpl$dretinf                            0x08003b20   Section       12  dretinf.o(x$fpl$dretinf)
    x$fpl$dsub                               0x08003b2c   Section      468  daddsub_clz.o(x$fpl$dsub)
    _dsub1                                   0x08003b3d   Thumb Code     0  daddsub_clz.o(x$fpl$dsub)
    x$fpl$f2d                                0x08003d00   Section       86  f2d.o(x$fpl$f2d)
    x$fpl$fnaninf                            0x08003d56   Section      140  fnaninf.o(x$fpl$fnaninf)
    x$fpl$fretinf                            0x08003de2   Section       10  fretinf.o(x$fpl$fretinf)
    x$fpl$printf1                            0x08003dec   Section        4  printf1.o(x$fpl$printf1)
    .constdata                               0x08003df0   Section     2072  oled.o(.constdata)
    x$fpl$usenofp                            0x08003df0   Section        0  usenofp.o(x$fpl$usenofp)
    .constdata                               0x08004608   Section       12  rtc.o(.constdata)
    .constdata                               0x08004614   Section       28  main.o(.constdata)
    .constdata                               0x08004630   Section      148  bigflt0.o(.constdata)
    tenpwrs_x                                0x08004630   Data          60  bigflt0.o(.constdata)
    tenpwrs_i                                0x0800466c   Data          64  bigflt0.o(.constdata)
    locale$$data                             0x080046e4   Section       28  lc_numeric_c.o(locale$$data)
    __lcnum_c_name                           0x080046e8   Data           2  lc_numeric_c.o(locale$$data)
    __lcnum_c_start                          0x080046f0   Data           0  lc_numeric_c.o(locale$$data)
    __lcnum_c_point                          0x080046fc   Data           0  lc_numeric_c.o(locale$$data)
    __lcnum_c_thousands                      0x080046fe   Data           0  lc_numeric_c.o(locale$$data)
    __lcnum_c_grouping                       0x080046ff   Data           0  lc_numeric_c.o(locale$$data)
    __lcnum_c_end                            0x08004700   Data           0  lc_numeric_c.o(locale$$data)
    .data                                    0x20000000   Section       20  stm32f10x_rcc.o(.data)
    APBAHBPrescTable                         0x20000000   Data          16  stm32f10x_rcc.o(.data)
    ADCPrescTable                            0x20000010   Data           4  stm32f10x_rcc.o(.data)
    .data                                    0x20000014   Section        4  delay.o(.data)
    fac_us                                   0x20000014   Data           1  delay.o(.data)
    fac_ms                                   0x20000016   Data           2  delay.o(.data)
    .data                                    0x20000018   Section        8  eint.o(.data)
    .data                                    0x20000020   Section        4  usart1.o(.data)
    .data                                    0x20000024   Section       12  gpio_iic.o(.data)
    .bss                                     0x20000030   Section       28  rtc.o(.bss)
    T                                        0x20000030   Data          28  rtc.o(.bss)
    .bss                                     0x2000004c   Section       96  libspace.o(.bss)
    HEAP                                     0x200000b0   Section      512  startup_stm32f10x_md.o(HEAP)
    Heap_Mem                                 0x200000b0   Data         512  startup_stm32f10x_md.o(HEAP)
    STACK                                    0x200002b0   Section     1024  startup_stm32f10x_md.o(STACK)
    Stack_Mem                                0x200002b0   Data        1024  startup_stm32f10x_md.o(STACK)
    __initial_sp                             0x200006b0   Data           0  startup_stm32f10x_md.o(STACK)

    Global Symbols

    Symbol Name                              Value     Ov Type        Size  Object(Section)

    BuildAttributes$$THM_ISAv4$P$D$K$B$S$PE$A:L22UL41UL21$X:L11$S22US41US21$IEEE1$IW$USESV6$~STKCKD$USESV7$~SHL$OTIME$ROPI$IEEEJ$EBA8$UX$STANDARDLIB$REQ8$PRES8$EABIv2 0x00000000   Number         0  anon$$obj.o ABSOLUTE
    __ARM_use_no_argv                        0x00000000   Number         0  main.o ABSOLUTE
    _printf_flags                            0x00000000   Number         0  printf_stubs.o ABSOLUTE
    _printf_return_value                     0x00000000   Number         0  printf_stubs.o ABSOLUTE
    _printf_sizespec                         0x00000000   Number         0  printf_stubs.o ABSOLUTE
    _printf_widthprec                        0x00000000   Number         0  printf_stubs.o ABSOLUTE
    __ARM_exceptions_init                     - Undefined Weak Reference
    __alloca_initialize                       - Undefined Weak Reference
    __arm_preinit_                            - Undefined Weak Reference
    __cpp_initialize__aeabi_                  - Undefined Weak Reference
    __cxa_finalize                            - Undefined Weak Reference
    __sigvec_lookup                           - Undefined Weak Reference
    _atexit_init                              - Undefined Weak Reference
    _call_atexit_fns                          - Undefined Weak Reference
    _clock_init                               - Undefined Weak Reference
    _fp_trap_init                             - Undefined Weak Reference
    _fp_trap_shutdown                         - Undefined Weak Reference
    _get_lc_collate                           - Undefined Weak Reference
    _get_lc_ctype                             - Undefined Weak Reference
    _get_lc_monetary                          - Undefined Weak Reference
    _get_lc_time                              - Undefined Weak Reference
    _getenv_init                              - Undefined Weak Reference
    _handle_redirection                       - Undefined Weak Reference
    _init_alloc                               - Undefined Weak Reference
    _init_user_alloc                          - Undefined Weak Reference
    _initio                                   - Undefined Weak Reference
    _printf_post_padding                      - Undefined Weak Reference
    _printf_pre_padding                       - Undefined Weak Reference
    _printf_truncate_signed                   - Undefined Weak Reference
    _printf_truncate_unsigned                 - Undefined Weak Reference
    _rand_init                                - Undefined Weak Reference
    _signal_finish                            - Undefined Weak Reference
    _signal_init                              - Undefined Weak Reference
    _terminate_alloc                          - Undefined Weak Reference
    _terminate_user_alloc                     - Undefined Weak Reference
    _terminateio                              - Undefined Weak Reference
    __Vectors_Size                           0x000000ec   Number         0  startup_stm32f10x_md.o ABSOLUTE
    __Vectors                                0x08000000   Data           4  startup_stm32f10x_md.o(RESET)
    __Vectors_End                            0x080000ec   Data           0  startup_stm32f10x_md.o(RESET)
    __main                                   0x080000ed   Thumb Code     8  __main.o(!!!main)
    __scatterload                            0x080000f5   Thumb Code     0  __scatter.o(!!!scatter)
    __scatterload_rt2                        0x080000f5   Thumb Code    44  __scatter.o(!!!scatter)
    __scatterload_rt2_thumb_only             0x080000f5   Thumb Code     0  __scatter.o(!!!scatter)
    __scatterload_null                       0x08000103   Thumb Code     0  __scatter.o(!!!scatter)
    __scatterload_copy                       0x08000129   Thumb Code    26  __scatter_copy.o(!!handler_copy)
    __scatterload_zeroinit                   0x08000145   Thumb Code    28  __scatter_zi.o(!!handler_zi)
    _printf_f                                0x08000161   Thumb Code     0  _printf_f.o(.ARM.Collect$$_printf_percent$$00000003)
    _printf_percent                          0x08000161   Thumb Code     0  _printf_percent.o(.ARM.Collect$$_printf_percent$$00000000)
    _printf_d                                0x08000167   Thumb Code     0  _printf_d.o(.ARM.Collect$$_printf_percent$$00000009)
    _printf_percent_end                      0x0800016d   Thumb Code     0  _printf_percent_end.o(.ARM.Collect$$_printf_percent$$00000017)
    __rt_lib_init                            0x08000171   Thumb Code     0  libinit.o(.ARM.Collect$$libinit$$00000000)
    __rt_lib_init_fp_1                       0x08000173   Thumb Code     0  libinit2.o(.ARM.Collect$$libinit$$00000002)
    __rt_lib_init_heap_1                     0x08000173   Thumb Code     0  libinit2.o(.ARM.Collect$$libinit$$0000000A)
    __rt_lib_init_lc_common                  0x08000173   Thumb Code     0  libinit2.o(.ARM.Collect$$libinit$$0000000F)
    __rt_lib_init_preinit_1                  0x08000173   Thumb Code     0  libinit2.o(.ARM.Collect$$libinit$$00000004)
    __rt_lib_init_rand_1                     0x08000173   Thumb Code     0  libinit2.o(.ARM.Collect$$libinit$$0000000E)
    __rt_lib_init_user_alloc_1               0x08000173   Thumb Code     0  libinit2.o(.ARM.Collect$$libinit$$0000000C)
    __rt_lib_init_lc_collate_1               0x08000179   Thumb Code     0  libinit2.o(.ARM.Collect$$libinit$$00000011)
    __rt_lib_init_lc_ctype_1                 0x08000179   Thumb Code     0  libinit2.o(.ARM.Collect$$libinit$$00000013)
    __rt_lib_init_lc_monetary_1              0x08000179   Thumb Code     0  libinit2.o(.ARM.Collect$$libinit$$00000015)
    __rt_lib_init_lc_numeric_2               0x08000179   Thumb Code     0  libinit2.o(.ARM.Collect$$libinit$$00000016)
    __rt_lib_init_alloca_1                   0x08000183   Thumb Code     0  libinit2.o(.ARM.Collect$$libinit$$0000002E)
    __rt_lib_init_argv_1                     0x08000183   Thumb Code     0  libinit2.o(.ARM.Collect$$libinit$$0000002C)
    __rt_lib_init_atexit_1                   0x08000183   Thumb Code     0  libinit2.o(.ARM.Collect$$libinit$$0000001B)
    __rt_lib_init_clock_1                    0x08000183   Thumb Code     0  libinit2.o(.ARM.Collect$$libinit$$00000021)
    __rt_lib_init_cpp_1                      0x08000183   Thumb Code     0  libinit2.o(.ARM.Collect$$libinit$$00000032)
    __rt_lib_init_exceptions_1               0x08000183   Thumb Code     0  libinit2.o(.ARM.Collect$$libinit$$00000030)
    __rt_lib_init_fp_trap_1                  0x08000183   Thumb Code     0  libinit2.o(.ARM.Collect$$libinit$$0000001F)
    __rt_lib_init_getenv_1                   0x08000183   Thumb Code     0  libinit2.o(.ARM.Collect$$libinit$$00000023)
    __rt_lib_init_lc_numeric_1               0x08000183   Thumb Code     0  libinit2.o(.ARM.Collect$$libinit$$00000017)
    __rt_lib_init_lc_time_1                  0x08000183   Thumb Code     0  libinit2.o(.ARM.Collect$$libinit$$00000019)
    __rt_lib_init_return                     0x08000183   Thumb Code     0  libinit2.o(.ARM.Collect$$libinit$$00000033)
    __rt_lib_init_signal_1                   0x08000183   Thumb Code     0  libinit2.o(.ARM.Collect$$libinit$$0000001D)
    __rt_lib_init_stdio_1                    0x08000183   Thumb Code     0  libinit2.o(.ARM.Collect$$libinit$$00000025)
    __rt_lib_shutdown                        0x08000185   Thumb Code     0  libshutdown.o(.ARM.Collect$$libshutdown$$00000000)
    __rt_lib_shutdown_cpp_1                  0x08000187   Thumb Code     0  libshutdown2.o(.ARM.Collect$$libshutdown$$00000002)
    __rt_lib_shutdown_fp_trap_1              0x08000187   Thumb Code     0  libshutdown2.o(.ARM.Collect$$libshutdown$$00000007)
    __rt_lib_shutdown_heap_1                 0x08000187   Thumb Code     0  libshutdown2.o(.ARM.Collect$$libshutdown$$0000000F)
    __rt_lib_shutdown_return                 0x08000187   Thumb Code     0  libshutdown2.o(.ARM.Collect$$libshutdown$$00000010)
    __rt_lib_shutdown_signal_1               0x08000187   Thumb Code     0  libshutdown2.o(.ARM.Collect$$libshutdown$$0000000A)
    __rt_lib_shutdown_stdio_1                0x08000187   Thumb Code     0  libshutdown2.o(.ARM.Collect$$libshutdown$$00000004)
    __rt_lib_shutdown_user_alloc_1           0x08000187   Thumb Code     0  libshutdown2.o(.ARM.Collect$$libshutdown$$0000000C)
    __rt_entry                               0x08000189   Thumb Code     0  __rtentry.o(.ARM.Collect$$rtentry$$00000000)
    __rt_entry_presh_1                       0x08000189   Thumb Code     0  __rtentry2.o(.ARM.Collect$$rtentry$$00000002)
    __rt_entry_sh                            0x08000189   Thumb Code     0  __rtentry4.o(.ARM.Collect$$rtentry$$00000004)
    __rt_entry_li                            0x0800018f   Thumb Code     0  __rtentry2.o(.ARM.Collect$$rtentry$$0000000A)
    __rt_entry_postsh_1                      0x0800018f   Thumb Code     0  __rtentry2.o(.ARM.Collect$$rtentry$$00000009)
    __rt_entry_main                          0x08000193   Thumb Code     0  __rtentry2.o(.ARM.Collect$$rtentry$$0000000D)
    __rt_entry_postli_1                      0x08000193   Thumb Code     0  __rtentry2.o(.ARM.Collect$$rtentry$$0000000C)
    __rt_exit                                0x0800019b   Thumb Code     0  rtexit.o(.ARM.Collect$$rtexit$$00000000)
    __rt_exit_ls                             0x0800019d   Thumb Code     0  rtexit2.o(.ARM.Collect$$rtexit$$00000003)
    __rt_exit_prels_1                        0x0800019d   Thumb Code     0  rtexit2.o(.ARM.Collect$$rtexit$$00000002)
    __rt_exit_exit                           0x080001a1   Thumb Code     0  rtexit2.o(.ARM.Collect$$rtexit$$00000004)
    Reset_Handler                            0x080001a9   Thumb Code     8  startup_stm32f10x_md.o(.text)
    ADC1_2_IRQHandler                        0x080001c3   Thumb Code     0  startup_stm32f10x_md.o(.text)
    CAN1_RX1_IRQHandler                      0x080001c3   Thumb Code     0  startup_stm32f10x_md.o(.text)
    CAN1_SCE_IRQHandler                      0x080001c3   Thumb Code     0  startup_stm32f10x_md.o(.text)
    DMA1_Channel1_IRQHandler                 0x080001c3   Thumb Code     0  startup_stm32f10x_md.o(.text)
    DMA1_Channel2_IRQHandler                 0x080001c3   Thumb Code     0  startup_stm32f10x_md.o(.text)
    DMA1_Channel3_IRQHandler                 0x080001c3   Thumb Code     0  startup_stm32f10x_md.o(.text)
    DMA1_Channel4_IRQHandler                 0x080001c3   Thumb Code     0  startup_stm32f10x_md.o(.text)
    DMA1_Channel5_IRQHandler                 0x080001c3   Thumb Code     0  startup_stm32f10x_md.o(.text)
    DMA1_Channel6_IRQHandler                 0x080001c3   Thumb Code     0  startup_stm32f10x_md.o(.text)
    DMA1_Channel7_IRQHandler                 0x080001c3   Thumb Code     0  startup_stm32f10x_md.o(.text)
    EXTI0_IRQHandler                         0x080001c3   Thumb Code     0  startup_stm32f10x_md.o(.text)
    EXTI15_10_IRQHandler                     0x080001c3   Thumb Code     0  startup_stm32f10x_md.o(.text)
    EXTI1_IRQHandler                         0x080001c3   Thumb Code     0  startup_stm32f10x_md.o(.text)
    EXTI2_IRQHandler                         0x080001c3   Thumb Code     0  startup_stm32f10x_md.o(.text)
    EXTI3_IRQHandler                         0x080001c3   Thumb Code     0  startup_stm32f10x_md.o(.text)
    EXTI4_IRQHandler                         0x080001c3   Thumb Code     0  startup_stm32f10x_md.o(.text)
    FLASH_IRQHandler                         0x080001c3   Thumb Code     0  startup_stm32f10x_md.o(.text)
    I2C1_ER_IRQHandler                       0x080001c3   Thumb Code     0  startup_stm32f10x_md.o(.text)
    I2C1_EV_IRQHandler                       0x080001c3   Thumb Code     0  startup_stm32f10x_md.o(.text)
    I2C2_ER_IRQHandler                       0x080001c3   Thumb Code     0  startup_stm32f10x_md.o(.text)
    I2C2_EV_IRQHandler                       0x080001c3   Thumb Code     0  startup_stm32f10x_md.o(.text)
    PVD_IRQHandler                           0x080001c3   Thumb Code     0  startup_stm32f10x_md.o(.text)
    RCC_IRQHandler                           0x080001c3   Thumb Code     0  startup_stm32f10x_md.o(.text)
    RTCAlarm_IRQHandler                      0x080001c3   Thumb Code     0  startup_stm32f10x_md.o(.text)
    SPI1_IRQHandler                          0x080001c3   Thumb Code     0  startup_stm32f10x_md.o(.text)
    SPI2_IRQHandler                          0x080001c3   Thumb Code     0  startup_stm32f10x_md.o(.text)
    TAMPER_IRQHandler                        0x080001c3   Thumb Code     0  startup_stm32f10x_md.o(.text)
    TIM1_BRK_IRQHandler                      0x080001c3   Thumb Code     0  startup_stm32f10x_md.o(.text)
    TIM1_CC_IRQHandler                       0x080001c3   Thumb Code     0  startup_stm32f10x_md.o(.text)
    TIM1_TRG_COM_IRQHandler                  0x080001c3   Thumb Code     0  startup_stm32f10x_md.o(.text)
    TIM1_UP_IRQHandler                       0x080001c3   Thumb Code     0  startup_stm32f10x_md.o(.text)
    TIM2_IRQHandler                          0x080001c3   Thumb Code     0  startup_stm32f10x_md.o(.text)
    TIM3_IRQHandler                          0x080001c3   Thumb Code     0  startup_stm32f10x_md.o(.text)
    TIM4_IRQHandler                          0x080001c3   Thumb Code     0  startup_stm32f10x_md.o(.text)
    USART2_IRQHandler                        0x080001c3   Thumb Code     0  startup_stm32f10x_md.o(.text)
    USART3_IRQHandler                        0x080001c3   Thumb Code     0  startup_stm32f10x_md.o(.text)
    USBWakeUp_IRQHandler                     0x080001c3   Thumb Code     0  startup_stm32f10x_md.o(.text)
    USB_HP_CAN1_TX_IRQHandler                0x080001c3   Thumb Code     0  startup_stm32f10x_md.o(.text)
    USB_LP_CAN1_RX0_IRQHandler               0x080001c3   Thumb Code     0  startup_stm32f10x_md.o(.text)
    WWDG_IRQHandler                          0x080001c3   Thumb Code     0  startup_stm32f10x_md.o(.text)
    __user_initial_stackheap                 0x080001c5   Thumb Code     0  startup_stm32f10x_md.o(.text)
    __2sprintf                               0x080001e9   Thumb Code    34  noretval__2sprintf.o(.text)
    _printf_int_dec                          0x08000211   Thumb Code   104  _printf_dec.o(.text)
    __printf                                 0x08000289   Thumb Code   270  __printf_wp.o(.text)
    __aeabi_memcpy4                          0x08000397   Thumb Code     0  rt_memcpy_w.o(.text)
    __aeabi_memcpy8                          0x08000397   Thumb Code     0  rt_memcpy_w.o(.text)
    __rt_memcpy_w                            0x08000397   Thumb Code   100  rt_memcpy_w.o(.text)
    _memcpy_lastbytes_aligned                0x080003df   Thumb Code     0  rt_memcpy_w.o(.text)
    __use_two_region_memory                  0x080003fb   Thumb Code     2  heapauxi.o(.text)
    __rt_heap_escrow$2region                 0x080003fd   Thumb Code     2  heapauxi.o(.text)
    __rt_heap_expand$2region                 0x080003ff   Thumb Code     2  heapauxi.o(.text)
    _printf_int_common                       0x08000401   Thumb Code   178  _printf_intcommon.o(.text)
    __lib_sel_fp_printf                      0x080004b3   Thumb Code     2  _printf_fp_dec.o(.text)
    _printf_fp_dec_real                      0x08000661   Thumb Code   620  _printf_fp_dec.o(.text)
    _printf_char_common                      0x080008d7   Thumb Code    32  _printf_char_common.o(.text)
    _sputc                                   0x080008fd   Thumb Code    10  _sputc.o(.text)
    __rt_locale                              0x08000909   Thumb Code     8  rt_locale_intlibspace.o(.text)
    _ll_udiv10                               0x08000911   Thumb Code   138  lludiv10.o(.text)
    _printf_fp_infnan                        0x0800099d   Thumb Code   112  _printf_fp_infnan.o(.text)
    _btod_etento                             0x08000a1d   Thumb Code   216  bigflt0.o(.text)
    __user_libspace                          0x08000af9   Thumb Code     8  libspace.o(.text)
    __user_perproc_libspace                  0x08000af9   Thumb Code     0  libspace.o(.text)
    __user_perthread_libspace                0x08000af9   Thumb Code     0  libspace.o(.text)
    __user_setup_stackheap                   0x08000b01   Thumb Code    74  sys_stackheap_outer.o(.text)
    exit                                     0x08000b4b   Thumb Code    18  exit.o(.text)
    strcmp                                   0x08000b5d   Thumb Code   128  strcmpv7m.o(.text)
    _sys_exit                                0x08000bdd   Thumb Code     8  sys_exit.o(.text)
    __I$use$semihosting                      0x08000be9   Thumb Code     0  use_no_semi.o(.text)
    __use_no_semihosting_swi                 0x08000be9   Thumb Code     2  use_no_semi.o(.text)
    __semihosting_library_function           0x08000beb   Thumb Code     0  indicate_semi.o(.text)
    _btod_d2e                                0x08000beb   Thumb Code    62  btod.o(CL$$btod_d2e)
    _d2e_denorm_low                          0x08000c29   Thumb Code    70  btod.o(CL$$btod_d2e_denorm_low)
    _d2e_norm_op1                            0x08000c6f   Thumb Code    96  btod.o(CL$$btod_d2e_norm_op1)
    __btod_div_common                        0x08000ccf   Thumb Code   696  btod.o(CL$$btod_div_common)
    _e2e                                     0x08001007   Thumb Code   198  btod.o(CL$$btod_e2e)
    _btod_ediv                               0x080010cd   Thumb Code    40  btod.o(CL$$btod_ediv)
    _btod_emul                               0x080010f5   Thumb Code    40  btod.o(CL$$btod_emul)
    __btod_mult_common                       0x0800111d   Thumb Code   580  btod.o(CL$$btod_mult_common)
    ADC_Cmd                                  0x08001361   Thumb Code    22  stm32f10x_adc.o(i.ADC_Cmd)
    ADC_GetConversionValue                   0x08001377   Thumb Code     8  stm32f10x_adc.o(i.ADC_GetConversionValue)
    ADC_GetFlagStatus                        0x0800137f   Thumb Code    18  stm32f10x_adc.o(i.ADC_GetFlagStatus)
    ADC_Init                                 0x08001391   Thumb Code    70  stm32f10x_adc.o(i.ADC_Init)
    ADC_RegularChannelConfig                 0x080013e1   Thumb Code   184  stm32f10x_adc.o(i.ADC_RegularChannelConfig)
    ADC_SoftwareStartConvCmd                 0x08001499   Thumb Code    22  stm32f10x_adc.o(i.ADC_SoftwareStartConvCmd)
    BKP_DeInit                               0x080014af   Thumb Code    16  stm32f10x_bkp.o(i.BKP_DeInit)
    BKP_ReadBackupRegister                   0x080014c1   Thumb Code    24  stm32f10x_bkp.o(i.BKP_ReadBackupRegister)
    BKP_WriteBackupRegister                  0x080014dd   Thumb Code    22  stm32f10x_bkp.o(i.BKP_WriteBackupRegister)
    BusFault_Handler                         0x080014f9   Thumb Code     4  stm32f10x_it.o(i.BusFault_Handler)
    DebugMon_Handler                         0x080014fd   Thumb Code     2  stm32f10x_it.o(i.DebugMon_Handler)
    Delay                                    0x080014ff   Thumb Code    18  nrf24l01.o(i.Delay)
    EXTI9_5_IRQHandler                       0x08001511   Thumb Code    56  eint.o(i.EXTI9_5_IRQHandler)
    EXTI_ClearITPendingBit                   0x08001551   Thumb Code     6  stm32f10x_exti.o(i.EXTI_ClearITPendingBit)
    EXTI_GetITStatus                         0x0800155d   Thumb Code    34  stm32f10x_exti.o(i.EXTI_GetITStatus)
    EXTI_Init                                0x08001585   Thumb Code   142  stm32f10x_exti.o(i.EXTI_Init)
    GPIO_EXTILineConfig                      0x08001619   Thumb Code    60  stm32f10x_gpio.o(i.GPIO_EXTILineConfig)
    GPIO_Init                                0x08001659   Thumb Code   278  stm32f10x_gpio.o(i.GPIO_Init)
    GPIO_PinRemapConfig                      0x08001771   Thumb Code   138  stm32f10x_gpio.o(i.GPIO_PinRemapConfig)
    GPIO_ReadInputDataBit                    0x08001801   Thumb Code    18  stm32f10x_gpio.o(i.GPIO_ReadInputDataBit)
    GPIO_ResetBits                           0x08001813   Thumb Code     4  stm32f10x_gpio.o(i.GPIO_ResetBits)
    GPIO_SetBits                             0x08001817   Thumb Code     4  stm32f10x_gpio.o(i.GPIO_SetBits)
    HardFault_Handler                        0x0800181b   Thumb Code     4  stm32f10x_it.o(i.HardFault_Handler)
    IIC_Ack                                  0x08001821   Thumb Code    48  gpio_iic.o(i.IIC_Ack)
    IIC_Init                                 0x08001859   Thumb Code    82  gpio_iic.o(i.IIC_Init)
    IIC_NAck                                 0x080018c5   Thumb Code    48  gpio_iic.o(i.IIC_NAck)
    IIC_Recv_Byte                            0x080018fd   Thumb Code    88  gpio_iic.o(i.IIC_Recv_Byte)
    IIC_Sda_In                               0x0800195d   Thumb Code    12  gpio_iic.o(i.IIC_Sda_In)
    IIC_Sda_Out                              0x08001971   Thumb Code    12  gpio_iic.o(i.IIC_Sda_Out)
    IIC_Send_Byte                            0x08001985   Thumb Code    70  gpio_iic.o(i.IIC_Send_Byte)
    IIC_Start                                0x080019d5   Thumb Code    46  gpio_iic.o(i.IIC_Start)
    IIC_Stop                                 0x08001a0d   Thumb Code    50  gpio_iic.o(i.IIC_Stop)
    IIC_Wait_Ack                             0x08001a49   Thumb Code    68  gpio_iic.o(i.IIC_Wait_Ack)
    MemManage_Handler                        0x08001a95   Thumb Code     4  stm32f10x_it.o(i.MemManage_Handler)
    NMI_Handler                              0x08001a99   Thumb Code     2  stm32f10x_it.o(i.NMI_Handler)
    NRF_Check                                0x08001a9d   Thumb Code    68  nrf24l01.o(i.NRF_Check)
    NRF_TX_Mode                              0x08001ae9   Thumb Code   108  nrf24l01.o(i.NRF_TX_Mode)
    NRF_Tx_Dat                               0x08001b59   Thumb Code    94  nrf24l01.o(i.NRF_Tx_Dat)
    NVIC_Configuration                       0x08001bc1   Thumb Code    40  rtc.o(i.NVIC_Configuration)
    NVIC_Init                                0x08001be9   Thumb Code   100  misc.o(i.NVIC_Init)
    NVIC_PriorityGroupConfig                 0x08001c59   Thumb Code    10  misc.o(i.NVIC_PriorityGroupConfig)
    OLED_Clear                               0x08001c6d   Thumb Code    64  oled.o(i.OLED_Clear)
    OLED_Init                                0x08001cad   Thumb Code   232  oled.o(i.OLED_Init)
    OLED_Set_Pos                             0x08001d95   Thumb Code    42  oled.o(i.OLED_Set_Pos)
    OLED_ShowChar                            0x08001dc1   Thumb Code   154  oled.o(i.OLED_ShowChar)
    OLED_ShowNum                             0x08001e65   Thumb Code   136  oled.o(i.OLED_ShowNum)
    OLED_ShowString                          0x08001eed   Thumb Code    58  oled.o(i.OLED_ShowString)
    OLED_WR_Byte                             0x08001f27   Thumb Code    24  oled.o(i.OLED_WR_Byte)
    PWR_BackupAccessCmd                      0x08001f41   Thumb Code     6  stm32f10x_pwr.o(i.PWR_BackupAccessCmd)
    PendSV_Handler                           0x08001f4d   Thumb Code     2  stm32f10x_it.o(i.PendSV_Handler)
    RCC_APB1PeriphClockCmd                   0x08001f51   Thumb Code    26  stm32f10x_rcc.o(i.RCC_APB1PeriphClockCmd)
    RCC_APB2PeriphClockCmd                   0x08001f71   Thumb Code    26  stm32f10x_rcc.o(i.RCC_APB2PeriphClockCmd)
    RCC_BackupResetCmd                       0x08001f91   Thumb Code     6  stm32f10x_rcc.o(i.RCC_BackupResetCmd)
    RCC_GetClocksFreq                        0x08001f9d   Thumb Code   192  stm32f10x_rcc.o(i.RCC_GetClocksFreq)
    RCC_GetFlagStatus                        0x08002071   Thumb Code    56  stm32f10x_rcc.o(i.RCC_GetFlagStatus)
    RCC_LSEConfig                            0x080020ad   Thumb Code    46  stm32f10x_rcc.o(i.RCC_LSEConfig)
    RCC_RTCCLKCmd                            0x080020e1   Thumb Code     6  stm32f10x_rcc.o(i.RCC_RTCCLKCmd)
    RCC_RTCCLKConfig                         0x080020ed   Thumb Code    12  stm32f10x_rcc.o(i.RCC_RTCCLKConfig)
    RTC_ClearITPendingBit                    0x080020fd   Thumb Code    12  stm32f10x_rtc.o(i.RTC_ClearITPendingBit)
    RTC_Configuration                        0x0800210d   Thumb Code    96  rtc.o(i.RTC_Configuration)
    RTC_EnterConfigMode                      0x0800216d   Thumb Code    14  stm32f10x_rtc.o(i.RTC_EnterConfigMode)
    RTC_ExitConfigMode                       0x08002181   Thumb Code    16  stm32f10x_rtc.o(i.RTC_ExitConfigMode)
    RTC_GetCounter                           0x08002195   Thumb Code    16  stm32f10x_rtc.o(i.RTC_GetCounter)
    RTC_GetITStatus                          0x080021a9   Thumb Code    32  stm32f10x_rtc.o(i.RTC_GetITStatus)
    RTC_IRQHandler                           0x080021cd   Thumb Code    26  rtc.o(i.RTC_IRQHandler)
    RTC_ITConfig                             0x080021ed   Thumb Code    26  stm32f10x_rtc.o(i.RTC_ITConfig)
    RTC_SetCounter                           0x0800220d   Thumb Code    24  stm32f10x_rtc.o(i.RTC_SetCounter)
    RTC_SetPrescaler                         0x08002229   Thumb Code    26  stm32f10x_rtc.o(i.RTC_SetPrescaler)
    RTC_WaitForLastTask                      0x08002249   Thumb Code    16  stm32f10x_rtc.o(i.RTC_WaitForLastTask)
    RTC_WaitForSynchro                       0x0800225d   Thumb Code    30  stm32f10x_rtc.o(i.RTC_WaitForSynchro)
    SPI2_For_Nrf24l01                        0x08002281   Thumb Code   170  nrf24l01.o(i.SPI2_For_Nrf24l01)
    SPI_NRF_Init                             0x08002335   Thumb Code    16  nrf24l01.o(i.SPI_NRF_Init)
    SPI_NRF_RW                               0x08002349   Thumb Code    82  nrf24l01.o(i.SPI_NRF_RW)
    SPI_NRF_ReadBuf                          0x080023a1   Thumb Code    68  nrf24l01.o(i.SPI_NRF_ReadBuf)
    SPI_NRF_ReadReg                          0x080023e9   Thumb Code    46  nrf24l01.o(i.SPI_NRF_ReadReg)
    SPI_NRF_WriteBuf                         0x0800241d   Thumb Code    68  nrf24l01.o(i.SPI_NRF_WriteBuf)
    SPI_NRF_WriteReg                         0x08002465   Thumb Code    48  nrf24l01.o(i.SPI_NRF_WriteReg)
    SVC_Handler                              0x08002499   Thumb Code     2  stm32f10x_it.o(i.SVC_Handler)
    SysTick_CLKSourceConfig                  0x08002585   Thumb Code    40  misc.o(i.SysTick_CLKSourceConfig)
    SysTick_Handler                          0x080025ad   Thumb Code     2  stm32f10x_it.o(i.SysTick_Handler)
    SystemInit                               0x080025b1   Thumb Code    78  system_stm32f10x.o(i.SystemInit)
    USART1_IRQHandler                        0x08002611   Thumb Code    44  usart1.o(i.USART1_IRQHandler)
    USART_ClearITPendingBit                  0x08002645   Thumb Code    30  stm32f10x_usart.o(i.USART_ClearITPendingBit)
    USART_Cmd                                0x08002663   Thumb Code    24  stm32f10x_usart.o(i.USART_Cmd)
    USART_GetITStatus                        0x0800267b   Thumb Code    84  stm32f10x_usart.o(i.USART_GetITStatus)
    USART_ITConfig                           0x080026cf   Thumb Code    74  stm32f10x_usart.o(i.USART_ITConfig)
    USART_Init                               0x08002719   Thumb Code   210  stm32f10x_usart.o(i.USART_Init)
    USART_ReceiveData                        0x080027f1   Thumb Code    10  stm32f10x_usart.o(i.USART_ReceiveData)
    UsageFault_Handler                       0x080027fb   Thumb Code     4  stm32f10x_it.o(i.UsageFault_Handler)
    Write_IIC_Command                        0x080027ff   Thumb Code    44  oled.o(i.Write_IIC_Command)
    Write_IIC_Data                           0x0800282b   Thumb Code    44  oled.o(i.Write_IIC_Data)
    __ARM_fpclassify                         0x08002857   Thumb Code    40  fpclassify.o(i.__ARM_fpclassify)
    _is_digit                                0x0800287f   Thumb Code    14  __printf_wp.o(i._is_digit)
    adc_init                                 0x0800288d   Thumb Code   102  adj_res.o(i.adc_init)
    adc_start                                0x080028fd   Thumb Code    12  adj_res.o(i.adc_start)
    adc_wait                                 0x0800290d   Thumb Code    18  adj_res.o(i.adc_wait)
    adj_res_init                             0x08002925   Thumb Code     8  adj_res.o(i.adj_res_init)
    button_init                              0x0800292d   Thumb Code    40  button.o(i.button_init)
    buzzer_init                              0x08002959   Thumb Code    44  buzzer.o(i.buzzer_init)
    conv_time                                0x0800298d   Thumb Code   224  rtc.o(i.conv_time)
    delay_init                               0x08002a75   Thumb Code    42  delay.o(i.delay_init)
    delay_ms                                 0x08002aa9   Thumb Code    56  delay.o(i.delay_ms)
    delay_us                                 0x08002ae1   Thumb Code    72  delay.o(i.delay_us)
    delay_xms                                0x08002b2d   Thumb Code    72  delay.o(i.delay_xms)
    dht_init                                 0x08002b79   Thumb Code    12  dht.o(i.dht_init)
    dht_input_state                          0x08002b85   Thumb Code    12  dht.o(i.dht_input_state)
    dht_output_state                         0x08002b95   Thumb Code    26  dht.o(i.dht_output_state)
    eeprom_init                              0x08002bb5   Thumb Code     8  eeprom.o(i.eeprom_init)
    eint_init                                0x08002bbd   Thumb Code   122  eint.o(i.eint_init)
    get_adc_value                            0x08002c3d   Thumb Code    10  adj_res.o(i.get_adc_value)
    get_adj_res_value                        0x08002c4d   Thumb Code    16  adj_res.o(i.get_adj_res_value)
    get_dht_value                            0x08002c5d   Thumb Code   180  dht.o(i.get_dht_value)
    ldt_init                                 0x08002d45   Thumb Code   106  ldt.o(i.ldt_init)
    led_init                                 0x08002dd5   Thumb Code    56  led.o(i.led_init)
    led_off                                  0x08002e19   Thumb Code    44  led.o(i.led_off)
    led_on                                   0x08002e49   Thumb Code    44  led.o(i.led_on)
    main                                     0x08002e79   Thumb Code   446  main.o(i.main)
    oled_pow                                 0x080030a9   Thumb Code    22  oled.o(i.oled_pow)
    rtc_init                                 0x080030bf   Thumb Code    82  rtc.o(i.rtc_init)
    set_dht_gpio_input                       0x08003111   Thumb Code    24  dht.o(i.set_dht_gpio_input)
    set_dht_gpio_output                      0x0800312d   Thumb Code    30  dht.o(i.set_dht_gpio_output)
    set_time                                 0x08003151   Thumb Code   182  rtc.o(i.set_time)
    sht_init                                 0x08003219   Thumb Code    76  sht.o(i.sht_init)
    sht_read_data                            0x08003265   Thumb Code   222  sht.o(i.sht_read_data)
    sht_write_mode                           0x08003355   Thumb Code    66  sht.o(i.sht_write_mode)
    sht_write_read_cmd                       0x08003397   Thumb Code    54  sht.o(i.sht_write_read_cmd)
    usart_1_init                             0x080033cd   Thumb Code   162  usart1.o(i.usart_1_init)
    _get_lc_numeric                          0x08003479   Thumb Code    44  lc_numeric_c.o(locale$$code)
    __aeabi_d2f                              0x080034a5   Thumb Code     0  d2f.o(x$fpl$d2f)
    _d2f                                     0x080034a5   Thumb Code    98  d2f.o(x$fpl$d2f)
    __aeabi_dadd                             0x08003509   Thumb Code     0  daddsub_clz.o(x$fpl$dadd)
    _dadd                                    0x08003509   Thumb Code   332  daddsub_clz.o(x$fpl$dadd)
    __aeabi_ddiv                             0x08003659   Thumb Code     0  ddiv.o(x$fpl$ddiv)
    _ddiv                                    0x08003659   Thumb Code   552  ddiv.o(x$fpl$ddiv)
    __aeabi_ui2d                             0x08003909   Thumb Code     0  dflt_clz.o(x$fpl$dfltu)
    _dfltu                                   0x08003909   Thumb Code    38  dflt_clz.o(x$fpl$dfltu)
    __aeabi_dmul                             0x08003931   Thumb Code     0  dmul.o(x$fpl$dmul)
    _dmul                                    0x08003931   Thumb Code   332  dmul.o(x$fpl$dmul)
    __fpl_dnaninf                            0x08003a85   Thumb Code   156  dnaninf.o(x$fpl$dnaninf)
    __fpl_dretinf                            0x08003b21   Thumb Code    12  dretinf.o(x$fpl$dretinf)
    __aeabi_dsub                             0x08003b2d   Thumb Code     0  daddsub_clz.o(x$fpl$dsub)
    _dsub                                    0x08003b2d   Thumb Code   464  daddsub_clz.o(x$fpl$dsub)
    __aeabi_f2d                              0x08003d01   Thumb Code     0  f2d.o(x$fpl$f2d)
    _f2d                                     0x08003d01   Thumb Code    86  f2d.o(x$fpl$f2d)
    __fpl_fnaninf                            0x08003d57   Thumb Code   140  fnaninf.o(x$fpl$fnaninf)
    __fpl_fretinf                            0x08003de3   Thumb Code    10  fretinf.o(x$fpl$fretinf)
    _printf_fp_dec                           0x08003ded   Thumb Code     4  printf1.o(x$fpl$printf1)
    F6x8                                     0x08003df0   Data         552  oled.o(.constdata)
    __I$use$fp                               0x08003df0   Number         0  usenofp.o(x$fpl$usenofp)
    F8X16                                    0x08004018   Data        1520  oled.o(.constdata)
    monthTable                               0x08004608   Data          12  rtc.o(.constdata)
    Region$$Table$$Base                      0x080046c4   Number         0  anon$$obj.o(Region$$Table)
    Region$$Table$$Limit                     0x080046e4   Number         0  anon$$obj.o(Region$$Table)
    e_h0                                     0x20000018   Data           4  eint.o(.data)
    e_h1                                     0x2000001c   Data           4  eint.o(.data)
    u1_h                                     0x20000020   Data           4  usart1.o(.data)
    GPIO_InitForSCL                          0x20000024   Data           4  gpio_iic.o(.data)
    GPIO_InitForSDAOut                       0x20000028   Data           4  gpio_iic.o(.data)
    GPIO_InitForSDAIn                        0x2000002c   Data           4  gpio_iic.o(.data)
    __libspace_start                         0x2000004c   Data          96  libspace.o(.bss)
    __temporary_stack_top$libspace           0x200000ac   Data           0  libspace.o(.bss)



==============================================================================

Memory Map of the image

  Image Entry point : 0x080001a9

  Load Region LR_1 (Base: 0x08000000, Size: 0x00004730, Max: 0xffffffff, ABSOLUTE)

    Execution Region ER_RO (Base: 0x08000000, Size: 0x00004700, Max: 0xffffffff, ABSOLUTE)

    Base Addr    Size         Type   Attr      Idx    E Section Name        Object

    0x08000000   0x000000ec   Data   RO           19    RESET               startup_stm32f10x_md.o
    0x080000ec   0x00000008   Code   RO         2157  * !!!main             c_w.l(__main.o)
    0x080000f4   0x00000034   Code   RO         2401    !!!scatter          c_w.l(__scatter.o)
    0x08000128   0x0000001a   Code   RO         2403    !!handler_copy      c_w.l(__scatter_copy.o)
    0x08000142   0x00000002   PAD
    0x08000144   0x0000001c   Code   RO         2405    !!handler_zi        c_w.l(__scatter_zi.o)
    0x08000160   0x00000000   Code   RO         2152    .ARM.Collect$$_printf_percent$$00000000  c_w.l(_printf_percent.o)
    0x08000160   0x00000006   Code   RO         2151    .ARM.Collect$$_printf_percent$$00000003  c_w.l(_printf_f.o)
    0x08000166   0x00000006   Code   RO         2150    .ARM.Collect$$_printf_percent$$00000009  c_w.l(_printf_d.o)
    0x0800016c   0x00000004   Code   RO         2192    .ARM.Collect$$_printf_percent$$00000017  c_w.l(_printf_percent_end.o)
    0x08000170   0x00000002   Code   RO         2274    .ARM.Collect$$libinit$$00000000  c_w.l(libinit.o)
    0x08000172   0x00000000   Code   RO         2276    .ARM.Collect$$libinit$$00000002  c_w.l(libinit2.o)
    0x08000172   0x00000000   Code   RO         2278    .ARM.Collect$$libinit$$00000004  c_w.l(libinit2.o)
    0x08000172   0x00000000   Code   RO         2281    .ARM.Collect$$libinit$$0000000A  c_w.l(libinit2.o)
    0x08000172   0x00000000   Code   RO         2283    .ARM.Collect$$libinit$$0000000C  c_w.l(libinit2.o)
    0x08000172   0x00000000   Code   RO         2285    .ARM.Collect$$libinit$$0000000E  c_w.l(libinit2.o)
    0x08000172   0x00000006   Code   RO         2286    .ARM.Collect$$libinit$$0000000F  c_w.l(libinit2.o)
    0x08000178   0x00000000   Code   RO         2288    .ARM.Collect$$libinit$$00000011  c_w.l(libinit2.o)
    0x08000178   0x00000000   Code   RO         2290    .ARM.Collect$$libinit$$00000013  c_w.l(libinit2.o)
    0x08000178   0x00000000   Code   RO         2292    .ARM.Collect$$libinit$$00000015  c_w.l(libinit2.o)
    0x08000178   0x0000000a   Code   RO         2293    .ARM.Collect$$libinit$$00000016  c_w.l(libinit2.o)
    0x08000182   0x00000000   Code   RO         2294    .ARM.Collect$$libinit$$00000017  c_w.l(libinit2.o)
    0x08000182   0x00000000   Code   RO         2296    .ARM.Collect$$libinit$$00000019  c_w.l(libinit2.o)
    0x08000182   0x00000000   Code   RO         2298    .ARM.Collect$$libinit$$0000001B  c_w.l(libinit2.o)
    0x08000182   0x00000000   Code   RO         2300    .ARM.Collect$$libinit$$0000001D  c_w.l(libinit2.o)
    0x08000182   0x00000000   Code   RO         2302    .ARM.Collect$$libinit$$0000001F  c_w.l(libinit2.o)
    0x08000182   0x00000000   Code   RO         2304    .ARM.Collect$$libinit$$00000021  c_w.l(libinit2.o)
    0x08000182   0x00000000   Code   RO         2306    .ARM.Collect$$libinit$$00000023  c_w.l(libinit2.o)
    0x08000182   0x00000000   Code   RO         2308    .ARM.Collect$$libinit$$00000025  c_w.l(libinit2.o)
    0x08000182   0x00000000   Code   RO         2312    .ARM.Collect$$libinit$$0000002C  c_w.l(libinit2.o)
    0x08000182   0x00000000   Code   RO         2314    .ARM.Collect$$libinit$$0000002E  c_w.l(libinit2.o)
    0x08000182   0x00000000   Code   RO         2316    .ARM.Collect$$libinit$$00000030  c_w.l(libinit2.o)
    0x08000182   0x00000000   Code   RO         2318    .ARM.Collect$$libinit$$00000032  c_w.l(libinit2.o)
    0x08000182   0x00000002   Code   RO         2319    .ARM.Collect$$libinit$$00000033  c_w.l(libinit2.o)
    0x08000184   0x00000002   Code   RO         2349    .ARM.Collect$$libshutdown$$00000000  c_w.l(libshutdown.o)
    0x08000186   0x00000000   Code   RO         2360    .ARM.Collect$$libshutdown$$00000002  c_w.l(libshutdown2.o)
    0x08000186   0x00000000   Code   RO         2362    .ARM.Collect$$libshutdown$$00000004  c_w.l(libshutdown2.o)
    0x08000186   0x00000000   Code   RO         2365    .ARM.Collect$$libshutdown$$00000007  c_w.l(libshutdown2.o)
    0x08000186   0x00000000   Code   RO         2368    .ARM.Collect$$libshutdown$$0000000A  c_w.l(libshutdown2.o)
    0x08000186   0x00000000   Code   RO         2370    .ARM.Collect$$libshutdown$$0000000C  c_w.l(libshutdown2.o)
    0x08000186   0x00000000   Code   RO         2373    .ARM.Collect$$libshutdown$$0000000F  c_w.l(libshutdown2.o)
    0x08000186   0x00000002   Code   RO         2374    .ARM.Collect$$libshutdown$$00000010  c_w.l(libshutdown2.o)
    0x08000188   0x00000000   Code   RO         2183    .ARM.Collect$$rtentry$$00000000  c_w.l(__rtentry.o)
    0x08000188   0x00000000   Code   RO         2203    .ARM.Collect$$rtentry$$00000002  c_w.l(__rtentry2.o)
    0x08000188   0x00000006   Code   RO         2215    .ARM.Collect$$rtentry$$00000004  c_w.l(__rtentry4.o)
    0x0800018e   0x00000000   Code   RO         2205    .ARM.Collect$$rtentry$$00000009  c_w.l(__rtentry2.o)
    0x0800018e   0x00000004   Code   RO         2206    .ARM.Collect$$rtentry$$0000000A  c_w.l(__rtentry2.o)
    0x08000192   0x00000000   Code   RO         2208    .ARM.Collect$$rtentry$$0000000C  c_w.l(__rtentry2.o)
    0x08000192   0x00000008   Code   RO         2209    .ARM.Collect$$rtentry$$0000000D  c_w.l(__rtentry2.o)
    0x0800019a   0x00000002   Code   RO         2320    .ARM.Collect$$rtexit$$00000000  c_w.l(rtexit.o)
    0x0800019c   0x00000000   Code   RO         2327    .ARM.Collect$$rtexit$$00000002  c_w.l(rtexit2.o)
    0x0800019c   0x00000004   Code   RO         2328    .ARM.Collect$$rtexit$$00000003  c_w.l(rtexit2.o)
    0x080001a0   0x00000006   Code   RO         2329    .ARM.Collect$$rtexit$$00000004  c_w.l(rtexit2.o)
    0x080001a6   0x00000002   PAD
    0x080001a8   0x00000040   Code   RO           20  * .text               startup_stm32f10x_md.o
    0x080001e8   0x00000028   Code   RO         2124    .text               c_w.l(noretval__2sprintf.o)
    0x08000210   0x00000078   Code   RO         2128    .text               c_w.l(_printf_dec.o)
    0x08000288   0x0000010e   Code   RO         2138    .text               c_w.l(__printf_wp.o)
    0x08000396   0x00000064   Code   RO         2153    .text               c_w.l(rt_memcpy_w.o)
    0x080003fa   0x00000006   Code   RO         2155    .text               c_w.l(heapauxi.o)
    0x08000400   0x000000b2   Code   RO         2184    .text               c_w.l(_printf_intcommon.o)
    0x080004b2   0x0000041a   Code   RO         2186    .text               c_w.l(_printf_fp_dec.o)
    0x080008cc   0x00000030   Code   RO         2188    .text               c_w.l(_printf_char_common.o)
    0x080008fc   0x0000000a   Code   RO         2190    .text               c_w.l(_sputc.o)
    0x08000906   0x00000002   PAD
    0x08000908   0x00000008   Code   RO         2220    .text               c_w.l(rt_locale_intlibspace.o)
    0x08000910   0x0000008a   Code   RO         2222    .text               c_w.l(lludiv10.o)
    0x0800099a   0x00000002   PAD
    0x0800099c   0x00000080   Code   RO         2224    .text               c_w.l(_printf_fp_infnan.o)
    0x08000a1c   0x000000dc   Code   RO         2228    .text               c_w.l(bigflt0.o)
    0x08000af8   0x00000008   Code   RO         2260    .text               c_w.l(libspace.o)
    0x08000b00   0x0000004a   Code   RO         2263    .text               c_w.l(sys_stackheap_outer.o)
    0x08000b4a   0x00000012   Code   RO         2265    .text               c_w.l(exit.o)
    0x08000b5c   0x00000080   Code   RO         2267    .text               c_w.l(strcmpv7m.o)
    0x08000bdc   0x0000000c   Code   RO         2339    .text               c_w.l(sys_exit.o)
    0x08000be8   0x00000002   Code   RO         2350    .text               c_w.l(use_no_semi.o)
    0x08000bea   0x00000000   Code   RO         2352    .text               c_w.l(indicate_semi.o)
    0x08000bea   0x0000003e   Code   RO         2231    CL$$btod_d2e        c_w.l(btod.o)
    0x08000c28   0x00000046   Code   RO         2233    CL$$btod_d2e_denorm_low  c_w.l(btod.o)
    0x08000c6e   0x00000060   Code   RO         2232    CL$$btod_d2e_norm_op1  c_w.l(btod.o)
    0x08000cce   0x00000338   Code   RO         2241    CL$$btod_div_common  c_w.l(btod.o)
    0x08001006   0x000000c6   Code   RO         2238    CL$$btod_e2e        c_w.l(btod.o)
    0x080010cc   0x00000028   Code   RO         2235    CL$$btod_ediv       c_w.l(btod.o)
    0x080010f4   0x00000028   Code   RO         2234    CL$$btod_emul       c_w.l(btod.o)
    0x0800111c   0x00000244   Code   RO         2240    CL$$btod_mult_common  c_w.l(btod.o)
    0x08001360   0x00000016   Code   RO          739    i.ADC_Cmd           stm32f10x_adc.o
    0x08001376   0x00000008   Code   RO          748    i.ADC_GetConversionValue  stm32f10x_adc.o
    0x0800137e   0x00000012   Code   RO          750    i.ADC_GetFlagStatus  stm32f10x_adc.o
    0x08001390   0x00000050   Code   RO          757    i.ADC_Init          stm32f10x_adc.o
    0x080013e0   0x000000b8   Code   RO          761    i.ADC_RegularChannelConfig  stm32f10x_adc.o
    0x08001498   0x00000016   Code   RO          764    i.ADC_SoftwareStartConvCmd  stm32f10x_adc.o
    0x080014ae   0x00000010   Code   RO         1107    i.BKP_DeInit        stm32f10x_bkp.o
    0x080014be   0x00000002   PAD
    0x080014c0   0x0000001c   Code   RO         1112    i.BKP_ReadBackupRegister  stm32f10x_bkp.o
    0x080014dc   0x0000001c   Code   RO         1116    i.BKP_WriteBackupRegister  stm32f10x_bkp.o
    0x080014f8   0x00000004   Code   RO         2023    i.BusFault_Handler  stm32f10x_it.o
    0x080014fc   0x00000002   Code   RO         2024    i.DebugMon_Handler  stm32f10x_it.o
    0x080014fe   0x00000012   Code   RO         1913    i.Delay             nrf24l01.o
    0x08001510   0x00000040   Code   RO         1296    i.EXTI9_5_IRQHandler  eint.o
    0x08001550   0x0000000c   Code   RO          458    i.EXTI_ClearITPendingBit  stm32f10x_exti.o
    0x0800155c   0x00000028   Code   RO          462    i.EXTI_GetITStatus  stm32f10x_exti.o
    0x08001584   0x00000094   Code   RO          463    i.EXTI_Init         stm32f10x_exti.o
    0x08001618   0x00000040   Code   RO           27    i.GPIO_EXTILineConfig  stm32f10x_gpio.o
    0x08001658   0x00000116   Code   RO           30    i.GPIO_Init         stm32f10x_gpio.o
    0x0800176e   0x00000002   PAD
    0x08001770   0x00000090   Code   RO           32    i.GPIO_PinRemapConfig  stm32f10x_gpio.o
    0x08001800   0x00000012   Code   RO           34    i.GPIO_ReadInputDataBit  stm32f10x_gpio.o
    0x08001812   0x00000004   Code   RO           37    i.GPIO_ResetBits    stm32f10x_gpio.o
    0x08001816   0x00000004   Code   RO           38    i.GPIO_SetBits      stm32f10x_gpio.o
    0x0800181a   0x00000004   Code   RO         2025    i.HardFault_Handler  stm32f10x_it.o
    0x0800181e   0x00000002   PAD
    0x08001820   0x00000038   Code   RO         1622    i.IIC_Ack           gpio_iic.o
    0x08001858   0x0000006c   Code   RO         1623    i.IIC_Init          gpio_iic.o
    0x080018c4   0x00000038   Code   RO         1624    i.IIC_NAck          gpio_iic.o
    0x080018fc   0x00000060   Code   RO         1625    i.IIC_Recv_Byte     gpio_iic.o
    0x0800195c   0x00000014   Code   RO         1626    i.IIC_Sda_In        gpio_iic.o
    0x08001970   0x00000014   Code   RO         1627    i.IIC_Sda_Out       gpio_iic.o
    0x08001984   0x00000050   Code   RO         1628    i.IIC_Send_Byte     gpio_iic.o
    0x080019d4   0x00000038   Code   RO         1629    i.IIC_Start         gpio_iic.o
    0x08001a0c   0x0000003c   Code   RO         1630    i.IIC_Stop          gpio_iic.o
    0x08001a48   0x0000004c   Code   RO         1631    i.IIC_Wait_Ack      gpio_iic.o
    0x08001a94   0x00000004   Code   RO         2026    i.MemManage_Handler  stm32f10x_it.o
    0x08001a98   0x00000002   Code   RO         2027    i.NMI_Handler       stm32f10x_it.o
    0x08001a9a   0x00000002   PAD
    0x08001a9c   0x0000004c   Code   RO         1914    i.NRF_Check         nrf24l01.o
    0x08001ae8   0x00000070   Code   RO         1917    i.NRF_TX_Mode       nrf24l01.o
    0x08001b58   0x00000068   Code   RO         1918    i.NRF_Tx_Dat        nrf24l01.o
    0x08001bc0   0x00000028   Code   RO         1817    i.NVIC_Configuration  rtc.o
    0x08001be8   0x00000070   Code   RO          421    i.NVIC_Init         misc.o
    0x08001c58   0x00000014   Code   RO          422    i.NVIC_PriorityGroupConfig  misc.o
    0x08001c6c   0x00000040   Code   RO         1443    i.OLED_Clear        oled.o
    0x08001cac   0x000000e8   Code   RO         1447    i.OLED_Init         oled.o
    0x08001d94   0x0000002a   Code   RO         1449    i.OLED_Set_Pos      oled.o
    0x08001dbe   0x00000002   PAD
    0x08001dc0   0x000000a4   Code   RO         1451    i.OLED_ShowChar     oled.o
    0x08001e64   0x00000088   Code   RO         1453    i.OLED_ShowNum      oled.o
    0x08001eec   0x0000003a   Code   RO         1454    i.OLED_ShowString   oled.o
    0x08001f26   0x00000018   Code   RO         1457    i.OLED_WR_Byte      oled.o
    0x08001f3e   0x00000002   PAD
    0x08001f40   0x0000000c   Code   RO         1045    i.PWR_BackupAccessCmd  stm32f10x_pwr.o
    0x08001f4c   0x00000002   Code   RO         2028    i.PendSV_Handler    stm32f10x_it.o
    0x08001f4e   0x00000002   PAD
    0x08001f50   0x00000020   Code   RO          223    i.RCC_APB1PeriphClockCmd  stm32f10x_rcc.o
    0x08001f70   0x00000020   Code   RO          225    i.RCC_APB2PeriphClockCmd  stm32f10x_rcc.o
    0x08001f90   0x0000000c   Code   RO          228    i.RCC_BackupResetCmd  stm32f10x_rcc.o
    0x08001f9c   0x000000d4   Code   RO          233    i.RCC_GetClocksFreq  stm32f10x_rcc.o
    0x08002070   0x0000003c   Code   RO          234    i.RCC_GetFlagStatus  stm32f10x_rcc.o
    0x080020ac   0x00000034   Code   RO          241    i.RCC_LSEConfig     stm32f10x_rcc.o
    0x080020e0   0x0000000c   Code   RO          248    i.RCC_RTCCLKCmd     stm32f10x_rcc.o
    0x080020ec   0x00000010   Code   RO          249    i.RCC_RTCCLKConfig  stm32f10x_rcc.o
    0x080020fc   0x00000010   Code   RO          956    i.RTC_ClearITPendingBit  stm32f10x_rtc.o
    0x0800210c   0x00000060   Code   RO         1818    i.RTC_Configuration  rtc.o
    0x0800216c   0x00000014   Code   RO          957    i.RTC_EnterConfigMode  stm32f10x_rtc.o
    0x08002180   0x00000014   Code   RO          958    i.RTC_ExitConfigMode  stm32f10x_rtc.o
    0x08002194   0x00000014   Code   RO          959    i.RTC_GetCounter    stm32f10x_rtc.o
    0x080021a8   0x00000024   Code   RO          962    i.RTC_GetITStatus   stm32f10x_rtc.o
    0x080021cc   0x00000020   Code   RO         1819    i.RTC_IRQHandler    rtc.o
    0x080021ec   0x00000020   Code   RO          963    i.RTC_ITConfig      stm32f10x_rtc.o
    0x0800220c   0x0000001c   Code   RO          965    i.RTC_SetCounter    stm32f10x_rtc.o
    0x08002228   0x00000020   Code   RO          966    i.RTC_SetPrescaler  stm32f10x_rtc.o
    0x08002248   0x00000014   Code   RO          967    i.RTC_WaitForLastTask  stm32f10x_rtc.o
    0x0800225c   0x00000024   Code   RO          968    i.RTC_WaitForSynchro  stm32f10x_rtc.o
    0x08002280   0x000000b4   Code   RO         1919    i.SPI2_For_Nrf24l01  nrf24l01.o
    0x08002334   0x00000014   Code   RO         1920    i.SPI_NRF_Init      nrf24l01.o
    0x08002348   0x00000058   Code   RO         1921    i.SPI_NRF_RW        nrf24l01.o
    0x080023a0   0x00000048   Code   RO         1922    i.SPI_NRF_ReadBuf   nrf24l01.o
    0x080023e8   0x00000034   Code   RO         1923    i.SPI_NRF_ReadReg   nrf24l01.o
    0x0800241c   0x00000048   Code   RO         1924    i.SPI_NRF_WriteBuf  nrf24l01.o
    0x08002464   0x00000034   Code   RO         1925    i.SPI_NRF_WriteReg  nrf24l01.o
    0x08002498   0x00000002   Code   RO         2029    i.SVC_Handler       stm32f10x_it.o
    0x0800249a   0x00000008   Code   RO         2086    i.SetSysClock       system_stm32f10x.o
    0x080024a2   0x00000002   PAD
    0x080024a4   0x000000e0   Code   RO         2087    i.SetSysClockTo72   system_stm32f10x.o
    0x08002584   0x00000028   Code   RO          425    i.SysTick_CLKSourceConfig  misc.o
    0x080025ac   0x00000002   Code   RO         2030    i.SysTick_Handler   stm32f10x_it.o
    0x080025ae   0x00000002   PAD
    0x080025b0   0x00000060   Code   RO         2089    i.SystemInit        system_stm32f10x.o
    0x08002610   0x00000034   Code   RO         1347    i.USART1_IRQHandler  usart1.o
    0x08002644   0x0000001e   Code   RO          554    i.USART_ClearITPendingBit  stm32f10x_usart.o
    0x08002662   0x00000018   Code   RO          557    i.USART_Cmd         stm32f10x_usart.o
    0x0800267a   0x00000054   Code   RO          561    i.USART_GetITStatus  stm32f10x_usart.o
    0x080026ce   0x0000004a   Code   RO          563    i.USART_ITConfig    stm32f10x_usart.o
    0x08002718   0x000000d8   Code   RO          564    i.USART_Init        stm32f10x_usart.o
    0x080027f0   0x0000000a   Code   RO          571    i.USART_ReceiveData  stm32f10x_usart.o
    0x080027fa   0x00000004   Code   RO         2031    i.UsageFault_Handler  stm32f10x_it.o
    0x080027fe   0x0000002c   Code   RO         1459    i.Write_IIC_Command  oled.o
    0x0800282a   0x0000002c   Code   RO         1460    i.Write_IIC_Data    oled.o
    0x08002856   0x00000028   Code   RO         2258    i.__ARM_fpclassify  m_ws.l(fpclassify.o)
    0x0800287e   0x0000000e   Code   RO         2140    i._is_digit         c_w.l(__printf_wp.o)
    0x0800288c   0x00000070   Code   RO         1772    i.adc_init          adj_res.o
    0x080028fc   0x00000010   Code   RO         1773    i.adc_start         adj_res.o
    0x0800290c   0x00000018   Code   RO         1774    i.adc_wait          adj_res.o
    0x08002924   0x00000008   Code   RO         1775    i.adj_res_init      adj_res.o
    0x0800292c   0x0000002c   Code   RO         1240    i.button_init       button.o
    0x08002958   0x00000034   Code   RO         1183    i.buzzer_init       buzzer.o
    0x0800298c   0x000000e8   Code   RO         1820    i.conv_time         rtc.o
    0x08002a74   0x00000034   Code   RO         1261    i.delay_init        delay.o
    0x08002aa8   0x00000038   Code   RO         1262    i.delay_ms          delay.o
    0x08002ae0   0x0000004c   Code   RO         1263    i.delay_us          delay.o
    0x08002b2c   0x0000004c   Code   RO         1264    i.delay_xms         delay.o
    0x08002b78   0x0000000c   Code   RO         1395    i.dht_init          dht.o
    0x08002b84   0x00000010   Code   RO         1396    i.dht_input_state   dht.o
    0x08002b94   0x00000020   Code   RO         1397    i.dht_output_state  dht.o
    0x08002bb4   0x00000008   Code   RO         1696    i.eeprom_init       eeprom.o
    0x08002bbc   0x00000080   Code   RO         1297    i.eint_init         eint.o
    0x08002c3c   0x00000010   Code   RO         1776    i.get_adc_value     adj_res.o
    0x08002c4c   0x00000010   Code   RO         1777    i.get_adj_res_value  adj_res.o
    0x08002c5c   0x000000b4   Code   RO         1398    i.get_dht_value     dht.o
    0x08002d10   0x00000034   Code   RO         1822    i.isLeapYear        rtc.o
    0x08002d44   0x00000090   Code   RO         1883    i.ldt_init          ldt.o
    0x08002dd4   0x00000044   Code   RO         1213    i.led_init          led.o
    0x08002e18   0x00000030   Code   RO         1214    i.led_off           led.o
    0x08002e48   0x00000030   Code   RO         1215    i.led_on            led.o
    0x08002e78   0x00000230   Code   RO         2000    i.main              main.o
    0x080030a8   0x00000016   Code   RO         1462    i.oled_pow          oled.o
    0x080030be   0x00000052   Code   RO         1823    i.rtc_init          rtc.o
    0x08003110   0x0000001c   Code   RO         1399    i.set_dht_gpio_input  dht.o
    0x0800312c   0x00000024   Code   RO         1400    i.set_dht_gpio_output  dht.o
    0x08003150   0x000000c8   Code   RO         1824    i.set_time          rtc.o
    0x08003218   0x0000004c   Code   RO         1739    i.sht_init          sht.o
    0x08003264   0x000000f0   Code   RO         1740    i.sht_read_data     sht.o
    0x08003354   0x00000042   Code   RO         1741    i.sht_write_mode    sht.o
    0x08003396   0x00000036   Code   RO         1742    i.sht_write_read_cmd  sht.o
    0x080033cc   0x000000ac   Code   RO         1349    i.usart_1_init      usart1.o
    0x08003478   0x0000002c   Code   RO         2254    locale$$code        c_w.l(lc_numeric_c.o)
    0x080034a4   0x00000062   Code   RO         2159    x$fpl$d2f           fz_ws.l(d2f.o)
    0x08003506   0x00000002   PAD
    0x08003508   0x00000150   Code   RO         2161    x$fpl$dadd          fz_ws.l(daddsub_clz.o)
    0x08003658   0x000002b0   Code   RO         2168    x$fpl$ddiv          fz_ws.l(ddiv.o)
    0x08003908   0x00000026   Code   RO         2171    x$fpl$dfltu         fz_ws.l(dflt_clz.o)
    0x0800392e   0x00000002   PAD
    0x08003930   0x00000154   Code   RO         2177    x$fpl$dmul          fz_ws.l(dmul.o)
    0x08003a84   0x0000009c   Code   RO         2193    x$fpl$dnaninf       fz_ws.l(dnaninf.o)
    0x08003b20   0x0000000c   Code   RO         2195    x$fpl$dretinf       fz_ws.l(dretinf.o)
    0x08003b2c   0x000001d4   Code   RO         2163    x$fpl$dsub          fz_ws.l(daddsub_clz.o)
    0x08003d00   0x00000056   Code   RO         2179    x$fpl$f2d           fz_ws.l(f2d.o)
    0x08003d56   0x0000008c   Code   RO         2197    x$fpl$fnaninf       fz_ws.l(fnaninf.o)
    0x08003de2   0x0000000a   Code   RO         2199    x$fpl$fretinf       fz_ws.l(fretinf.o)
    0x08003dec   0x00000004   Code   RO         2181    x$fpl$printf1       fz_ws.l(printf1.o)
    0x08003df0   0x00000000   Code   RO         2201    x$fpl$usenofp       fz_ws.l(usenofp.o)
    0x08003df0   0x00000818   Data   RO         1463    .constdata          oled.o
    0x08004608   0x0000000c   Data   RO         1826    .constdata          rtc.o
    0x08004614   0x0000001c   Data   RO         2001    .constdata          main.o
    0x08004630   0x00000094   Data   RO         2229    .constdata          c_w.l(bigflt0.o)
    0x080046c4   0x00000020   Data   RO         2399    Region$$Table       anon$$obj.o
    0x080046e4   0x0000001c   Data   RO         2253    locale$$data        c_w.l(lc_numeric_c.o)


    Execution Region ER_RW (Base: 0x20000000, Size: 0x00000030, Max: 0xffffffff, ABSOLUTE)

    Base Addr    Size         Type   Attr      Idx    E Section Name        Object

    0x20000000   0x00000014   Data   RW          253    .data               stm32f10x_rcc.o
    0x20000014   0x00000004   Data   RW         1265    .data               delay.o
    0x20000018   0x00000008   Data   RW         1299    .data               eint.o
    0x20000020   0x00000004   Data   RW         1353    .data               usart1.o
    0x20000024   0x0000000c   Data   RW         1632    .data               gpio_iic.o


    Execution Region ER_ZI (Base: 0x20000030, Size: 0x00000680, Max: 0xffffffff, ABSOLUTE)

    Base Addr    Size         Type   Attr      Idx    E Section Name        Object

    0x20000030   0x0000001c   Zero   RW         1825    .bss                rtc.o
    0x2000004c   0x00000060   Zero   RW         2261    .bss                c_w.l(libspace.o)
    0x200000ac   0x00000004   PAD
    0x200000b0   0x00000200   Zero   RW           18    HEAP                startup_stm32f10x_md.o
    0x200002b0   0x00000400   Zero   RW           17    STACK               startup_stm32f10x_md.o


==============================================================================

Image component sizes


      Code (inc. data)   RO Data    RW Data    ZI Data      Debug   Object Name

       192         26          0          0          0       2861   adj_res.o
        44          4          0          0          0        478   button.o
        52          8          0          0          0        482   buzzer.o
         0          0          0          0          0       4532   core_cm3.o
       260         18          0          4          0       2303   delay.o
       304         20          0          0          0       3187   dht.o
         8          0          0          0          0        442   eeprom.o
       192         14          0          8          0       1613   eint.o
       628        104          0         12          0       5468   gpio_iic.o
       144         38          0          0          0        511   ldt.o
       164         20          0          0          0       1430   led.o
       560        114         28          0          0        899   main.o
       172         22          0          0          0       1997   misc.o
       846         60          0          0          0       8501   nrf24l01.o
       830         10       2072          0          0       7560   oled.o
       734         32         12          0         28       4825   rtc.o
       436         18          0          0          0       2129   sht.o
        64         26        236          0       1536        812   startup_stm32f10x_md.o
       334         10          0          0          0       5728   stm32f10x_adc.o
        72         10          0          0          0       2624   stm32f10x_bkp.o
       200         18          0          0          0       2044   stm32f10x_exti.o
       512         10          0          0          0     242720   stm32f10x_gpio.o
        26          0          0          0          0       3926   stm32f10x_it.o
        12          6          0          0          0        498   stm32f10x_pwr.o
       428         58          0         20          0       7042   stm32f10x_rcc.o
       260         48          0          0          0       5040   stm32f10x_rtc.o
       438          6          0          0          0       5528   stm32f10x_usart.o
       328         28          0          0          0       1897   system_stm32f10x.o
       224         18          0          4          0       1662   usart1.o

    ----------------------------------------------------------------------
      8482        746       2380         48       1564     328739   Object Totals
         0          0         32          0          0          0   (incl. Generated)
        18          0          0          0          0          0   (incl. Padding)

    ----------------------------------------------------------------------

      Code (inc. data)   RO Data    RW Data    ZI Data      Debug   Library Member Name

         8          0          0          0          0         68   __main.o
       284          0          0          0          0        156   __printf_wp.o
         0          0          0          0          0          0   __rtentry.o
        12          0          0          0          0          0   __rtentry2.o
         6          0          0          0          0          0   __rtentry4.o
        52          8          0          0          0          0   __scatter.o
        26          0          0          0          0          0   __scatter_copy.o
        28          0          0          0          0          0   __scatter_zi.o
        48          6          0          0          0         96   _printf_char_common.o
         6          0          0          0          0          0   _printf_d.o
       120         16          0          0          0         92   _printf_dec.o
         6          0          0          0          0          0   _printf_f.o
      1050          0          0          0          0        216   _printf_fp_dec.o
       128         16          0          0          0         84   _printf_fp_infnan.o
       178          0          0          0          0         88   _printf_intcommon.o
         0          0          0          0          0          0   _printf_percent.o
         4          0          0          0          0          0   _printf_percent_end.o
        10          0          0          0          0         68   _sputc.o
       220          4        148          0          0         96   bigflt0.o
      1910        128          0          0          0        672   btod.o
        18          0          0          0          0         80   exit.o
         6          0          0          0          0        152   heapauxi.o
         0          0          0          0          0          0   indicate_semi.o
        44         10         28          0          0         76   lc_numeric_c.o
         2          0          0          0          0          0   libinit.o
        18          0          0          0          0          0   libinit2.o
         2          0          0          0          0          0   libshutdown.o
         2          0          0          0          0          0   libshutdown2.o
         8          4          0          0         96         68   libspace.o
       138          0          0          0          0         80   lludiv10.o
        40          6          0          0          0         84   noretval__2sprintf.o
         8          4          0          0          0         68   rt_locale_intlibspace.o
       100          0          0          0          0         80   rt_memcpy_w.o
         2          0          0          0          0          0   rtexit.o
        10          0          0          0          0          0   rtexit2.o
       128          0          0          0          0         68   strcmpv7m.o
        12          4          0          0          0         68   sys_exit.o
        74          0          0          0          0         80   sys_stackheap_outer.o
         2          0          0          0          0         68   use_no_semi.o
        98          4          0          0          0         92   d2f.o
       804         16          0          0          0        272   daddsub_clz.o
       688        140          0          0          0        208   ddiv.o
        38          0          0          0          0         68   dflt_clz.o
       340         12          0          0          0        104   dmul.o
       156          4          0          0          0         92   dnaninf.o
        12          0          0          0          0         68   dretinf.o
        86          4          0          0          0         84   f2d.o
       140          4          0          0          0         84   fnaninf.o
        10          0          0          0          0         68   fretinf.o
         4          0          0          0          0         68   printf1.o
         0          0          0          0          0          0   usenofp.o
        40          0          0          0          0         68   fpclassify.o

    ----------------------------------------------------------------------
      7138        390        176          0        100       3884   Library Totals
        12          0          0          0          4          0   (incl. Padding)

    ----------------------------------------------------------------------

      Code (inc. data)   RO Data    RW Data    ZI Data      Debug   Library Name

      4710        206        176          0         96       2608   c_w.l
      2376        184          0          0          0       1208   fz_ws.l
        40          0          0          0          0         68   m_ws.l

    ----------------------------------------------------------------------
      7138        390        176          0        100       3884   Library Totals

    ----------------------------------------------------------------------

==============================================================================


      Code (inc. data)   RO Data    RW Data    ZI Data      Debug   

     15620       1136       2556         48       1664     324247   Grand Totals
     15620       1136       2556         48       1664     324247   ELF Image Totals
     15620       1136       2556         48          0          0   ROM Totals

==============================================================================

    Total RO  Size (Code + RO Data)                18176 (  17.75kB)
    Total RW  Size (RW Data + ZI Data)              1712 (   1.67kB)
    Total ROM Size (Code + RO Data + RW Data)      18224 (  17.80kB)

==============================================================================

