Component: ARM Compiler 5.06 update 2 (build 183) Tool: armlink [4d35b7]

==============================================================================

Section Cross References

    startup_stm32f10x_md.o(STACK) refers (Special) to heapauxi.o(.text) for __use_two_region_memory
    startup_stm32f10x_md.o(HEAP) refers (Special) to heapauxi.o(.text) for __use_two_region_memory
    startup_stm32f10x_md.o(RESET) refers (Special) to heapauxi.o(.text) for __use_two_region_memory
    startup_stm32f10x_md.o(RESET) refers to startup_stm32f10x_md.o(STACK) for __initial_sp
    startup_stm32f10x_md.o(RESET) refers to startup_stm32f10x_md.o(.text) for Reset_Handler
    startup_stm32f10x_md.o(RESET) refers to stm32f10x_it.o(i.NMI_Handler) for NMI_Handler
    startup_stm32f10x_md.o(RESET) refers to stm32f10x_it.o(i.HardFault_Handler) for HardFault_Handler
    startup_stm32f10x_md.o(RESET) refers to stm32f10x_it.o(i.MemManage_Handler) for MemManage_Handler
    startup_stm32f10x_md.o(RESET) refers to stm32f10x_it.o(i.BusFault_Handler) for BusFault_Handler
    startup_stm32f10x_md.o(RESET) refers to stm32f10x_it.o(i.UsageFault_Handler) for UsageFault_Handler
    startup_stm32f10x_md.o(RESET) refers to stm32f10x_it.o(i.SVC_Handler) for SVC_Handler
    startup_stm32f10x_md.o(RESET) refers to stm32f10x_it.o(i.DebugMon_Handler) for DebugMon_Handler
    startup_stm32f10x_md.o(RESET) refers to stm32f10x_it.o(i.PendSV_Handler) for PendSV_Handler
    startup_stm32f10x_md.o(RESET) refers to stm32f10x_it.o(i.SysTick_Handler) for SysTick_Handler
    startup_stm32f10x_md.o(RESET) refers to rtc.o(i.RTC_IRQHandler) for RTC_IRQHandler
    startup_stm32f10x_md.o(RESET) refers to eint.o(i.EXTI9_5_IRQHandler) for EXTI9_5_IRQHandler
    startup_stm32f10x_md.o(RESET) refers to usart1.o(i.USART1_IRQHandler) for USART1_IRQHandler
    startup_stm32f10x_md.o(.text) refers (Special) to heapauxi.o(.text) for __use_two_region_memory
    startup_stm32f10x_md.o(.text) refers to system_stm32f10x.o(i.SystemInit) for SystemInit
    startup_stm32f10x_md.o(.text) refers to __main.o(!!!main) for __main
    startup_stm32f10x_md.o(.text) refers to startup_stm32f10x_md.o(HEAP) for Heap_Mem
    startup_stm32f10x_md.o(.text) refers to startup_stm32f10x_md.o(STACK) for Stack_Mem
    stm32f10x_gpio.o(i.GPIO_AFIODeInit) refers to stm32f10x_rcc.o(i.RCC_APB2PeriphResetCmd) for RCC_APB2PeriphResetCmd
    stm32f10x_gpio.o(i.GPIO_DeInit) refers to stm32f10x_rcc.o(i.RCC_APB2PeriphResetCmd) for RCC_APB2PeriphResetCmd
    stm32f10x_rcc.o(i.RCC_GetClocksFreq) refers to stm32f10x_rcc.o(.data) for APBAHBPrescTable
    stm32f10x_rcc.o(i.RCC_WaitForHSEStartUp) refers to stm32f10x_rcc.o(i.RCC_GetFlagStatus) for RCC_GetFlagStatus
    stm32f10x_usart.o(i.USART_DeInit) refers to stm32f10x_rcc.o(i.RCC_APB2PeriphResetCmd) for RCC_APB2PeriphResetCmd
    stm32f10x_usart.o(i.USART_DeInit) refers to stm32f10x_rcc.o(i.RCC_APB1PeriphResetCmd) for RCC_APB1PeriphResetCmd
    stm32f10x_usart.o(i.USART_Init) refers to stm32f10x_rcc.o(i.RCC_GetClocksFreq) for RCC_GetClocksFreq
    stm32f10x_adc.o(i.ADC_DeInit) refers to stm32f10x_rcc.o(i.RCC_APB2PeriphResetCmd) for RCC_APB2PeriphResetCmd
    stm32f10x_rtc.o(i.RTC_SetAlarm) refers to stm32f10x_rtc.o(i.RTC_EnterConfigMode) for RTC_EnterConfigMode
    stm32f10x_rtc.o(i.RTC_SetAlarm) refers to stm32f10x_rtc.o(i.RTC_ExitConfigMode) for RTC_ExitConfigMode
    stm32f10x_rtc.o(i.RTC_SetCounter) refers to stm32f10x_rtc.o(i.RTC_EnterConfigMode) for RTC_EnterConfigMode
    stm32f10x_rtc.o(i.RTC_SetCounter) refers to stm32f10x_rtc.o(i.RTC_ExitConfigMode) for RTC_ExitConfigMode
    stm32f10x_rtc.o(i.RTC_SetPrescaler) refers to stm32f10x_rtc.o(i.RTC_EnterConfigMode) for RTC_EnterConfigMode
    stm32f10x_rtc.o(i.RTC_SetPrescaler) refers to stm32f10x_rtc.o(i.RTC_ExitConfigMode) for RTC_ExitConfigMode
    stm32f10x_pwr.o(i.PWR_DeInit) refers to stm32f10x_rcc.o(i.RCC_APB1PeriphResetCmd) for RCC_APB1PeriphResetCmd
    stm32f10x_bkp.o(i.BKP_DeInit) refers to stm32f10x_rcc.o(i.RCC_BackupResetCmd) for RCC_BackupResetCmd
    buzzer.o(i.buzzer_init) refers to stm32f10x_rcc.o(i.RCC_APB2PeriphClockCmd) for RCC_APB2PeriphClockCmd
    buzzer.o(i.buzzer_init) refers to stm32f10x_gpio.o(i.GPIO_Init) for GPIO_Init
    led.o(i.led_init) refers to stm32f10x_rcc.o(i.RCC_APB2PeriphClockCmd) for RCC_APB2PeriphClockCmd
    led.o(i.led_init) refers to stm32f10x_gpio.o(i.GPIO_Init) for GPIO_Init
    button.o(i.button_init) refers to stm32f10x_rcc.o(i.RCC_APB2PeriphClockCmd) for RCC_APB2PeriphClockCmd
    button.o(i.button_init) refers to stm32f10x_gpio.o(i.GPIO_Init) for GPIO_Init
    delay.o(i.delay_init) refers to misc.o(i.SysTick_CLKSourceConfig) for SysTick_CLKSourceConfig
    delay.o(i.delay_init) refers to delay.o(.data) for fac_us
    delay.o(i.delay_ms) refers to delay.o(i.delay_xms) for delay_xms
    delay.o(i.delay_us) refers to delay.o(.data) for fac_us
    delay.o(i.delay_xms) refers to delay.o(.data) for fac_ms
[...]
    Removing stm32f10x_gpio.o(i.GPIO_WriteBit), (10 bytes).
    Removing stm32f10x_rcc.o(i.RCC_ADCCLKConfig), (24 bytes).
    Removing stm32f10x_rcc.o(i.RCC_AHBPeriphClockCmd), (32 bytes).
    Removing stm32f10x_rcc.o(i.RCC_APB1PeriphClockCmd), (32 bytes).
    Removing stm32f10x_rcc.o(i.RCC_APB1PeriphResetCmd), (32 bytes).
    Removing stm32f10x_rcc.o(i.RCC_APB2PeriphResetCmd), (32 bytes).
    Removing stm32f10x_rcc.o(i.RCC_AdjustHSICalibrationValue), (24 bytes).
    Removing stm32f10x_rcc.o(i.RCC_BackupResetCmd), (12 bytes).
    Removing stm32f10x_rcc.o(i.RCC_ClearFlag), (20 bytes).
    Removing stm32f10x_rcc.o(i.RCC_ClearITPendingBit), (12 bytes).
    Removing stm32f10x_rcc.o(i.RCC_ClockSecuritySystemCmd), (12 bytes).
    Removing stm32f10x_rcc.o(i.RCC_DeInit), (76 bytes).
    Removing stm32f10x_rcc.o(i.RCC_GetClocksFreq), (212 bytes).
    Removing stm32f10x_rcc.o(i.RCC_GetFlagStatus), (60 bytes).
    Removing stm32f10x_rcc.o(i.RCC_GetITStatus), (24 bytes).
    Removing stm32f10x_rcc.o(i.RCC_GetSYSCLKSource), (16 bytes).
    Removing stm32f10x_rcc.o(i.RCC_HCLKConfig), (24 bytes).
    Removing stm32f10x_rcc.o(i.RCC_HSEConfig), (76 bytes).
    Removing stm32f10x_rcc.o(i.RCC_HSICmd), (12 bytes).
    Removing stm32f10x_rcc.o(i.RCC_ITConfig), (32 bytes).
    Removing stm32f10x_rcc.o(i.RCC_LSEConfig), (52 bytes).
    Removing stm32f10x_rcc.o(i.RCC_LSICmd), (12 bytes).
    Removing stm32f10x_rcc.o(i.RCC_MCOConfig), (12 bytes).
    Removing stm32f10x_rcc.o(i.RCC_PCLK1Config), (24 bytes).
    Removing stm32f10x_rcc.o(i.RCC_PCLK2Config), (24 bytes).
    Removing stm32f10x_rcc.o(i.RCC_PLLCmd), (12 bytes).
    Removing stm32f10x_rcc.o(i.RCC_PLLConfig), (28 bytes).
    Removing stm32f10x_rcc.o(i.RCC_RTCCLKCmd), (12 bytes).
    Removing stm32f10x_rcc.o(i.RCC_RTCCLKConfig), (16 bytes).
    Removing stm32f10x_rcc.o(i.RCC_SYSCLKConfig), (24 bytes).
    Removing stm32f10x_rcc.o(i.RCC_USBCLKConfig), (12 bytes).
    Removing stm32f10x_rcc.o(i.RCC_WaitForHSEStartUp), (56 bytes).
    Removing stm32f10x_rcc.o(.data), (20 bytes).
    Removing misc.o(i.NVIC_Init), (112 bytes).
    Removing misc.o(i.NVIC_PriorityGroupConfig), (20 bytes).
    Removing misc.o(i.NVIC_SetVectorTable), (20 bytes).
    Removing misc.o(i.NVIC_SystemLPConfig), (32 bytes).
    Removing stm32f10x_exti.o(i.EXTI_ClearFlag), (12 bytes).
    Removing stm32f10x_exti.o(i.EXTI_DeInit), (36 bytes).
    Removing stm32f10x_exti.o(i.EXTI_GenerateSWInterrupt), (16 bytes).
    Removing stm32f10x_exti.o(i.EXTI_GetFlagStatus), (24 bytes).
    Removing stm32f10x_exti.o(i.EXTI_Init), (148 bytes).
    Removing stm32f10x_exti.o(i.EXTI_StructInit), (16 bytes).
    Removing stm32f10x_iwdg.o(i.IWDG_Enable), (16 bytes).
    Removing stm32f10x_iwdg.o(i.IWDG_GetFlagStatus), (24 bytes).
    Removing stm32f10x_iwdg.o(i.IWDG_ReloadCounter), (16 bytes).
    Removing stm32f10x_iwdg.o(i.IWDG_SetPrescaler), (12 bytes).
    Removing stm32f10x_iwdg.o(i.IWDG_SetReload), (12 bytes).
    Removing stm32f10x_iwdg.o(i.IWDG_WriteAccessCmd), (12 bytes).
    Removing stm32f10x_usart.o(i.USART_ClearFlag), (18 bytes).
    Removing stm32f10x_usart.o(i.USART_ClockInit), (34 bytes).
    Removing stm32f10x_usart.o(i.USART_ClockStructInit), (12 bytes).
    Removing stm32f10x_usart.o(i.USART_Cmd), (24 bytes).
    Removing stm32f10x_usart.o(i.USART_DMACmd), (18 bytes).
    Removing stm32f10x_usart.o(i.USART_DeInit), (156 bytes).
    Removing stm32f10x_usart.o(i.USART_GetFlagStatus), (26 bytes).
    Removing stm32f10x_usart.o(i.USART_HalfDuplexCmd), (24 bytes).
    Removing stm32f10x_usart.o(i.USART_ITConfig), (74 bytes).
    Removing stm32f10x_usart.o(i.USART_Init), (216 bytes).
    Removing stm32f10x_usart.o(i.USART_IrDACmd), (24 bytes).
    Removing stm32f10x_usart.o(i.USART_IrDAConfig), (18 bytes).
    Removing stm32f10x_usart.o(i.USART_LINBreakDetectLengthConfig), (18 bytes).
    Removing stm32f10x_usart.o(i.USART_LINCmd), (24 bytes).
    Removing stm32f10x_usart.o(i.USART_OneBitMethodCmd), (24 bytes).
    Removing stm32f10x_usart.o(i.USART_OverSampling8Cmd), (22 bytes).
    Removing stm32f10x_usart.o(i.USART_ReceiverWakeUpCmd), (24 bytes).
    Removing stm32f10x_usart.o(i.USART_SendBreak), (10 bytes).
    Removing stm32f10x_usart.o(i.USART_SendData), (8 bytes).
    Removing stm32f10x_usart.o(i.USART_SetAddress), (18 bytes).
    Removing stm32f10x_usart.o(i.USART_SetGuardTime), (16 bytes).
    Removing stm32f10x_usart.o(i.USART_SetPrescaler), (16 bytes).
    Removing stm32f10x_usart.o(i.USART_SmartCardCmd), (24 bytes).
    Removing stm32f10x_usart.o(i.USART_SmartCardNACKCmd), (24 bytes).
    Removing stm32f10x_usart.o(i.USART_StructInit), (24 bytes).
    Removing stm32f10x_usart.o(i.USART_WakeUpConfig), (18 bytes).
    Removing stm32f10x_adc.o(i.ADC_AnalogWatchdogCmd), (20 bytes).
    Removing stm32f10x_adc.o(i.ADC_AnalogWatchdogSingleChannelConfig), (16 bytes).
    Removing stm32f10x_adc.o(i.ADC_AnalogWatchdogThresholdsConfig), (6 bytes).
    Removing stm32f10x_adc.o(i.ADC_AutoInjectedConvCmd), (22 bytes).
    Removing stm32f10x_adc.o(i.ADC_ClearFlag), (6 bytes).
    Removing stm32f10x_adc.o(i.ADC_ClearITPendingBit), (10 bytes).
    Removing stm32f10x_adc.o(i.ADC_Cmd), (22 bytes).
    Removing stm32f10x_adc.o(i.ADC_DMACmd), (22 bytes).
    Removing stm32f10x_adc.o(i.ADC_DeInit), (92 bytes).
    Removing stm32f10x_adc.o(i.ADC_DiscModeChannelCountConfig), (24 bytes).
    Removing stm32f10x_adc.o(i.ADC_DiscModeCmd), (22 bytes).
    Removing stm32f10x_adc.o(i.ADC_ExternalTrigConvCmd), (22 bytes).
    Removing stm32f10x_adc.o(i.ADC_ExternalTrigInjectedConvCmd), (22 bytes).
    Removing stm32f10x_adc.o(i.ADC_ExternalTrigInjectedConvConfig), (16 bytes).
    Removing stm32f10x_adc.o(i.ADC_GetCalibrationStatus), (20 bytes).
    Removing stm32f10x_adc.o(i.ADC_GetConversionValue), (8 bytes).
    Removing stm32f10x_adc.o(i.ADC_GetDualModeConversionValue), (12 bytes).
    Removing stm32f10x_adc.o(i.ADC_GetFlagStatus), (18 bytes).
    Removing stm32f10x_adc.o(i.ADC_GetITStatus), (36 bytes).
    Removing stm32f10x_adc.o(i.ADC_GetInjectedConversionValue), (28 bytes).
    Removing stm32f10x_adc.o(i.ADC_GetResetCalibrationStatus), (20 bytes).
    Removing stm32f10x_adc.o(i.ADC_GetSoftwareStartConvStatus), (20 bytes).
    Removing stm32f10x_adc.o(i.ADC_GetSoftwareStartInjectedConvCmdStatus), (20 bytes).
    Removing stm32f10x_adc.o(i.ADC_ITConfig), (24 bytes).
    Removing stm32f10x_adc.o(i.ADC_Init), (80 bytes).
    Removing stm32f10x_adc.o(i.ADC_InjectedChannelConfig), (130 bytes).
    Removing stm32f10x_adc.o(i.ADC_InjectedDiscModeCmd), (22 bytes).
    Removing stm32f10x_adc.o(i.ADC_InjectedSequencerLengthConfig), (24 bytes).
    Removing stm32f10x_adc.o(i.ADC_RegularChannelConfig), (184 bytes).
    Removing stm32f10x_adc.o(i.ADC_ResetCalibration), (10 bytes).
    Removing stm32f10x_adc.o(i.ADC_SetInjectedOffset), (20 bytes).
    Removing stm32f10x_adc.o(i.ADC_SoftwareStartConvCmd), (22 bytes).
    Removing stm32f10x_adc.o(i.ADC_SoftwareStartInjectedConvCmd), (22 bytes).
    Removing stm32f10x_adc.o(i.ADC_StartCalibration), (10 bytes).
    Removing stm32f10x_adc.o(i.ADC_StructInit), (18 bytes).
    Removing stm32f10x_adc.o(i.ADC_TempSensorVrefintCmd), (36 bytes).
    Removing stm32f10x_rtc.o(i.RTC_ClearFlag), (16 bytes).
    Removing stm32f10x_rtc.o(i.RTC_EnterConfigMode), (20 bytes).
    Removing stm32f10x_rtc.o(i.RTC_ExitConfigMode), (20 bytes).
    Removing stm32f10x_rtc.o(i.RTC_GetDivider), (24 bytes).
    Removing stm32f10x_rtc.o(i.RTC_GetFlagStatus), (24 bytes).
    Removing stm32f10x_rtc.o(i.RTC_ITConfig), (32 bytes).
    Removing stm32f10x_rtc.o(i.RTC_SetAlarm), (28 bytes).
    Removing stm32f10x_rtc.o(i.RTC_SetCounter), (28 bytes).
    Removing stm32f10x_rtc.o(i.RTC_SetPrescaler), (32 bytes).
    Removing stm32f10x_rtc.o(i.RTC_WaitForLastTask), (20 bytes).
    Removing stm32f10x_rtc.o(i.RTC_WaitForSynchro), (36 bytes).
    Removing stm32f10x_pwr.o(i.PWR_BackupAccessCmd), (12 bytes).
    Removing stm32f10x_pwr.o(i.PWR_ClearFlag), (20 bytes).
    Removing stm32f10x_pwr.o(i.PWR_DeInit), (22 bytes).
    Removing stm32f10x_pwr.o(i.PWR_EnterSTANDBYMode), (52 bytes).
    Removing stm32f10x_pwr.o(i.PWR_EnterSTOPMode), (64 bytes).
    Removing stm32f10x_pwr.o(i.PWR_GetFlagStatus), (24 bytes).
    Removing stm32f10x_pwr.o(i.PWR_PVDCmd), (12 bytes).
    Removing stm32f10x_pwr.o(i.PWR_PVDLevelConfig), (24 bytes).
    Removing stm32f10x_pwr.o(i.PWR_WakeUpPinCmd), (12 bytes).
    Removing stm32f10x_bkp.o(i.BKP_ClearFlag), (20 bytes).
    Removing stm32f10x_bkp.o(i.BKP_ClearITPendingBit), (20 bytes).
    Removing stm32f10x_bkp.o(i.BKP_DeInit), (16 bytes).
    Removing stm32f10x_bkp.o(i.BKP_GetFlagStatus), (12 bytes).
    Removing stm32f10x_bkp.o(i.BKP_GetITStatus), (12 bytes).
    Removing stm32f10x_bkp.o(i.BKP_ITConfig), (12 bytes).
    Removing stm32f10x_bkp.o(i.BKP_RTCOutputConfig), (28 bytes).
    Removing stm32f10x_bkp.o(i.BKP_ReadBackupRegister), (28 bytes).
    Removing stm32f10x_bkp.o(i.BKP_SetRTCCalibrationValue), (28 bytes).
    Removing stm32f10x_bkp.o(i.BKP_TamperPinCmd), (12 bytes).
    Removing stm32f10x_bkp.o(i.BKP_TamperPinLevelConfig), (12 bytes).
    Removing stm32f10x_bkp.o(i.BKP_WriteBackupRegister), (28 bytes).
    Removing buzzer.o(i.buzzer_init), (52 bytes).
    Removing buzzer.o(i.buzzer_off), (12 bytes).
    Removing buzzer.o(i.buzzer_on), (12 bytes).
    Removing led.o(i.led_off), (48 bytes).
    Removing button.o(i.button_init), (44 bytes).
    Removing button.o(i.button_status), (44 bytes).
    Removing eint.o(i.eint_init), (128 bytes).
    Removing eint.o(i.set_eint_handler), (20 bytes).
    Removing iwdg.o(i.iwdg_feed_dog), (8 bytes).
    Removing iwdg.o(i.iwdg_init), (34 bytes).
    Removing usart1.o(i.set_usart1_handler), (12 bytes).
    Removing usart1.o(i.usart_1_init), (172 bytes).
    Removing usart1.o(i.usart_1_recv_byte), (40 bytes).
    Removing usart1.o(i.usart_1_send_byte), (40 bytes).
    Removing usart1.o(i.usart_1_send_data), (22 bytes).
    Removing dht.o(i.dht_init), (12 bytes).
    Removing dht.o(i.dht_input_state), (16 bytes).
    Removing dht.o(i.dht_output_state), (32 bytes).
    Removing dht.o(i.get_dht_value), (180 bytes).
    Removing dht.o(i.set_dht_gpio_input), (28 bytes).
    Removing dht.o(i.set_dht_gpio_output), (36 bytes).
    Removing oled.o(i.IIC_Start_Oled), (8 bytes).
    Removing oled.o(i.IIC_Stop_Oled), (8 bytes).
    Removing oled.o(i.IIC_Wait_Ack_Oled), (8 bytes).
    Removing oled.o(i.OLED_Display_Off), (28 bytes).
    Removing oled.o(i.OLED_Display_On), (28 bytes).
    Removing oled.o(i.OLED_DrawBMP), (118 bytes).
    Removing oled.o(i.OLED_On), (64 bytes).
    Removing oled.o(i.OLED_ShowCHinese), (92 bytes).
    Removing oled.o(i.OLED_ShowHUm), (104 bytes).
    Removing oled.o(i.OLED_ShowTEmp), (104 bytes).
    Removing oled.o(i.OLED_ShowTIttle), (88 bytes).
    Removing oled.o(i.Write_IIC_Byte), (12 bytes).
    Removing oled.o(i.fill_picture), (66 bytes).
    Removing oled.o(.data), (320 bytes).
    Removing gpio_iic.o(i.IIC_Ack), (56 bytes).
    Removing gpio_iic.o(i.IIC_NAck), (56 bytes).
    Removing gpio_iic.o(i.IIC_Recv_Byte), (96 bytes).
    Removing eeprom.o(i.eeprom_byte_write), (48 bytes).
    Removing eeprom.o(i.eeprom_cur_addr_read), (38 bytes).
    Removing eeprom.o(i.eeprom_init), (8 bytes).
    Removing eeprom.o(i.eeprom_page_write), (68 bytes).
    Removing eeprom.o(i.eeprom_rand_read), (64 bytes).
    Removing eeprom.o(i.eeprom_sequ_read), (98 bytes).
    Removing sht.o(i.sht_init), (76 bytes).
    Removing sht.o(i.sht_read_data), (240 bytes).
    Removing sht.o(i.sht_write_mode), (66 bytes).
    Removing sht.o(i.sht_write_read_cmd), (54 bytes).
    Removing adj_res.o(i.adc_init), (112 bytes).
    Removing adj_res.o(i.adc_start), (16 bytes).
    Removing adj_res.o(i.adc_wait), (24 bytes).
    Removing adj_res.o(i.adj_res_init), (8 bytes).
    Removing adj_res.o(i.get_adc_value), (16 bytes).
    Removing adj_res.o(i.get_adj_res_value), (16 bytes).
    Removing rtc.o(i.NVIC_Configuration), (40 bytes).
    Removing rtc.o(i.RTC_Configuration), (96 bytes).
    Removing rtc.o(i.get_time), (20 bytes).
    Removing rtc.o(i.rtc_init), (82 bytes).
    Removing rtc.o(i.set_time), (200 bytes).
    Removing ldt.o(i.digit_show_data), (156 bytes).
    Removing ldt.o(i.hc138_out_data), (112 bytes).
    Removing ldt.o(i.hc595_send_data), (80 bytes).
    Removing ldt.o(i.ldt_init), (144 bytes).
    Removing nrf24l01.o(i.NRF_TX_Mode), (112 bytes).
    Removing nrf24l01.o(i.NRF_Tx_Dat), (104 bytes).
    Removing system_stm32f10x.o(i.SystemCoreClockUpdate), (164 bytes).
    Removing system_stm32f10x.o(.data), (20 bytes).

224 unused section(s) (total 9494 bytes) removed from the image.

==============================================================================

Image Symbol Table

    Local Symbols

    Symbol Name                              Value     Ov Type        Size  Object(Section)

    ../clib/angel/boardlib.s                 0x00000000   Number         0  boardinit3.o ABSOLUTE
    ../clib/angel/boardlib.s                 0x00000000   Number         0  boardinit2.o ABSOLUTE
    ../clib/angel/boardlib.s                 0x00000000   Number         0  boardinit1.o ABSOLUTE
    ../clib/angel/boardlib.s                 0x00000000   Number         0  boardshut.o ABSOLUTE
    ../clib/angel/handlers.s                 0x00000000   Number         0  __scatter_zi.o ABSOLUTE
    ../clib/angel/handlers.s                 0x00000000   Number         0  __scatter_copy.o ABSOLUTE
    ../clib/angel/kernel.s                   0x00000000   Number         0  rtexit.o ABSOLUTE
    ../clib/angel/kernel.s                   0x00000000   Number         0  __rtentry2.o ABSOLUTE
    ../clib/angel/kernel.s                   0x00000000   Number         0  __rtentry.o ABSOLUTE
    ../clib/angel/kernel.s                   0x00000000   Number         0  rtexit2.o ABSOLUTE
    ../clib/angel/kernel.s                   0x00000000   Number         0  __rtentry4.o ABSOLUTE
    ../clib/angel/rt.s                       0x00000000   Number         0  rt_locale_intlibspace.o ABSOLUTE
    ../clib/angel/rt.s                       0x00000000   Number         0  rt_raise.o ABSOLUTE
    ../clib/angel/rt.s                       0x00000000   Number         0  rt_locale.o ABSOLUTE
    ../clib/angel/scatter.s                  0x00000000   Number         0  __scatter.o ABSOLUTE
    ../clib/angel/startup.s                  0x00000000   Number         0  __main.o ABSOLUTE
    ../clib/angel/sys.s                      0x00000000   Number         0  use_no_semi.o ABSOLUTE
    ../clib/angel/sys.s                      0x00000000   Number         0  indicate_semi.o ABSOLUTE
    ../clib/angel/sys.s                      0x00000000   Number         0  sys_stackheap_outer.o ABSOLUTE
    ../clib/angel/sys.s                      0x00000000   Number         0  libspace.o ABSOLUTE
    ../clib/angel/sysapp.c                   0x00000000   Number         0  sys_wrch.o ABSOLUTE
    ../clib/angel/sysapp.c                   0x00000000   Number         0  sys_command.o ABSOLUTE
    ../clib/angel/sysapp.c                   0x00000000   Number         0  sys_exit.o ABSOLUTE
    ../clib/armsys.c                         0x00000000   Number         0  argv_veneer.o ABSOLUTE
    ../clib/armsys.c                         0x00000000   Number         0  argv_veneer.o ABSOLUTE
    ../clib/armsys.c                         0x00000000   Number         0  _get_argv_nomalloc.o ABSOLUTE
    ../clib/armsys.c                         0x00000000   Number         0  no_argv.o ABSOLUTE
    ../clib/bigflt.c                         0x00000000   Number         0  bigflt0.o ABSOLUTE
    ../clib/btod.s                           0x00000000   Number         0  btod.o ABSOLUTE
    ../clib/heapalloc.c                      0x00000000   Number         0  hrguard.o ABSOLUTE
    ../clib/heapaux.c                        0x00000000   Number         0  heapauxi.o ABSOLUTE
    ../clib/libinit.s                        0x00000000   Number         0  libshutdown2.o ABSOLUTE
    ../clib/libinit.s                        0x00000000   Number         0  libinit.o ABSOLUTE
    ../clib/libinit.s                        0x00000000   Number         0  libinit2.o ABSOLUTE
    ../clib/libinit.s                        0x00000000   Number         0  libshutdown.o ABSOLUTE
    ../clib/locale.s                         0x00000000   Number         0  lc_numeric_c.o ABSOLUTE
    ../clib/longlong.s                       0x00000000   Number         0  lludiv10.o ABSOLUTE
    ../clib/memcpset.s                       0x00000000   Number         0  rt_memcpy_w.o ABSOLUTE
    ../clib/memcpset.s                       0x00000000   Number         0  strcmpv7m.o ABSOLUTE
    ../clib/misc.s                           0x00000000   Number         0  printf_stubs.o ABSOLUTE
    ../clib/printf.c                         0x00000000   Number         0  _printf_fp_infnan.o ABSOLUTE
    ../clib/printf.c                         0x00000000   Number         0  __printf_flags.o ABSOLUTE
    ../clib/printf.c                         0x00000000   Number         0  __printf_ss.o ABSOLUTE
    ../clib/printf.c                         0x00000000   Number         0  __printf_flags_ss.o ABSOLUTE
    ../clib/printf.c                         0x00000000   Number         0  __printf_wp.o ABSOLUTE
    ../clib/printf.c                         0x00000000   Number         0  _printf_char_common.o ABSOLUTE
    ../clib/printf.c                         0x00000000   Number         0  __printf_flags_wp.o ABSOLUTE
    ../clib/printf.c                         0x00000000   Number         0  _printf_fp_dec.o ABSOLUTE
    ../clib/printf.c                         0x00000000   Number         0  __printf_nopercent.o ABSOLUTE
    ../clib/printf.c                         0x00000000   Number         0  __printf_ss_wp.o ABSOLUTE
    ../clib/printf.c                         0x00000000   Number         0  __printf_flags_ss_wp.o ABSOLUTE
    ../clib/printf.c                         0x00000000   Number         0  __2sprintf.o ABSOLUTE
    ../clib/printf.c                         0x00000000   Number         0  noretval__2sprintf.o ABSOLUTE
    ../clib/printf.c                         0x00000000   Number         0  _sputc.o ABSOLUTE
    ../clib/printf.c                         0x00000000   Number         0  __printf.o ABSOLUTE
    ../clib/printf_percent.s                 0x00000000   Number         0  _printf_percent_end.o ABSOLUTE
    ../clib/printf_percent.s                 0x00000000   Number         0  _printf_f.o ABSOLUTE
    ../clib/printf_percent.s                 0x00000000   Number         0  _printf_percent.o ABSOLUTE
    ../clib/signal.c                         0x00000000   Number         0  defsig_stak_inner.o ABSOLUTE
    ../clib/signal.c                         0x00000000   Number         0  defsig_rtred_inner.o ABSOLUTE
    ../clib/signal.c                         0x00000000   Number         0  defsig_fpe_inner.o ABSOLUTE
    ../clib/signal.c                         0x00000000   Number         0  defsig_abrt_inner.o ABSOLUTE
    ../clib/signal.c                         0x00000000   Number         0  defsig_general.o ABSOLUTE
    ../clib/signal.c                         0x00000000   Number         0  __raise.o ABSOLUTE
    ../clib/signal.c                         0x00000000   Number         0  defsig_rtmem_inner.o ABSOLUTE
    ../clib/signal.c                         0x00000000   Number         0  defsig_exit.o ABSOLUTE
    ../clib/signal.c                         0x00000000   Number         0  defsig_rtmem_formal.o ABSOLUTE
    ../clib/signal.c                         0x00000000   Number         0  defsig_rtmem_outer.o ABSOLUTE
    ../clib/signal.c                         0x00000000   Number         0  defsig_other.o ABSOLUTE
    ../clib/signal.c                         0x00000000   Number         0  defsig_segv_inner.o ABSOLUTE
    ../clib/signal.c                         0x00000000   Number         0  defsig_cppl_inner.o ABSOLUTE
    ../clib/signal.c                         0x00000000   Number         0  defsig_pvfn_inner.o ABSOLUTE
    ../clib/signal.s                         0x00000000   Number         0  defsig.o ABSOLUTE
    ../clib/stdlib.c                         0x00000000   Number         0  exit.o ABSOLUTE
    ../fplib/daddsub.s                       0x00000000   Number         0  daddsub_clz.o ABSOLUTE
    ../fplib/ddiv.s                          0x00000000   Number         0  ddiv.o ABSOLUTE
    ../fplib/dflt.s                          0x00000000   Number         0  dflt_clz.o ABSOLUTE
    ../fplib/dmul.s                          0x00000000   Number         0  dmul.o ABSOLUTE
    ../fplib/dnaninf.s                       0x00000000   Number         0  dnaninf.o ABSOLUTE
    ../fplib/dretinf.s                       0x00000000   Number         0  dretinf.o ABSOLUTE
    ../fplib/f2d.s                           0x00000000   Number         0  f2d.o ABSOLUTE
    ../fplib/fnaninf.s                       0x00000000   Number         0  fnaninf.o ABSOLUTE
    ../fplib/fpinit.s                        0x00000000   Number         0  fpinit.o ABSOLUTE
    ../fplib/istatus.s                       0x00000000   Number         0  istatus.o ABSOLUTE
    ../fplib/printf1.s                       0x00000000   Number         0  printf1.o ABSOLUTE
    ../fplib/usenofp.s                       0x00000000   Number         0  usenofp.o ABSOLUTE
    ../mathlib/fpclassify.c                  0x00000000   Number         0  fpclassify.o ABSOLUTE
    ..\\cmsis\\core_cm3.c                    0x00000000   Number         0  core_cm3.o ABSOLUTE
    ..\cmsis\core_cm3.c                      0x00000000   Number         0  core_cm3.o ABSOLUTE
    ..\cmsis\startup_stm32f10x_md.s          0x00000000   Number         0  startup_stm32f10x_md.o ABSOLUTE
    ..\fwlib\src\misc.c                      0x00000000   Number         0  misc.o ABSOLUTE
    ..\fwlib\src\stm32f10x_adc.c             0x00000000   Number         0  stm32f10x_adc.o ABSOLUTE
    ..\fwlib\src\stm32f10x_bkp.c             0x00000000   Number         0  stm32f10x_bkp.o ABSOLUTE
    ..\fwlib\src\stm32f10x_exti.c            0x00000000   Number         0  stm32f10x_exti.o ABSOLUTE
    ..\fwlib\src\stm32f10x_gpio.c            0x00000000   Number         0  stm32f10x_gpio.o ABSOLUTE
    ..\fwlib\src\stm32f10x_iwdg.c            0x00000000   Number         0  stm32f10x_iwdg.o ABSOLUTE
    ..\fwlib\src\stm32f10x_pwr.c             0x00000000   Number         0  stm32f10x_pwr.o ABSOLUTE
    ..\fwlib\src\stm32f10x_rcc.c             0x00000000   Number         0  stm32f10x_rcc.o ABSOLUTE
    ..\fwlib\src\stm32f10x_rtc.c             0x00000000   Number         0  stm32f10x_rtc.o ABSOLUTE
    ..\fwlib\src\stm32f10x_usart.c           0x00000000   Number         0  stm32f10x_usart.o ABSOLUTE
    ..\mylib\adj_res.c                       0x00000000   Number         0  adj_res.o ABSOLUTE
    ..\mylib\button.c                        0x00000000   Number         0  button.o ABSOLUTE
    ..\mylib\buzzer.c                        0x00000000   Number         0  buzzer.o ABSOLUTE
    ..\mylib\delay.c                         0x00000000   Number         0  delay.o ABSOLUTE
    ..\mylib\dht.c                           0x00000000   Number         0  dht.o ABSOLUTE
    ..\mylib\eeprom.c                        0x00000000   Number         0  eeprom.o ABSOLUTE
    ..\mylib\eint.c                          0x00000000   Number         0  eint.o ABSOLUTE
    ..\mylib\gpio_iic.c                      0x00000000   Number         0  gpio_iic.o ABSOLUTE
    ..\mylib\iwdg.c                          0x00000000   Number         0  iwdg.o ABSOLUTE
    ..\mylib\ldt.c                           0x00000000   Number         0  ldt.o ABSOLUTE
    ..\mylib\led.c                           0x00000000   Number         0  led.o ABSOLUTE
    ..\mylib\nrf24l01.c                      0x00000000   Number         0  nrf24l01.o ABSOLUTE
    ..\mylib\oled.c                          0x00000000   Number         0  oled.o ABSOLUTE
    ..\mylib\rtc.c                           0x00000000   Number         0  rtc.o ABSOLUTE
    ..\mylib\sht.c                           0x00000000   Number         0  sht.o ABSOLUTE
    ..\mylib\usart1.c                        0x00000000   Number         0  usart1.o ABSOLUTE
    ..\user\main.c                           0x00000000   Number         0  main.o ABSOLUTE
    ..\user\stm32f10x_it.c                   0x00000000   Number         0  stm32f10x_it.o ABSOLUTE
    ..\user\system_stm32f10x.c               0x00000000   Number         0  system_stm32f10x.o ABSOLUTE
    dc.s                                     0x00000000   Number         0  dc.o ABSOLUTE
    RESET                                    0x08000000   Section      236  startup_stm32f10x_md.o(RESET)
    !!!main                                  0x080000ec   Section        8  __main.o(!!!main)
    !!!scatter                               0x080000f4   Section       52  __scatter.o(!!!scatter)
    !!handler_copy                           0x08000128   Section       26  __scatter_copy.o(!!handler_copy)
    !!handler_zi                             0x08000144   Section       28  __scatter_zi.o(!!handler_zi)
    .ARM.Collect$$_printf_percent$$00000000  0x08000160   Section        0  _printf_percent.o(.ARM.Collect$$_printf_percent$$00000000)
    .ARM.Collect$$_printf_percent$$00000003  0x08000160   Section        6  _printf_f.o(.ARM.Collect$$_printf_percent$$00000003)
    .ARM.Collect$$_printf_percent$$00000017  0x08000166   Section        4  _printf_percent_end.o(.ARM.Collect$$_printf_percent$$00000017)
    .ARM.Collect$$libinit$$00000000          0x0800016a   Section        2  libinit.o(.ARM.Collect$$libinit$$00000000)
    .ARM.Collect$$libinit$$00000002          0x0800016c   Section        0  libinit2.o(.ARM.Collect$$libinit$$00000002)
    .ARM.Collect$$libinit$$00000004          0x0800016c   Section        0  libinit2.o(.ARM.Collect$$libinit$$00000004)
    .ARM.Collect$$libinit$$0000000A          0x0800016c   Section        0  libinit2.o(.ARM.Collect$$libinit$$0000000A)
    .ARM.Collect$$libinit$$0000000C          0x0800016c   Section        0  libinit2.o(.ARM.Collect$$libinit$$0000000C)
    .ARM.Collect$$libinit$$0000000E          0x0800016c   Section        0  libinit2.o(.ARM.Collect$$libinit$$0000000E)
    .ARM.Collect$$libinit$$0000000F          0x0800016c   Section        6  libinit2.o(.ARM.Collect$$libinit$$0000000F)
    .ARM.Collect$$libinit$$00000011          0x08000172   Section        0  libinit2.o(.ARM.Collect$$libinit$$00000011)
    .ARM.Collect$$libinit$$00000013          0x08000172   Section        0  libinit2.o(.ARM.Collect$$libinit$$00000013)
    .ARM.Collect$$libinit$$00000015          0x08000172   Section        0  libinit2.o(.ARM.Collect$$libinit$$00000015)
    .ARM.Collect$$libinit$$00000016          0x08000172   Section       10  libinit2.o(.ARM.Collect$$libinit$$00000016)
    .ARM.Collect$$libinit$$00000017          0x0800017c   Section        0  libinit2.o(.ARM.Collect$$libinit$$00000017)
    .ARM.Collect$$libinit$$00000019          0x0800017c   Section        0  libinit2.o(.ARM.Collect$$libinit$$00000019)
    .ARM.Collect$$libinit$$0000001B          0x0800017c   Section        0  libinit2.o(.ARM.Collect$$libinit$$0000001B)
    .ARM.Collect$$libinit$$0000001D          0x0800017c   Section        0  libinit2.o(.ARM.Collect$$libinit$$0000001D)
    .ARM.Collect$$libinit$$0000001F          0x0800017c   Section        0  libinit2.o(.ARM.Collect$$libinit$$0000001F)
    .ARM.Collect$$libinit$$00000021          0x0800017c   Section        0  libinit2.o(.ARM.Collect$$libinit$$00000021)
    .ARM.Collect$$libinit$$00000023          0x0800017c   Section        0  libinit2.o(.ARM.Collect$$libinit$$00000023)
    .ARM.Collect$$libinit$$00000025          0x0800017c   Section        0  libinit2.o(.ARM.Collect$$libinit$$00000025)
    .ARM.Collect$$libinit$$0000002C          0x0800017c   Section        0  libinit2.o(.ARM.Collect$$libinit$$0000002C)
    .ARM.Collect$$libinit$$0000002E          0x0800017c   Section        0  libinit2.o(.ARM.Collect$$libinit$$0000002E)
    .ARM.Collect$$libinit$$00000030          0x0800017c   Section        0  libinit2.o(.ARM.Collect$$libinit$$00000030)
    .ARM.Collect$$libinit$$00000032          0x0800017c   Section        0  libinit2.o(.ARM.Collect$$libinit$$00000032)
    .ARM.Collect$$libinit$$00000033          0x0800017c   Section        2  libinit2.o(.ARM.Collect$$libinit$$00000033)
    .ARM.Collect$$libshutdown$$00000000      0x0800017e   Section        2  libshutdown.o(.ARM.Collect$$libshutdown$$00000000)
    .ARM.Collect$$libshutdown$$00000002      0x08000180   Section        0  libshutdown2.o(.ARM.Collect$$libshutdown$$00000002)
    .ARM.Collect$$libshutdown$$00000004      0x08000180   Section        0  libshutdown2.o(.ARM.Collect$$libshutdown$$00000004)
    .ARM.Collect$$libshutdown$$00000007      0x08000180   Section        0  libshutdown2.o(.ARM.Collect$$libshutdown$$00000007)
    .ARM.Collect$$libshutdown$$0000000A      0x08000180   Section        0  libshutdown2.o(.ARM.Collect$$libshutdown$$0000000A)
    .ARM.Collect$$libshutdown$$0000000C      0x08000180   Section        0  libshutdown2.o(.ARM.Collect$$libshutdown$$0000000C)
    .ARM.Collect$$libshutdown$$0000000F      0x08000180   Section        0  libshutdown2.o(.ARM.Collect$$libshutdown$$0000000F)
    .ARM.Collect$$libshutdown$$00000010      0x08000180   Section        2  libshutdown2.o(.ARM.Collect$$libshutdown$$00000010)
    .ARM.Collect$$rtentry$$00000000          0x08000182   Section        0  __rtentry.o(.ARM.Collect$$rtentry$$00000000)
    .ARM.Collect$$rtentry$$00000002          0x08000182   Section        0  __rtentry2.o(.ARM.Collect$$rtentry$$00000002)
    .ARM.Collect$$rtentry$$00000004          0x08000182   Section        6  __rtentry4.o(.ARM.Collect$$rtentry$$00000004)
    .ARM.Collect$$rtentry$$00000009          0x08000188   Section        0  __rtentry2.o(.ARM.Collect$$rtentry$$00000009)
    .ARM.Collect$$rtentry$$0000000A          0x08000188   Section        4  __rtentry2.o(.ARM.Collect$$rtentry$$0000000A)
    .ARM.Collect$$rtentry$$0000000C          0x0800018c   Section        0  __rtentry2.o(.ARM.Collect$$rtentry$$0000000C)
    .ARM.Collect$$rtentry$$0000000D          0x0800018c   Section        8  __rtentry2.o(.ARM.Collect$$rtentry$$0000000D)
    .ARM.Collect$$rtexit$$00000000           0x08000194   Section        2  rtexit.o(.ARM.Collect$$rtexit$$00000000)
    .ARM.Collect$$rtexit$$00000002           0x08000196   Section        0  rtexit2.o(.ARM.Collect$$rtexit$$00000002)
    .ARM.Collect$$rtexit$$00000003           0x08000196   Section        4  rtexit2.o(.ARM.Collect$$rtexit$$00000003)
    .ARM.Collect$$rtexit$$00000004           0x0800019a   Section        6  rtexit2.o(.ARM.Collect$$rtexit$$00000004)
    .text                                    0x080001a0   Section       64  startup_stm32f10x_md.o(.text)
    .text                                    0x080001e0   Section        0  noretval__2sprintf.o(.text)
    .text                                    0x08000208   Section        0  __printf_wp.o(.text)
    .text                                    0x08000316   Section      100  rt_memcpy_w.o(.text)
    .text                                    0x0800037a   Section        0  heapauxi.o(.text)
    .text                                    0x08000380   Section        0  _printf_fp_dec.o(.text)
    _fp_digits                               0x08000383   Thumb Code   428  _printf_fp_dec.o(.text)
    .text                                    0x0800079c   Section        0  _printf_char_common.o(.text)
    _printf_input_char                       0x0800079d   Thumb Code    10  _printf_char_common.o(.text)
    .text                                    0x080007cc   Section        0  _sputc.o(.text)
    .text                                    0x080007d8   Section        8  rt_locale_intlibspace.o(.text)
    .text                                    0x080007e0   Section      138  lludiv10.o(.text)
    .text                                    0x0800086c   Section        0  _printf_fp_infnan.o(.text)
    .text                                    0x080008ec   Section        0  bigflt0.o(.text)
    .text                                    0x080009c8   Section        8  libspace.o(.text)
    .text                                    0x080009d0   Section       74  sys_stackheap_outer.o(.text)
    .text                                    0x08000a1a   Section        0  exit.o(.text)
    .text                                    0x08000a2c   Section      128  strcmpv7m.o(.text)
    .text                                    0x08000aac   Section        0  sys_exit.o(.text)
    .text                                    0x08000ab8   Section        2  use_no_semi.o(.text)
    .text                                    0x08000aba   Section        0  indicate_semi.o(.text)
    CL$$btod_d2e                             0x08000aba   Section       62  btod.o(CL$$btod_d2e)
    CL$$btod_d2e_denorm_low                  0x08000af8   Section       70  btod.o(CL$$btod_d2e_denorm_low)
    CL$$btod_d2e_norm_op1                    0x08000b3e   Section       96  btod.o(CL$$btod_d2e_norm_op1)
    CL$$btod_div_common                      0x08000b9e   Section      824  btod.o(CL$$btod_div_common)
    CL$$btod_e2e                             0x08000ed6   Section      198  btod.o(CL$$btod_e2e)
    CL$$btod_ediv                            0x08000f9c   Section       40  btod.o(CL$$btod_ediv)
    CL$$btod_emul                            0x08000fc4   Section       40  btod.o(CL$$btod_emul)
    CL$$btod_mult_common                     0x08000fec   Section      580  btod.o(CL$$btod_mult_common)
    i.BusFault_Handler                       0x08001230   Section        0  stm32f10x_it.o(i.BusFault_Handler)
    i.DebugMon_Handler                       0x08001234   Section        0  stm32f10x_it.o(i.DebugMon_Handler)
    i.Delay                                  0x08001236   Section        0  nrf24l01.o(i.Delay)
    i.EXTI9_5_IRQHandler                     0x08001248   Section        0  eint.o(i.EXTI9_5_IRQHandler)
    i.EXTI_ClearITPendingBit                 0x08001288   Section        0  stm32f10x_exti.o(i.EXTI_ClearITPendingBit)
    i.EXTI_GetITStatus                       0x08001294   Section        0  stm32f10x_exti.o(i.EXTI_GetITStatus)
    i.GPIO_Init                              0x080012bc   Section        0  stm32f10x_gpio.o(i.GPIO_Init)
    i.GPIO_ReadInputDataBit                  0x080013d2   Section        0  stm32f10x_gpio.o(i.GPIO_ReadInputDataBit)
    i.GPIO_ResetBits                         0x080013e4   Section        0  stm32f10x_gpio.o(i.GPIO_ResetBits)
    i.GPIO_SetBits                           0x080013e8   Section        0  stm32f10x_gpio.o(i.GPIO_SetBits)
    i.HardFault_Handler                      0x080013ec   Section        0  stm32f10x_it.o(i.HardFault_Handler)
    i.IIC_Init                               0x080013f0   Section        0  gpio_iic.o(i.IIC_Init)
    i.IIC_Sda_In                             0x0800145c   Section        0  gpio_iic.o(i.IIC_Sda_In)
    i.IIC_Sda_Out                            0x08001470   Section        0  gpio_iic.o(i.IIC_Sda_Out)
    i.IIC_Send_Byte                          0x08001484   Section        0  gpio_iic.o(i.IIC_Send_Byte)
    i.IIC_Start                              0x080014d4   Section        0  gpio_iic.o(i.IIC_Start)
    i.IIC_Stop                               0x0800150c   Section        0  gpio_iic.o(i.IIC_Stop)
    i.IIC_Wait_Ack                           0x08001548   Section        0  gpio_iic.o(i.IIC_Wait_Ack)
    i.MemManage_Handler                      0x08001594   Section        0  stm32f10x_it.o(i.MemManage_Handler)
    i.NMI_Handler                            0x08001598   Section        0  stm32f10x_it.o(i.NMI_Handler)
    i.NRF_Check                              0x0800159c   Section        0  nrf24l01.o(i.NRF_Check)
    i.NRF_RX_Mode                            0x080015e8   Section        0  nrf24l01.o(i.NRF_RX_Mode)
    i.NRF_Rx_Dat                             0x080016c0   Section        0  nrf24l01.o(i.NRF_Rx_Dat)
    i.OLED_Clear                             0x0800171c   Section        0  oled.o(i.OLED_Clear)
    i.OLED_Init                              0x0800175c   Section        0  oled.o(i.OLED_Init)
    i.OLED_Set_Pos                           0x08001844   Section        0  oled.o(i.OLED_Set_Pos)
    i.OLED_ShowChar                          0x08001870   Section        0  oled.o(i.OLED_ShowChar)
    i.OLED_ShowNum                           0x08001914   Section        0  oled.o(i.OLED_ShowNum)
    i.OLED_ShowString                        0x0800199c   Section        0  oled.o(i.OLED_ShowString)
    i.OLED_WR_Byte                           0x080019d6   Section        0  oled.o(i.OLED_WR_Byte)
    i.PendSV_Handler                         0x080019ee   Section        0  stm32f10x_it.o(i.PendSV_Handler)
    i.RCC_APB2PeriphClockCmd                 0x080019f0   Section        0  stm32f10x_rcc.o(i.RCC_APB2PeriphClockCmd)
    i.RTC_ClearITPendingBit                  0x08001a10   Section        0  stm32f10x_rtc.o(i.RTC_ClearITPendingBit)
    i.RTC_GetCounter                         0x08001a20   Section        0  stm32f10x_rtc.o(i.RTC_GetCounter)
    i.RTC_GetITStatus                        0x08001a34   Section        0  stm32f10x_rtc.o(i.RTC_GetITStatus)
    i.RTC_IRQHandler                         0x08001a58   Section        0  rtc.o(i.RTC_IRQHandler)
    i.SPI2_For_Nrf24l01                      0x08001a78   Section        0  nrf24l01.o(i.SPI2_For_Nrf24l01)
    i.SPI_NRF_Init                           0x08001b2c   Section        0  nrf24l01.o(i.SPI_NRF_Init)
    i.SPI_NRF_RW                             0x08001b40   Section        0  nrf24l01.o(i.SPI_NRF_RW)
    i.SPI_NRF_ReadBuf                        0x08001b98   Section        0  nrf24l01.o(i.SPI_NRF_ReadBuf)
    i.SPI_NRF_ReadReg                        0x08001be0   Section        0  nrf24l01.o(i.SPI_NRF_ReadReg)
    i.SPI_NRF_WriteBuf                       0x08001c14   Section        0  nrf24l01.o(i.SPI_NRF_WriteBuf)
    i.SPI_NRF_WriteReg                       0x08001c5c   Section        0  nrf24l01.o(i.SPI_NRF_WriteReg)
    i.SVC_Handler                            0x08001c90   Section        0  stm32f10x_it.o(i.SVC_Handler)
    i.SetSysClock                            0x08001c92   Section        0  system_stm32f10x.o(i.SetSysClock)
    SetSysClock                              0x08001c93   Thumb Code     8  system_stm32f10x.o(i.SetSysClock)
    i.SetSysClockTo72                        0x08001c9c   Section        0  system_stm32f10x.o(i.SetSysClockTo72)
    SetSysClockTo72                          0x08001c9d   Thumb Code   214  system_stm32f10x.o(i.SetSysClockTo72)
    i.SysTick_CLKSourceConfig                0x08001d7c   Section        0  misc.o(i.SysTick_CLKSourceConfig)
    i.SysTick_Handler                        0x08001da4   Section        0  stm32f10x_it.o(i.SysTick_Handler)
    i.SystemInit                             0x08001da8   Section        0  system_stm32f10x.o(i.SystemInit)
    i.USART1_IRQHandler                      0x08001e08   Section        0  usart1.o(i.USART1_IRQHandler)
    i.USART_ClearITPendingBit                0x08001e3c   Section        0  stm32f10x_usart.o(i.USART_ClearITPendingBit)
    i.USART_GetITStatus                      0x08001e5a   Section        0  stm32f10x_usart.o(i.USART_GetITStatus)
    i.USART_ReceiveData                      0x08001eae   Section        0  stm32f10x_usart.o(i.USART_ReceiveData)
    i.UsageFault_Handler                     0x08001eb8   Section        0  stm32f10x_it.o(i.UsageFault_Handler)
    i.Write_IIC_Command                      0x08001ebc   Section        0  oled.o(i.Write_IIC_Command)
    i.Write_IIC_Data                         0x08001ee8   Section        0  oled.o(i.Write_IIC_Data)
    i.__ARM_fpclassify                       0x08001f14   Section        0  fpclassify.o(i.__ARM_fpclassify)
    i._is_digit                              0x08001f3c   Section        0  __printf_wp.o(i._is_digit)
    i.conv_time                              0x08001f4c   Section        0  rtc.o(i.conv_time)
    i.delay_init                             0x08002034   Section        0  delay.o(i.delay_init)
    i.delay_ms                               0x08002068   Section        0  delay.o(i.delay_ms)
    i.delay_us                               0x080020a0   Section        0  delay.o(i.delay_us)
    i.delay_xms                              0x080020ec   Section        0  delay.o(i.delay_xms)
    i.isLeapYear                             0x08002138   Section        0  rtc.o(i.isLeapYear)
    isLeapYear                               0x08002139   Thumb Code    52  rtc.o(i.isLeapYear)
    i.led_init                               0x0800216c   Section        0  led.o(i.led_init)
    i.led_on                                 0x080021b0   Section        0  led.o(i.led_on)
    i.main                                   0x080021e0   Section        0  main.o(i.main)
    i.oled_pow                               0x08002394   Section        0  oled.o(i.oled_pow)
    locale$$code                             0x080023ac   Section       44  lc_numeric_c.o(locale$$code)
    x$fpl$dretinf                            0x080023d8   Section       12  dretinf.o(x$fpl$dretinf)
    x$fpl$f2d                                0x080023e4   Section       86  f2d.o(x$fpl$f2d)
    x$fpl$fnaninf                            0x0800243a   Section      140  fnaninf.o(x$fpl$fnaninf)
    x$fpl$printf1                            0x080024c6   Section        4  printf1.o(x$fpl$printf1)
    .constdata                               0x080024ca   Section     2072  oled.o(.constdata)
    x$fpl$usenofp                            0x080024ca   Section        0  usenofp.o(x$fpl$usenofp)
    .constdata                               0x08002ce2   Section       12  rtc.o(.constdata)
    .constdata                               0x08002cf0   Section       25  main.o(.constdata)
    .constdata                               0x08002d0c   Section      148  bigflt0.o(.constdata)
    tenpwrs_x                                0x08002d0c   Data          60  bigflt0.o(.constdata)
    tenpwrs_i                                0x08002d48   Data          64  bigflt0.o(.constdata)
    locale$$data                             0x08002dc0   Section       28  lc_numeric_c.o(locale$$data)
    __lcnum_c_name                           0x08002dc4   Data           2  lc_numeric_c.o(locale$$data)
    __lcnum_c_start                          0x08002dcc   Data           0  lc_numeric_c.o(locale$$data)
    __lcnum_c_point                          0x08002dd8   Data           0  lc_numeric_c.o(locale$$data)
    __lcnum_c_thousands                      0x08002dda   Data           0  lc_numeric_c.o(locale$$data)
    __lcnum_c_grouping                       0x08002ddb   Data           0  lc_numeric_c.o(locale$$data)
    __lcnum_c_end                            0x08002ddc   Data           0  lc_numeric_c.o(locale$$data)
    .data                                    0x20000000   Section        4  delay.o(.data)
    fac_us                                   0x20000000   Data           1  delay.o(.data)
    fac_ms                                   0x20000002   Data           2  delay.o(.data)
    .data                                    0x20000004   Section        8  eint.o(.data)
    .data                                    0x2000000c   Section        4  usart1.o(.data)
    .data                                    0x20000010   Section       12  gpio_iic.o(.data)
    .bss                                     0x2000001c   Section       28  rtc.o(.bss)
    T                                        0x2000001c   Data          28  rtc.o(.bss)
    .bss                                     0x20000038   Section       96  libspace.o(.bss)
    HEAP                                     0x20000098   Section      512  startup_stm32f10x_md.o(HEAP)
    Heap_Mem                                 0x20000098   Data         512  startup_stm32f10x_md.o(HEAP)
    STACK                                    0x20000298   Section     1024  startup_stm32f10x_md.o(STACK)
    Stack_Mem                                0x20000298   Data        1024  startup_stm32f10x_md.o(STACK)
    __initial_sp                             0x20000698   Data           0  startup_stm32f10x_md.o(STACK)

    Global Symbols

    Symbol Name                              Value     Ov Type        Size  Object(Section)

    BuildAttributes$$THM_ISAv4$P$D$K$B$S$PE$A:L22UL41UL21$X:L11$S22US41US21$IEEE1$IW$USESV6$~STKCKD$USESV7$~SHL$OTIME$ROPI$IEEEJ$EBA8$UX$STANDARDLIB$REQ8$PRES8$EABIv2 0x00000000   Number         0  anon$$obj.o ABSOLUTE
    __ARM_use_no_argv                        0x00000000   Number         0  main.o ABSOLUTE
    _printf_flags                            0x00000000   Number         0  printf_stubs.o ABSOLUTE
    _printf_return_value                     0x00000000   Number         0  printf_stubs.o ABSOLUTE
    _printf_sizespec                         0x00000000   Number         0  printf_stubs.o ABSOLUTE
    _printf_widthprec                        0x00000000   Number         0  printf_stubs.o ABSOLUTE
    __ARM_exceptions_init                     - Undefined Weak Reference
    __alloca_initialize                       - Undefined Weak Reference
    __arm_preinit_                            - Undefined Weak Reference
    __cpp_initialize__aeabi_                  - Undefined Weak Reference
    __cxa_finalize                            - Undefined Weak Reference
    __sigvec_lookup                           - Undefined Weak Reference
    _atexit_init                              - Undefined Weak Reference
    _call_atexit_fns                          - Undefined Weak Reference
    _clock_init                               - Undefined Weak Reference
    _fp_trap_init                             - Undefined Weak Reference
    _fp_trap_shutdown                         - Undefined Weak Reference
    _get_lc_collate                           - Undefined Weak Reference
    _get_lc_ctype                             - Undefined Weak Reference
    _get_lc_monetary                          - Undefined Weak Reference
    _get_lc_time                              - Undefined Weak Reference
    _getenv_init                              - Undefined Weak Reference
    _handle_redirection                       - Undefined Weak Reference
    _init_alloc                               - Undefined Weak Reference
    _init_user_alloc                          - Undefined Weak Reference
    _initio                                   - Undefined Weak Reference
    _printf_post_padding                      - Undefined Weak Reference
    _printf_pre_padding                       - Undefined Weak Reference
    _rand_init                                - Undefined Weak Reference
    _signal_finish                            - Undefined Weak Reference
    _signal_init                              - Undefined Weak Reference
    _terminate_alloc                          - Undefined Weak Reference
    _terminate_user_alloc                     - Undefined Weak Reference
    _terminateio                              - Undefined Weak Reference
    __Vectors_Size                           0x000000ec   Number         0  startup_stm32f10x_md.o ABSOLUTE
    __Vectors                                0x08000000   Data           4  startup_stm32f10x_md.o(RESET)
    __Vectors_End                            0x080000ec   Data           0  startup_stm32f10x_md.o(RESET)
    __main                                   0x080000ed   Thumb Code     8  __main.o(!!!main)
    __scatterload                            0x080000f5   Thumb Code     0  __scatter.o(!!!scatter)
    __scatterload_rt2                        0x080000f5   Thumb Code    44  __scatter.o(!!!scatter)
    __scatterload_rt2_thumb_only             0x080000f5   Thumb Code     0  __scatter.o(!!!scatter)
    __scatterload_null                       0x08000103   Thumb Code     0  __scatter.o(!!!scatter)
    __scatterload_copy                       0x08000129   Thumb Code    26  __scatter_copy.o(!!handler_copy)
    __scatterload_zeroinit                   0x08000145   Thumb Code    28  __scatter_zi.o(!!handler_zi)
    _printf_f                                0x08000161   Thumb Code     0  _printf_f.o(.ARM.Collect$$_printf_percent$$00000003)
    _printf_percent                          0x08000161   Thumb Code     0  _printf_percent.o(.ARM.Collect$$_printf_percent$$00000000)
    _printf_percent_end                      0x08000167   Thumb Code     0  _printf_percent_end.o(.ARM.Collect$$_printf_percent$$00000017)
    __rt_lib_init                            0x0800016b   Thumb Code     0  libinit.o(.ARM.Collect$$libinit$$00000000)
    __rt_lib_init_fp_1                       0x0800016d   Thumb Code     0  libinit2.o(.ARM.Collect$$libinit$$00000002)
    __rt_lib_init_heap_1                     0x0800016d   Thumb Code     0  libinit2.o(.ARM.Collect$$libinit$$0000000A)
    __rt_lib_init_lc_common                  0x0800016d   Thumb Code     0  libinit2.o(.ARM.Collect$$libinit$$0000000F)
    __rt_lib_init_preinit_1                  0x0800016d   Thumb Code     0  libinit2.o(.ARM.Collect$$libinit$$00000004)
    __rt_lib_init_rand_1                     0x0800016d   Thumb Code     0  libinit2.o(.ARM.Collect$$libinit$$0000000E)
    __rt_lib_init_user_alloc_1               0x0800016d   Thumb Code     0  libinit2.o(.ARM.Collect$$libinit$$0000000C)
    __rt_lib_init_lc_collate_1               0x08000173   Thumb Code     0  libinit2.o(.ARM.Collect$$libinit$$00000011)
    __rt_lib_init_lc_ctype_1                 0x08000173   Thumb Code     0  libinit2.o(.ARM.Collect$$libinit$$00000013)
    __rt_lib_init_lc_monetary_1              0x08000173   Thumb Code     0  libinit2.o(.ARM.Collect$$libinit$$00000015)
    __rt_lib_init_lc_numeric_2               0x08000173   Thumb Code     0  libinit2.o(.ARM.Collect$$libinit$$00000016)
    __rt_lib_init_alloca_1                   0x0800017d   Thumb Code     0  libinit2.o(.ARM.Collect$$libinit$$0000002E)
    __rt_lib_init_argv_1                     0x0800017d   Thumb Code     0  libinit2.o(.ARM.Collect$$libinit$$0000002C)
    __rt_lib_init_atexit_1                   0x0800017d   Thumb Code     0  libinit2.o(.ARM.Collect$$libinit$$0000001B)
    __rt_lib_init_clock_1                    0x0800017d   Thumb Code     0  libinit2.o(.ARM.Collect$$libinit$$00000021)
    __rt_lib_init_cpp_1                      0x0800017d   Thumb Code     0  libinit2.o(.ARM.Collect$$libinit$$00000032)
    __rt_lib_init_exceptions_1               0x0800017d   Thumb Code     0  libinit2.o(.ARM.Collect$$libinit$$00000030)
    __rt_lib_init_fp_trap_1                  0x0800017d   Thumb Code     0  libinit2.o(.ARM.Collect$$libinit$$0000001F)
    __rt_lib_init_getenv_1                   0x0800017d   Thumb Code     0  libinit2.o(.ARM.Collect$$libinit$$00000023)
    __rt_lib_init_lc_numeric_1               0x0800017d   Thumb Code     0  libinit2.o(.ARM.Collect$$libinit$$00000017)
    __rt_lib_init_lc_time_1                  0x0800017d   Thumb Code     0  libinit2.o(.ARM.Collect$$libinit$$00000019)
    __rt_lib_init_return                     0x0800017d   Thumb Code     0  libinit2.o(.ARM.Collect$$libinit$$00000033)
    __rt_lib_init_signal_1                   0x0800017d   Thumb Code     0  libinit2.o(.ARM.Collect$$libinit$$0000001D)
    __rt_lib_init_stdio_1                    0x0800017d   Thumb Code     0  libinit2.o(.ARM.Collect$$libinit$$00000025)
    __rt_lib_shutdown                        0x0800017f   Thumb Code     0  libshutdown.o(.ARM.Collect$$libshutdown$$00000000)
    __rt_lib_shutdown_cpp_1                  0x08000181   Thumb Code     0  libshutdown2.o(.ARM.Collect$$libshutdown$$00000002)
    __rt_lib_shutdown_fp_trap_1              0x08000181   Thumb Code     0  libshutdown2.o(.ARM.Collect$$libshutdown$$00000007)
    __rt_lib_shutdown_heap_1                 0x08000181   Thumb Code     0  libshutdown2.o(.ARM.Collect$$libshutdown$$0000000F)
    __rt_lib_shutdown_return                 0x08000181   Thumb Code     0  libshutdown2.o(.ARM.Collect$$libshutdown$$00000010)
    __rt_lib_shutdown_signal_1               0x08000181   Thumb Code     0  libshutdown2.o(.ARM.Collect$$libshutdown$$0000000A)
    __rt_lib_shutdown_stdio_1                0x08000181   Thumb Code     0  libshutdown2.o(.ARM.Collect$$libshutdown$$00000004)
    __rt_lib_shutdown_user_alloc_1           0x08000181   Thumb Code     0  libshutdown2.o(.ARM.Collect$$libshutdown$$0000000C)
    __rt_entry                               0x08000183   Thumb Code     0  __rtentry.o(.ARM.Collect$$rtentry$$00000000)
    __rt_entry_presh_1                       0x08000183   Thumb Code     0  __rtentry2.o(.ARM.Collect$$rtentry$$00000002)
    __rt_entry_sh                            0x08000183   Thumb Code     0  __rtentry4.o(.ARM.Collect$$rtentry$$00000004)
    __rt_entry_li                            0x08000189   Thumb Code     0  __rtentry2.o(.ARM.Collect$$rtentry$$0000000A)
    __rt_entry_postsh_1                      0x08000189   Thumb Code     0  __rtentry2.o(.ARM.Collect$$rtentry$$00000009)
    __rt_entry_main                          0x0800018d   Thumb Code     0  __rtentry2.o(.ARM.Collect$$rtentry$$0000000D)
    __rt_entry_postli_1                      0x0800018d   Thumb Code     0  __rtentry2.o(.ARM.Collect$$rtentry$$0000000C)
    __rt_exit                                0x08000195   Thumb Code     0  rtexit.o(.ARM.Collect$$rtexit$$00000000)
    __rt_exit_ls                             0x08000197   Thumb Code     0  rtexit2.o(.ARM.Collect$$rtexit$$00000003)
    __rt_exit_prels_1                        0x08000197   Thumb Code     0  rtexit2.o(.ARM.Collect$$rtexit$$00000002)
    __rt_exit_exit                           0x0800019b   Thumb Code     0  rtexit2.o(.ARM.Collect$$rtexit$$00000004)
    Reset_Handler                            0x080001a1   Thumb Code     8  startup_stm32f10x_md.o(.text)
    ADC1_2_IRQHandler                        0x080001bb   Thumb Code     0  startup_stm32f10x_md.o(.text)
    CAN1_RX1_IRQHandler                      0x080001bb   Thumb Code     0  startup_stm32f10x_md.o(.text)
    CAN1_SCE_IRQHandler                      0x080001bb   Thumb Code     0  startup_stm32f10x_md.o(.text)
    DMA1_Channel1_IRQHandler                 0x080001bb   Thumb Code     0  startup_stm32f10x_md.o(.text)
    DMA1_Channel2_IRQHandler                 0x080001bb   Thumb Code     0  startup_stm32f10x_md.o(.text)
    DMA1_Channel3_IRQHandler                 0x080001bb   Thumb Code     0  startup_stm32f10x_md.o(.text)
    DMA1_Channel4_IRQHandler                 0x080001bb   Thumb Code     0  startup_stm32f10x_md.o(.text)
    DMA1_Channel5_IRQHandler                 0x080001bb   Thumb Code     0  startup_stm32f10x_md.o(.text)
    DMA1_Channel6_IRQHandler                 0x080001bb   Thumb Code     0  startup_stm32f10x_md.o(.text)
    DMA1_Channel7_IRQHandler                 0x080001bb   Thumb Code     0  startup_stm32f10x_md.o(.text)
    EXTI0_IRQHandler                         0x080001bb   Thumb Code     0  startup_stm32f10x_md.o(.text)
    EXTI15_10_IRQHandler                     0x080001bb   Thumb Code     0  startup_stm32f10x_md.o(.text)
    EXTI1_IRQHandler                         0x080001bb   Thumb Code     0  startup_stm32f10x_md.o(.text)
    EXTI2_IRQHandler                         0x080001bb   Thumb Code     0  startup_stm32f10x_md.o(.text)
    EXTI3_IRQHandler                         0x080001bb   Thumb Code     0  startup_stm32f10x_md.o(.text)
    EXTI4_IRQHandler                         0x080001bb   Thumb Code     0  startup_stm32f10x_md.o(.text)
    FLASH_IRQHandler                         0x080001bb   Thumb Code     0  startup_stm32f10x_md.o(.text)
    I2C1_ER_IRQHandler                       0x080001bb   Thumb Code     0  startup_stm32f10x_md.o(.text)
    I2C1_EV_IRQHandler                       0x080001bb   Thumb Code     0  startup_stm32f10x_md.o(.text)
    I2C2_ER_IRQHandler                       0x080001bb   Thumb Code     0  startup_stm32f10x_md.o(.text)
    I2C2_EV_IRQHandler                       0x080001bb   Thumb Code     0  startup_stm32f10x_md.o(.text)
    PVD_IRQHandler                           0x080001bb   Thumb Code     0  startup_stm32f10x_md.o(.text)
    RCC_IRQHandler                           0x080001bb   Thumb Code     0  startup_stm32f10x_md.o(.text)
    RTCAlarm_IRQHandler                      0x080001bb   Thumb Code     0  startup_stm32f10x_md.o(.text)
    SPI1_IRQHandler                          0x080001bb   Thumb Code     0  startup_stm32f10x_md.o(.text)
    SPI2_IRQHandler                          0x080001bb   Thumb Code     0  startup_stm32f10x_md.o(.text)
    TAMPER_IRQHandler                        0x080001bb   Thumb Code     0  startup_stm32f10x_md.o(.text)
    TIM1_BRK_IRQHandler                      0x080001bb   Thumb Code     0  startup_stm32f10x_md.o(.text)
    TIM1_CC_IRQHandler                       0x080001bb   Thumb Code     0  startup_stm32f10x_md.o(.text)
    TIM1_TRG_COM_IRQHandler                  0x080001bb   Thumb Code     0  startup_stm32f10x_md.o(.text)
    TIM1_UP_IRQHandler                       0x080001bb   Thumb Code     0  startup_stm32f10x_md.o(.text)
    TIM2_IRQHandler                          0x080001bb   Thumb Code     0  startup_stm32f10x_md.o(.text)
    TIM3_IRQHandler                          0x080001bb   Thumb Code     0  startup_stm32f10x_md.o(.text)
    TIM4_IRQHandler                          0x080001bb   Thumb Code     0  startup_stm32f10x_md.o(.text)
    USART2_IRQHandler                        0x080001bb   Thumb Code     0  startup_stm32f10x_md.o(.text)
    USART3_IRQHandler                        0x080001bb   Thumb Code     0  startup_stm32f10x_md.o(.text)
    USBWakeUp_IRQHandler                     0x080001bb   Thumb Code     0  startup_stm32f10x_md.o(.text)
    USB_HP_CAN1_TX_IRQHandler                0x080001bb   Thumb Code     0  startup_stm32f10x_md.o(.text)
    USB_LP_CAN1_RX0_IRQHandler               0x080001bb   Thumb Code     0  startup_stm32f10x_md.o(.text)
    WWDG_IRQHandler                          0x080001bb   Thumb Code     0  startup_stm32f10x_md.o(.text)
    __user_initial_stackheap                 0x080001bd   Thumb Code     0  startup_stm32f10x_md.o(.text)
    __2sprintf                               0x080001e1   Thumb Code    34  noretval__2sprintf.o(.text)
    __printf                                 0x08000209   Thumb Code   270  __printf_wp.o(.text)
    __aeabi_memcpy4                          0x08000317   Thumb Code     0  rt_memcpy_w.o(.text)
    __aeabi_memcpy8                          0x08000317   Thumb Code     0  rt_memcpy_w.o(.text)
    __rt_memcpy_w                            0x08000317   Thumb Code   100  rt_memcpy_w.o(.text)
    _memcpy_lastbytes_aligned                0x0800035f   Thumb Code     0  rt_memcpy_w.o(.text)
    __use_two_region_memory                  0x0800037b   Thumb Code     2  heapauxi.o(.text)
    __rt_heap_escrow$2region                 0x0800037d   Thumb Code     2  heapauxi.o(.text)
    __rt_heap_expand$2region                 0x0800037f   Thumb Code     2  heapauxi.o(.text)
    __lib_sel_fp_printf                      0x08000381   Thumb Code     2  _printf_fp_dec.o(.text)
    _printf_fp_dec_real                      0x0800052f   Thumb Code   620  _printf_fp_dec.o(.text)
    _printf_char_common                      0x080007a7   Thumb Code    32  _printf_char_common.o(.text)
    _sputc                                   0x080007cd   Thumb Code    10  _sputc.o(.text)
    __rt_locale                              0x080007d9   Thumb Code     8  rt_locale_intlibspace.o(.text)
    _ll_udiv10                               0x080007e1   Thumb Code   138  lludiv10.o(.text)
    _printf_fp_infnan                        0x0800086d   Thumb Code   112  _printf_fp_infnan.o(.text)
    _btod_etento                             0x080008ed   Thumb Code   216  bigflt0.o(.text)
    __user_libspace                          0x080009c9   Thumb Code     8  libspace.o(.text)
    __user_perproc_libspace                  0x080009c9   Thumb Code     0  libspace.o(.text)
    __user_perthread_libspace                0x080009c9   Thumb Code     0  libspace.o(.text)
    __user_setup_stackheap                   0x080009d1   Thumb Code    74  sys_stackheap_outer.o(.text)
    exit                                     0x08000a1b   Thumb Code    18  exit.o(.text)
    strcmp                                   0x08000a2d   Thumb Code   128  strcmpv7m.o(.text)
    _sys_exit                                0x08000aad   Thumb Code     8  sys_exit.o(.text)
    __I$use$semihosting                      0x08000ab9   Thumb Code     0  use_no_semi.o(.text)
    __use_no_semihosting_swi                 0x08000ab9   Thumb Code     2  use_no_semi.o(.text)
    __semihosting_library_function           0x08000abb   Thumb Code     0  indicate_semi.o(.text)
    _btod_d2e                                0x08000abb   Thumb Code    62  btod.o(CL$$btod_d2e)
    _d2e_denorm_low                          0x08000af9   Thumb Code    70  btod.o(CL$$btod_d2e_denorm_low)
    _d2e_norm_op1                            0x08000b3f   Thumb Code    96  btod.o(CL$$btod_d2e_norm_op1)
    __btod_div_common                        0x08000b9f   Thumb Code   696  btod.o(CL$$btod_div_common)
    _e2e                                     0x08000ed7   Thumb Code   198  btod.o(CL$$btod_e2e)
    _btod_ediv                               0x08000f9d   Thumb Code    40  btod.o(CL$$btod_ediv)
    _btod_emul                               0x08000fc5   Thumb Code    40  btod.o(CL$$btod_emul)
    __btod_mult_common                       0x08000fed   Thumb Code   580  btod.o(CL$$btod_mult_common)
    BusFault_Handler                         0x08001231   Thumb Code     4  stm32f10x_it.o(i.BusFault_Handler)
    DebugMon_Handler                         0x08001235   Thumb Code     2  stm32f10x_it.o(i.DebugMon_Handler)
    Delay                                    0x08001237   Thumb Code    18  nrf24l01.o(i.Delay)
    EXTI9_5_IRQHandler                       0x08001249   Thumb Code    56  eint.o(i.EXTI9_5_IRQHandler)
    EXTI_ClearITPendingBit                   0x08001289   Thumb Code     6  stm32f10x_exti.o(i.EXTI_ClearITPendingBit)
    EXTI_GetITStatus                         0x08001295   Thumb Code    34  stm32f10x_exti.o(i.EXTI_GetITStatus)
    GPIO_Init                                0x080012bd   Thumb Code   278  stm32f10x_gpio.o(i.GPIO_Init)
    GPIO_ReadInputDataBit                    0x080013d3   Thumb Code    18  stm32f10x_gpio.o(i.GPIO_ReadInputDataBit)
    GPIO_ResetBits                           0x080013e5   Thumb Code     4  stm32f10x_gpio.o(i.GPIO_ResetBits)
    GPIO_SetBits                             0x080013e9   Thumb Code     4  stm32f10x_gpio.o(i.GPIO_SetBits)
    HardFault_Handler                        0x080013ed   Thumb Code     4  stm32f10x_it.o(i.HardFault_Handler)
    IIC_Init                                 0x080013f1   Thumb Code    82  gpio_iic.o(i.IIC_Init)
    IIC_Sda_In                               0x0800145d   Thumb Code    12  gpio_iic.o(i.IIC_Sda_In)
    IIC_Sda_Out                              0x08001471   Thumb Code    12  gpio_iic.o(i.IIC_Sda_Out)
    IIC_Send_Byte                            0x08001485   Thumb Code    70  gpio_iic.o(i.IIC_Send_Byte)
    IIC_Start                                0x080014d5   Thumb Code    46  gpio_iic.o(i.IIC_Start)
    IIC_Stop                                 0x0800150d   Thumb Code    50  gpio_iic.o(i.IIC_Stop)
    IIC_Wait_Ack                             0x08001549   Thumb Code    68  gpio_iic.o(i.IIC_Wait_Ack)
    MemManage_Handler                        0x08001595   Thumb Code     4  stm32f10x_it.o(i.MemManage_Handler)
    NMI_Handler                              0x08001599   Thumb Code     2  stm32f10x_it.o(i.NMI_Handler)
    NRF_Check                                0x0800159d   Thumb Code    68  nrf24l01.o(i.NRF_Check)
    NRF_RX_Mode                              0x080015e9   Thumb Code   210  nrf24l01.o(i.NRF_RX_Mode)
    NRF_Rx_Dat                               0x080016c1   Thumb Code    84  nrf24l01.o(i.NRF_Rx_Dat)
    OLED_Clear                               0x0800171d   Thumb Code    64  oled.o(i.OLED_Clear)
    OLED_Init                                0x0800175d   Thumb Code   232  oled.o(i.OLED_Init)
    OLED_Set_Pos                             0x08001845   Thumb Code    42  oled.o(i.OLED_Set_Pos)
    OLED_ShowChar                            0x08001871   Thumb Code   154  oled.o(i.OLED_ShowChar)
    OLED_ShowNum                             0x08001915   Thumb Code   136  oled.o(i.OLED_ShowNum)
    OLED_ShowString                          0x0800199d   Thumb Code    58  oled.o(i.OLED_ShowString)
    OLED_WR_Byte                             0x080019d7   Thumb Code    24  oled.o(i.OLED_WR_Byte)
    PendSV_Handler                           0x080019ef   Thumb Code     2  stm32f10x_it.o(i.PendSV_Handler)
    RCC_APB2PeriphClockCmd                   0x080019f1   Thumb Code    26  stm32f10x_rcc.o(i.RCC_APB2PeriphClockCmd)
    RTC_ClearITPendingBit                    0x08001a11   Thumb Code    12  stm32f10x_rtc.o(i.RTC_ClearITPendingBit)
    RTC_GetCounter                           0x08001a21   Thumb Code    16  stm32f10x_rtc.o(i.RTC_GetCounter)
    RTC_GetITStatus                          0x08001a35   Thumb Code    32  stm32f10x_rtc.o(i.RTC_GetITStatus)
    RTC_IRQHandler                           0x08001a59   Thumb Code    26  rtc.o(i.RTC_IRQHandler)
    SPI2_For_Nrf24l01                        0x08001a79   Thumb Code   170  nrf24l01.o(i.SPI2_For_Nrf24l01)
    SPI_NRF_Init                             0x08001b2d   Thumb Code    16  nrf24l01.o(i.SPI_NRF_Init)
    SPI_NRF_RW                               0x08001b41   Thumb Code    82  nrf24l01.o(i.SPI_NRF_RW)
    SPI_NRF_ReadBuf                          0x08001b99   Thumb Code    68  nrf24l01.o(i.SPI_NRF_ReadBuf)
    SPI_NRF_ReadReg                          0x08001be1   Thumb Code    46  nrf24l01.o(i.SPI_NRF_ReadReg)
    SPI_NRF_WriteBuf                         0x08001c15   Thumb Code    68  nrf24l01.o(i.SPI_NRF_WriteBuf)
    SPI_NRF_WriteReg                         0x08001c5d   Thumb Code    48  nrf24l01.o(i.SPI_NRF_WriteReg)
    SVC_Handler                              0x08001c91   Thumb Code     2  stm32f10x_it.o(i.SVC_Handler)
    SysTick_CLKSourceConfig                  0x08001d7d   Thumb Code    40  misc.o(i.SysTick_CLKSourceConfig)
    SysTick_Handler                          0x08001da5   Thumb Code     2  stm32f10x_it.o(i.SysTick_Handler)
    SystemInit                               0x08001da9   Thumb Code    78  system_stm32f10x.o(i.SystemInit)
    USART1_IRQHandler                        0x08001e09   Thumb Code    44  usart1.o(i.USART1_IRQHandler)
    USART_ClearITPendingBit                  0x08001e3d   Thumb Code    30  stm32f10x_usart.o(i.USART_ClearITPendingBit)
    USART_GetITStatus                        0x08001e5b   Thumb Code    84  stm32f10x_usart.o(i.USART_GetITStatus)
    USART_ReceiveData                        0x08001eaf   Thumb Code    10  stm32f10x_usart.o(i.USART_ReceiveData)
    UsageFault_Handler                       0x08001eb9   Thumb Code     4  stm32f10x_it.o(i.UsageFault_Handler)
    Write_IIC_Command                        0x08001ebd   Thumb Code    44  oled.o(i.Write_IIC_Command)
    Write_IIC_Data                           0x08001ee9   Thumb Code    44  oled.o(i.Write_IIC_Data)
    __ARM_fpclassify                         0x08001f15   Thumb Code    40  fpclassify.o(i.__ARM_fpclassify)
    _is_digit                                0x08001f3d   Thumb Code    14  __printf_wp.o(i._is_digit)
    conv_time                                0x08001f4d   Thumb Code   224  rtc.o(i.conv_time)
    delay_init                               0x08002035   Thumb Code    42  delay.o(i.delay_init)
    delay_ms                                 0x08002069   Thumb Code    56  delay.o(i.delay_ms)
    delay_us                                 0x080020a1   Thumb Code    72  delay.o(i.delay_us)
    delay_xms                                0x080020ed   Thumb Code    72  delay.o(i.delay_xms)
    led_init                                 0x0800216d   Thumb Code    56  led.o(i.led_init)
    led_on                                   0x080021b1   Thumb Code    44  led.o(i.led_on)
    main                                     0x080021e1   Thumb Code   326  main.o(i.main)
    oled_pow                                 0x08002395   Thumb Code    22  oled.o(i.oled_pow)
    _get_lc_numeric                          0x080023ad   Thumb Code    44  lc_numeric_c.o(locale$$code)
    __fpl_dretinf                            0x080023d9   Thumb Code    12  dretinf.o(x$fpl$dretinf)
    __aeabi_f2d                              0x080023e5   Thumb Code     0  f2d.o(x$fpl$f2d)
    _f2d                                     0x080023e5   Thumb Code    86  f2d.o(x$fpl$f2d)
    __fpl_fnaninf                            0x0800243b   Thumb Code   140  fnaninf.o(x$fpl$fnaninf)
    _printf_fp_dec                           0x080024c7   Thumb Code     4  printf1.o(x$fpl$printf1)
    F6x8                                     0x080024ca   Data         552  oled.o(.constdata)
    __I$use$fp                               0x080024ca   Number         0  usenofp.o(x$fpl$usenofp)
    F8X16                                    0x080026f2   Data        1520  oled.o(.constdata)
    monthTable                               0x08002ce2   Data          12  rtc.o(.constdata)
    Region$$Table$$Base                      0x08002da0   Number         0  anon$$obj.o(Region$$Table)
    Region$$Table$$Limit                     0x08002dc0   Number         0  anon$$obj.o(Region$$Table)
    e_h0                                     0x20000004   Data           4  eint.o(.data)
    e_h1                                     0x20000008   Data           4  eint.o(.data)
    u1_h                                     0x2000000c   Data           4  usart1.o(.data)
    GPIO_InitForSCL                          0x20000010   Data           4  gpio_iic.o(.data)
    GPIO_InitForSDAOut                       0x20000014   Data           4  gpio_iic.o(.data)
    GPIO_InitForSDAIn                        0x20000018   Data           4  gpio_iic.o(.data)
    __libspace_start                         0x20000038   Data          96  libspace.o(.bss)
    __temporary_stack_top$libspace           0x20000098   Data           0  libspace.o(.bss)



==============================================================================

Memory Map of the image

  Image Entry point : 0x080001a1

  Load Region LR_1 (Base: 0x08000000, Size: 0x00002df8, Max: 0xffffffff, ABSOLUTE)

    Execution Region ER_RO (Base: 0x08000000, Size: 0x00002ddc, Max: 0xffffffff, ABSOLUTE)

    Base Addr    Size         Type   Attr      Idx    E Section Name        Object

    0x08000000   0x000000ec   Data   RO           19    RESET               startup_stm32f10x_md.o
    0x080000ec   0x00000008   Code   RO         2154  * !!!main             c_w.l(__main.o)
    0x080000f4   0x00000034   Code   RO         2392    !!!scatter          c_w.l(__scatter.o)
    0x08000128   0x0000001a   Code   RO         2394    !!handler_copy      c_w.l(__scatter_copy.o)
    0x08000142   0x00000002   PAD
    0x08000144   0x0000001c   Code   RO         2396    !!handler_zi        c_w.l(__scatter_zi.o)
    0x08000160   0x00000000   Code   RO         2149    .ARM.Collect$$_printf_percent$$00000000  c_w.l(_printf_percent.o)
    0x08000160   0x00000006   Code   RO         2148    .ARM.Collect$$_printf_percent$$00000003  c_w.l(_printf_f.o)
    0x08000166   0x00000004   Code   RO         2185    .ARM.Collect$$_printf_percent$$00000017  c_w.l(_printf_percent_end.o)
    0x0800016a   0x00000002   Code   RO         2265    .ARM.Collect$$libinit$$00000000  c_w.l(libinit.o)
    0x0800016c   0x00000000   Code   RO         2267    .ARM.Collect$$libinit$$00000002  c_w.l(libinit2.o)
    0x0800016c   0x00000000   Code   RO         2269    .ARM.Collect$$libinit$$00000004  c_w.l(libinit2.o)
    0x0800016c   0x00000000   Code   RO         2272    .ARM.Collect$$libinit$$0000000A  c_w.l(libinit2.o)
    0x0800016c   0x00000000   Code   RO         2274    .ARM.Collect$$libinit$$0000000C  c_w.l(libinit2.o)
    0x0800016c   0x00000000   Code   RO         2276    .ARM.Collect$$libinit$$0000000E  c_w.l(libinit2.o)
    0x0800016c   0x00000006   Code   RO         2277    .ARM.Collect$$libinit$$0000000F  c_w.l(libinit2.o)
    0x08000172   0x00000000   Code   RO         2279    .ARM.Collect$$libinit$$00000011  c_w.l(libinit2.o)
    0x08000172   0x00000000   Code   RO         2281    .ARM.Collect$$libinit$$00000013  c_w.l(libinit2.o)
    0x08000172   0x00000000   Code   RO         2283    .ARM.Collect$$libinit$$00000015  c_w.l(libinit2.o)
    0x08000172   0x0000000a   Code   RO         2284    .ARM.Collect$$libinit$$00000016  c_w.l(libinit2.o)
    0x0800017c   0x00000000   Code   RO         2285    .ARM.Collect$$libinit$$00000017  c_w.l(libinit2.o)
    0x0800017c   0x00000000   Code   RO         2287    .ARM.Collect$$libinit$$00000019  c_w.l(libinit2.o)
    0x0800017c   0x00000000   Code   RO         2289    .ARM.Collect$$libinit$$0000001B  c_w.l(libinit2.o)
    0x0800017c   0x00000000   Code   RO         2291    .ARM.Collect$$libinit$$0000001D  c_w.l(libinit2.o)
    0x0800017c   0x00000000   Code   RO         2293    .ARM.Collect$$libinit$$0000001F  c_w.l(libinit2.o)
    0x0800017c   0x00000000   Code   RO         2295    .ARM.Collect$$libinit$$00000021  c_w.l(libinit2.o)
    0x0800017c   0x00000000   Code   RO         2297    .ARM.Collect$$libinit$$00000023  c_w.l(libinit2.o)
    0x0800017c   0x00000000   Code   RO         2299    .ARM.Collect$$libinit$$00000025  c_w.l(libinit2.o)
    0x0800017c   0x00000000   Code   RO         2303    .ARM.Collect$$libinit$$0000002C  c_w.l(libinit2.o)
    0x0800017c   0x00000000   Code   RO         2305    .ARM.Collect$$libinit$$0000002E  c_w.l(libinit2.o)
    0x0800017c   0x00000000   Code   RO         2307    .ARM.Collect$$libinit$$00000030  c_w.l(libinit2.o)
    0x0800017c   0x00000000   Code   RO         2309    .ARM.Collect$$libinit$$00000032  c_w.l(libinit2.o)
    0x0800017c   0x00000002   Code   RO         2310    .ARM.Collect$$libinit$$00000033  c_w.l(libinit2.o)
    0x0800017e   0x00000002   Code   RO         2340    .ARM.Collect$$libshutdown$$00000000  c_w.l(libshutdown.o)
    0x08000180   0x00000000   Code   RO         2351    .ARM.Collect$$libshutdown$$00000002  c_w.l(libshutdown2.o)
    0x08000180   0x00000000   Code   RO         2353    .ARM.Collect$$libshutdown$$00000004  c_w.l(libshutdown2.o)
    0x08000180   0x00000000   Code   RO         2356    .ARM.Collect$$libshutdown$$00000007  c_w.l(libshutdown2.o)
    0x08000180   0x00000000   Code   RO         2359    .ARM.Collect$$libshutdown$$0000000A  c_w.l(libshutdown2.o)
    0x08000180   0x00000000   Code   RO         2361    .ARM.Collect$$libshutdown$$0000000C  c_w.l(libshutdown2.o)
    0x08000180   0x00000000   Code   RO         2364    .ARM.Collect$$libshutdown$$0000000F  c_w.l(libshutdown2.o)
    0x08000180   0x00000002   Code   RO         2365    .ARM.Collect$$libshutdown$$00000010  c_w.l(libshutdown2.o)
    0x08000182   0x00000000   Code   RO         2178    .ARM.Collect$$rtentry$$00000000  c_w.l(__rtentry.o)
    0x08000182   0x00000000   Code   RO         2194    .ARM.Collect$$rtentry$$00000002  c_w.l(__rtentry2.o)
    0x08000182   0x00000006   Code   RO         2206    .ARM.Collect$$rtentry$$00000004  c_w.l(__rtentry4.o)
    0x08000188   0x00000000   Code   RO         2196    .ARM.Collect$$rtentry$$00000009  c_w.l(__rtentry2.o)
    0x08000188   0x00000004   Code   RO         2197    .ARM.Collect$$rtentry$$0000000A  c_w.l(__rtentry2.o)
    0x0800018c   0x00000000   Code   RO         2199    .ARM.Collect$$rtentry$$0000000C  c_w.l(__rtentry2.o)
    0x0800018c   0x00000008   Code   RO         2200    .ARM.Collect$$rtentry$$0000000D  c_w.l(__rtentry2.o)
    0x08000194   0x00000002   Code   RO         2311    .ARM.Collect$$rtexit$$00000000  c_w.l(rtexit.o)
    0x08000196   0x00000000   Code   RO         2318    .ARM.Collect$$rtexit$$00000002  c_w.l(rtexit2.o)
    0x08000196   0x00000004   Code   RO         2319    .ARM.Collect$$rtexit$$00000003  c_w.l(rtexit2.o)
    0x0800019a   0x00000006   Code   RO         2320    .ARM.Collect$$rtexit$$00000004  c_w.l(rtexit2.o)
    0x080001a0   0x00000040   Code   RO           20  * .text               startup_stm32f10x_md.o
    0x080001e0   0x00000028   Code   RO         2124    .text               c_w.l(noretval__2sprintf.o)
    0x08000208   0x0000010e   Code   RO         2136    .text               c_w.l(__printf_wp.o)
    0x08000316   0x00000064   Code   RO         2150    .text               c_w.l(rt_memcpy_w.o)
    0x0800037a   0x00000006   Code   RO         2152    .text               c_w.l(heapauxi.o)
    0x08000380   0x0000041a   Code   RO         2179    .text               c_w.l(_printf_fp_dec.o)
    0x0800079a   0x00000002   PAD
    0x0800079c   0x00000030   Code   RO         2181    .text               c_w.l(_printf_char_common.o)
    0x080007cc   0x0000000a   Code   RO         2183    .text               c_w.l(_sputc.o)
    0x080007d6   0x00000002   PAD
    0x080007d8   0x00000008   Code   RO         2211    .text               c_w.l(rt_locale_intlibspace.o)
    0x080007e0   0x0000008a   Code   RO         2213    .text               c_w.l(lludiv10.o)
    0x0800086a   0x00000002   PAD
    0x0800086c   0x00000080   Code   RO         2215    .text               c_w.l(_printf_fp_infnan.o)
    0x080008ec   0x000000dc   Code   RO         2219    .text               c_w.l(bigflt0.o)
    0x080009c8   0x00000008   Code   RO         2251    .text               c_w.l(libspace.o)
    0x080009d0   0x0000004a   Code   RO         2254    .text               c_w.l(sys_stackheap_outer.o)
    0x08000a1a   0x00000012   Code   RO         2256    .text               c_w.l(exit.o)
    0x08000a2c   0x00000080   Code   RO         2258    .text               c_w.l(strcmpv7m.o)
    0x08000aac   0x0000000c   Code   RO         2330    .text               c_w.l(sys_exit.o)
    0x08000ab8   0x00000002   Code   RO         2341    .text               c_w.l(use_no_semi.o)
    0x08000aba   0x00000000   Code   RO         2343    .text               c_w.l(indicate_semi.o)
    0x08000aba   0x0000003e   Code   RO         2222    CL$$btod_d2e        c_w.l(btod.o)
    0x08000af8   0x00000046   Code   RO         2224    CL$$btod_d2e_denorm_low  c_w.l(btod.o)
    0x08000b3e   0x00000060   Code   RO         2223    CL$$btod_d2e_norm_op1  c_w.l(btod.o)
    0x08000b9e   0x00000338   Code   RO         2232    CL$$btod_div_common  c_w.l(btod.o)
    0x08000ed6   0x000000c6   Code   RO         2229    CL$$btod_e2e        c_w.l(btod.o)
    0x08000f9c   0x00000028   Code   RO         2226    CL$$btod_ediv       c_w.l(btod.o)
    0x08000fc4   0x00000028   Code   RO         2225    CL$$btod_emul       c_w.l(btod.o)
    0x08000fec   0x00000244   Code   RO         2231    CL$$btod_mult_common  c_w.l(btod.o)
    0x08001230   0x00000004   Code   RO         2023    i.BusFault_Handler  stm32f10x_it.o
    0x08001234   0x00000002   Code   RO         2024    i.DebugMon_Handler  stm32f10x_it.o
    0x08001236   0x00000012   Code   RO         1913    i.Delay             nrf24l01.o
    0x08001248   0x00000040   Code   RO         1296    i.EXTI9_5_IRQHandler  eint.o
    0x08001288   0x0000000c   Code   RO          458    i.EXTI_ClearITPendingBit  stm32f10x_exti.o
    0x08001294   0x00000028   Code   RO          462    i.EXTI_GetITStatus  stm32f10x_exti.o
    0x080012bc   0x00000116   Code   RO           30    i.GPIO_Init         stm32f10x_gpio.o
    0x080013d2   0x00000012   Code   RO           34    i.GPIO_ReadInputDataBit  stm32f10x_gpio.o
    0x080013e4   0x00000004   Code   RO           37    i.GPIO_ResetBits    stm32f10x_gpio.o
    0x080013e8   0x00000004   Code   RO           38    i.GPIO_SetBits      stm32f10x_gpio.o
    0x080013ec   0x00000004   Code   RO         2025    i.HardFault_Handler  stm32f10x_it.o
    0x080013f0   0x0000006c   Code   RO         1623    i.IIC_Init          gpio_iic.o
    0x0800145c   0x00000014   Code   RO         1626    i.IIC_Sda_In        gpio_iic.o
    0x08001470   0x00000014   Code   RO         1627    i.IIC_Sda_Out       gpio_iic.o
    0x08001484   0x00000050   Code   RO         1628    i.IIC_Send_Byte     gpio_iic.o
    0x080014d4   0x00000038   Code   RO         1629    i.IIC_Start         gpio_iic.o
    0x0800150c   0x0000003c   Code   RO         1630    i.IIC_Stop          gpio_iic.o
    0x08001548   0x0000004c   Code   RO         1631    i.IIC_Wait_Ack      gpio_iic.o
    0x08001594   0x00000004   Code   RO         2026    i.MemManage_Handler  stm32f10x_it.o
    0x08001598   0x00000002   Code   RO         2027    i.NMI_Handler       stm32f10x_it.o
    0x0800159a   0x00000002   PAD
    0x0800159c   0x0000004c   Code   RO         1914    i.NRF_Check         nrf24l01.o
    0x080015e8   0x000000d8   Code   RO         1915    i.NRF_RX_Mode       nrf24l01.o
    0x080016c0   0x0000005c   Code   RO         1916    i.NRF_Rx_Dat        nrf24l01.o
    0x0800171c   0x00000040   Code   RO         1443    i.OLED_Clear        oled.o
    0x0800175c   0x000000e8   Code   RO         1447    i.OLED_Init         oled.o
    0x08001844   0x0000002a   Code   RO         1449    i.OLED_Set_Pos      oled.o
    0x0800186e   0x00000002   PAD
    0x08001870   0x000000a4   Code   RO         1451    i.OLED_ShowChar     oled.o
    0x08001914   0x00000088   Code   RO         1453    i.OLED_ShowNum      oled.o
    0x0800199c   0x0000003a   Code   RO         1454    i.OLED_ShowString   oled.o
    0x080019d6   0x00000018   Code   RO         1457    i.OLED_WR_Byte      oled.o
    0x080019ee   0x00000002   Code   RO         2028    i.PendSV_Handler    stm32f10x_it.o
    0x080019f0   0x00000020   Code   RO          225    i.RCC_APB2PeriphClockCmd  stm32f10x_rcc.o
    0x08001a10   0x00000010   Code   RO          956    i.RTC_ClearITPendingBit  stm32f10x_rtc.o
    0x08001a20   0x00000014   Code   RO          959    i.RTC_GetCounter    stm32f10x_rtc.o
    0x08001a34   0x00000024   Code   RO          962    i.RTC_GetITStatus   stm32f10x_rtc.o
    0x08001a58   0x00000020   Code   RO         1819    i.RTC_IRQHandler    rtc.o
    0x08001a78   0x000000b4   Code   RO         1919    i.SPI2_For_Nrf24l01  nrf24l01.o
    0x08001b2c   0x00000014   Code   RO         1920    i.SPI_NRF_Init      nrf24l01.o
    0x08001b40   0x00000058   Code   RO         1921    i.SPI_NRF_RW        nrf24l01.o
    0x08001b98   0x00000048   Code   RO         1922    i.SPI_NRF_ReadBuf   nrf24l01.o
    0x08001be0   0x00000034   Code   RO         1923    i.SPI_NRF_ReadReg   nrf24l01.o
    0x08001c14   0x00000048   Code   RO         1924    i.SPI_NRF_WriteBuf  nrf24l01.o
    0x08001c5c   0x00000034   Code   RO         1925    i.SPI_NRF_WriteReg  nrf24l01.o
    0x08001c90   0x00000002   Code   RO         2029    i.SVC_Handler       stm32f10x_it.o
    0x08001c92   0x00000008   Code   RO         2086    i.SetSysClock       system_stm32f10x.o
    0x08001c9a   0x00000002   PAD
    0x08001c9c   0x000000e0   Code   RO         2087    i.SetSysClockTo72   system_stm32f10x.o
    0x08001d7c   0x00000028   Code   RO          425    i.SysTick_CLKSourceConfig  misc.o
    0x08001da4   0x00000002   Code   RO         2030    i.SysTick_Handler   stm32f10x_it.o
    0x08001da6   0x00000002   PAD
    0x08001da8   0x00000060   Code   RO         2089    i.SystemInit        system_stm32f10x.o
    0x08001e08   0x00000034   Code   RO         1347    i.USART1_IRQHandler  usart1.o
    0x08001e3c   0x0000001e   Code   RO          554    i.USART_ClearITPendingBit  stm32f10x_usart.o
    0x08001e5a   0x00000054   Code   RO          561    i.USART_GetITStatus  stm32f10x_usart.o
    0x08001eae   0x0000000a   Code   RO          571    i.USART_ReceiveData  stm32f10x_usart.o
    0x08001eb8   0x00000004   Code   RO         2031    i.UsageFault_Handler  stm32f10x_it.o
    0x08001ebc   0x0000002c   Code   RO         1459    i.Write_IIC_Command  oled.o
    0x08001ee8   0x0000002c   Code   RO         1460    i.Write_IIC_Data    oled.o
    0x08001f14   0x00000028   Code   RO         2249    i.__ARM_fpclassify  m_ws.l(fpclassify.o)
    0x08001f3c   0x0000000e   Code   RO         2138    i._is_digit         c_w.l(__printf_wp.o)
    0x08001f4a   0x00000002   PAD
    0x08001f4c   0x000000e8   Code   RO         1820    i.conv_time         rtc.o
    0x08002034   0x00000034   Code   RO         1261    i.delay_init        delay.o
    0x08002068   0x00000038   Code   RO         1262    i.delay_ms          delay.o
    0x080020a0   0x0000004c   Code   RO         1263    i.delay_us          delay.o
    0x080020ec   0x0000004c   Code   RO         1264    i.delay_xms         delay.o
    0x08002138   0x00000034   Code   RO         1822    i.isLeapYear        rtc.o
    0x0800216c   0x00000044   Code   RO         1213    i.led_init          led.o
    0x080021b0   0x00000030   Code   RO         1215    i.led_on            led.o
    0x080021e0   0x000001b4   Code   RO         2000    i.main              main.o
    0x08002394   0x00000016   Code   RO         1462    i.oled_pow          oled.o
    0x080023aa   0x00000002   PAD
    0x080023ac   0x0000002c   Code   RO         2245    locale$$code        c_w.l(lc_numeric_c.o)
    0x080023d8   0x0000000c   Code   RO         2188    x$fpl$dretinf       fz_ws.l(dretinf.o)
    0x080023e4   0x00000056   Code   RO         2174    x$fpl$f2d           fz_ws.l(f2d.o)
    0x0800243a   0x0000008c   Code   RO         2190    x$fpl$fnaninf       fz_ws.l(fnaninf.o)
    0x080024c6   0x00000004   Code   RO         2176    x$fpl$printf1       fz_ws.l(printf1.o)
    0x080024ca   0x00000000   Code   RO         2192    x$fpl$usenofp       fz_ws.l(usenofp.o)
    0x080024ca   0x00000818   Data   RO         1463    .constdata          oled.o
    0x08002ce2   0x0000000c   Data   RO         1826    .constdata          rtc.o
    0x08002cee   0x00000002   PAD
    0x08002cf0   0x00000019   Data   RO         2001    .constdata          main.o
    0x08002d09   0x00000003   PAD
    0x08002d0c   0x00000094   Data   RO         2220    .constdata          c_w.l(bigflt0.o)
    0x08002da0   0x00000020   Data   RO         2390    Region$$Table       anon$$obj.o
    0x08002dc0   0x0000001c   Data   RO         2244    locale$$data        c_w.l(lc_numeric_c.o)


    Execution Region ER_RW (Base: 0x20000000, Size: 0x0000001c, Max: 0xffffffff, ABSOLUTE)

    Base Addr    Size         Type   Attr      Idx    E Section Name        Object

    0x20000000   0x00000004   Data   RW         1265    .data               delay.o
    0x20000004   0x00000008   Data   RW         1299    .data               eint.o
    0x2000000c   0x00000004   Data   RW         1353    .data               usart1.o
    0x20000010   0x0000000c   Data   RW         1632    .data               gpio_iic.o


    Execution Region ER_ZI (Base: 0x2000001c, Size: 0x0000067c, Max: 0xffffffff, ABSOLUTE)

    Base Addr    Size         Type   Attr      Idx    E Section Name        Object

    0x2000001c   0x0000001c   Zero   RW         1825    .bss                rtc.o
    0x20000038   0x00000060   Zero   RW         2252    .bss                c_w.l(libspace.o)
    0x20000098   0x00000200   Zero   RW           18    HEAP                startup_stm32f10x_md.o
    0x20000298   0x00000400   Zero   RW           17    STACK               startup_stm32f10x_md.o


==============================================================================

Image component sizes


      Code (inc. data)   RO Data    RW Data    ZI Data      Debug   Object Name

         0          0          0          0          0       4532   core_cm3.o
       260         18          0          4          0       2303   delay.o
        64          8          0          8          0       1049   eint.o
       420         80          0         12          0       3879   gpio_iic.o
       116         16          0          0          0        952   led.o
       436        110         25          0          0        763   main.o
        40          0          0          0          0        510   misc.o
       938         66          0          0          0       8673   nrf24l01.o
       830         10       2072          0          0       7560   oled.o
       316         14         12          0         28       2606   rtc.o
        64         26        236          0       1536        812   startup_stm32f10x_md.o
        52         12          0          0          0       1108   stm32f10x_exti.o
       304          0          0          0          0     219668   stm32f10x_gpio.o
        26          0          0          0          0       3926   stm32f10x_it.o
        32          6          0          0          0        561   stm32f10x_rcc.o
        72         12          0          0          0       1567   stm32f10x_rtc.o
       124          0          0          0          0       3306   stm32f10x_usart.o
       328         28          0          0          0       1897   system_stm32f10x.o
        52          8          0          4          0       1039   usart1.o

    ----------------------------------------------------------------------
      4484        414       2382         28       1564     266711   Object Totals
         0          0         32          0          0          0   (incl. Generated)
        10          0          5          0          0          0   (incl. Padding)

    ----------------------------------------------------------------------

      Code (inc. data)   RO Data    RW Data    ZI Data      Debug   Library Member Name

         8          0          0          0          0         68   __main.o
       284          0          0          0          0        156   __printf_wp.o
         0          0          0          0          0          0   __rtentry.o
        12          0          0          0          0          0   __rtentry2.o
         6          0          0          0          0          0   __rtentry4.o
        52          8          0          0          0          0   __scatter.o
        26          0          0          0          0          0   __scatter_copy.o
        28          0          0          0          0          0   __scatter_zi.o
        48          6          0          0          0         96   _printf_char_common.o
         6          0          0          0          0          0   _printf_f.o
      1050          0          0          0          0        216   _printf_fp_dec.o
       128         16          0          0          0         84   _printf_fp_infnan.o
         0          0          0          0          0          0   _printf_percent.o
         4          0          0          0          0          0   _printf_percent_end.o
        10          0          0          0          0         68   _sputc.o
       220          4        148          0          0         96   bigflt0.o
      1910        128          0          0          0        672   btod.o
        18          0          0          0          0         80   exit.o
         6          0          0          0          0        152   heapauxi.o
         0          0          0          0          0          0   indicate_semi.o
        44         10         28          0          0         76   lc_numeric_c.o
         2          0          0          0          0          0   libinit.o
        18          0          0          0          0          0   libinit2.o
         2          0          0          0          0          0   libshutdown.o
         2          0          0          0          0          0   libshutdown2.o
         8          4          0          0         96         68   libspace.o
       138          0          0          0          0         80   lludiv10.o
        40          6          0          0          0         84   noretval__2sprintf.o
         8          4          0          0          0         68   rt_locale_intlibspace.o
       100          0          0          0          0         80   rt_memcpy_w.o
         2          0          0          0          0          0   rtexit.o
        10          0          0          0          0          0   rtexit2.o
       128          0          0          0          0         68   strcmpv7m.o
        12          4          0          0          0         68   sys_exit.o
        74          0          0          0          0         80   sys_stackheap_outer.o
         2          0          0          0          0         68   use_no_semi.o
        12          0          0          0          0         68   dretinf.o
        86          4          0          0          0         84   f2d.o
       140          4          0          0          0         84   fnaninf.o
         4          0          0          0          0         68   printf1.o
         0          0          0          0          0          0   usenofp.o
        40          0          0          0          0         68   fpclassify.o

    ----------------------------------------------------------------------
      4698        198        176          0         96       2800   Library Totals
        10          0          0          0          0          0   (incl. Padding)

    ----------------------------------------------------------------------

      Code (inc. data)   RO Data    RW Data    ZI Data      Debug   Library Name

      4406        190        176          0         96       2428   c_w.l
       242          8          0          0          0        304   fz_ws.l
        40          0          0          0          0         68   m_ws.l

    ----------------------------------------------------------------------
      4698        198        176          0         96       2800   Library Totals

    ----------------------------------------------------------------------

==============================================================================


      Code (inc. data)   RO Data    RW Data    ZI Data      Debug   

      9182        612       2558         28       1660     264775   Grand Totals
      9182        612       2558         28       1660     264775   ELF Image Totals
      9182        612       2558         28          0          0   ROM Totals

==============================================================================

    Total RO  Size (Code + RO Data)                11740 (  11.46kB)
    Total RW  Size (RW Data + ZI Data)              1688 (   1.65kB)
    Total ROM Size (Code + RO Data + RW Data)      11768 (  11.49kB)

==============================================================================

